/home/runner/work/fin/fin/research/active_v9/data.py:18: UserWarning: Converting to Period representation will drop timezone information.
  x=utc(a).to_period('M').to_timestamp().tz_localize('UTC');e=utc(b)
archives 200/2028
archives 400/2028
archives 600/2028
archives 800/2028
archives 1000/2028
archives 1200/2028
archives 1400/2028
archives 1600/2028
archives 1800/2028
archives 2000/2028
archives 2028/2028
processed 24/144 policies
processed 48/144 policies
processed 72/144 policies
processed 96/144 policies
processed 120/144 policies
processed 144/144 policies
{
  "candidate": "ACTIVE_V389_CRYPTO_RESIDUAL_RESILIENCE",
  "status": "rejected_before_validation",
  "eligible_policy_count": 0,
  "standalone_selection_passed": false,
  "integration_permitted": false,
  "promoted_candidates": [],
  "live_ready": false,
  "real_leverage_authorized": false,
  "profitability_proven": false,
  "selection": {
    "candidate": "ACTIVE_V389_CRYPTO_RESIDUAL_RESILIENCE",
    "selection_cutoff": "2023-12-31T23:59:59Z",
    "selection_uses_2024": false,
    "selection_uses_2025": false,
    "selection_uses_2026": false,
    "program_level_holdout_pristine": false,
    "policy_count": 144,
    "promotable_policy_count": 108,
    "eligible_policy_count": 0,
    "development_gates": {
      "cagr_min": 0.05,
      "sharpe_min": 1.0,
      "max_drawdown_min": -0.15,
      "rebalance_events_min": 24,
      "annual_turnover_max": 20.0,
      "max_realized_gross": 0.7,
      "all_development_years_positive": true,
      "net_long_leg_pnl_positive": true,
      "net_short_leg_pnl_positive": true,
      "symbols_traded_min": 10,
      "top_positive_asset_pnl_share_max": 0.35
    },
    "post_selection_gates": {
      "validation_return_positive": true,
      "holdout_return_positive": true,
      "final_return_positive": true,
      "full_cagr_min": 0.06,
      "full_sharpe_min": 0.8,
      "full_max_drawdown_min": -0.15,
      "severe_full_cagr_positive": true,
      "extreme_full_cagr_positive": true,
      "latency_full_cagr_positive": true,
      "worst_calendar_year_min": -0.1,
      "full_long_leg_pnl_positive": true,
      "full_short_leg_pnl_positive": true,
      "top_positive_asset_pnl_share_max": 0.35,
      "forced_exit_count_max": 4
    },
    "coverage_gate": {
      "candidate": "V269_FIXED_UNIVERSE_DATA_COVERAGE",
      "fixed_universe_size": 13,
      "minimum_price_active_month_share": 0.95,
      "minimum_funding_active_month_share": 0.9,
      "minimum_development_price_months": 34,
      "details": {
        "BTCUSDT": {
          "first_price_month": "2020-01",
          "last_price_month": "2026-06",
          "active_month_count": 78,
          "price_active_month_share": 1.0,
          "funding_active_month_share": 1.0,
          "development_price_months": 36,
          "latest_required": true,
          "latest_present": true,
          "rows": 2373,
          "timestamp_min": "2020-01-01T00:00:00+00:00",
          "timestamp_max": "2026-06-30T00:00:00+00:00",
          "passed": true
        },
        "ETHUSDT": {
          "first_price_month": "2020-01",
          "last_price_month": "2026-06",
          "active_month_count": 78,
          "price_active_month_share": 1.0,
          "funding_active_month_share": 1.0,
          "development_price_months": 36,
          "latest_required": true,
          "latest_present": true,
          "rows": 2373,
          "timestamp_min": "2020-01-01T00:00:00+00:00",
          "timestamp_max": "2026-06-30T00:00:00+00:00",
          "passed": true
        },
        "BNBUSDT": {
          "first_price_month": "2020-02",
          "last_price_month": "2026-06",
          "active_month_count": 77,
          "price_active_month_share": 1.0,
          "funding_active_month_share": 1.0,
          "development_price_months": 36,
          "latest_required": false,
          "latest_present": true,
          "rows": 2333,
          "timestamp_min": "2020-02-10T00:00:00+00:00",
          "timestamp_max": "2026-06-30T00:00:00+00:00",
          "passed": true
        },
        "XRPUSDT": {
          "first_price_month": "2020-01",
          "last_price_month": "2026-06",
          "active_month_count": 78,
          "price_active_month_share": 1.0,
          "funding_active_month_share": 1.0,
          "development_price_months": 36,
          "latest_required": false,
          "latest_present": true,
          "rows": 2363,
          "timestamp_min": "2020-01-06T00:00:00+00:00",
          "timestamp_max": "2026-06-30T00:00:00+00:00",
          "passed": true
        },
        "ADAUSDT": {
          "first_price_month": "2020-01",
          "last_price_month": "2026-06",
          "active_month_count": 78,
          "price_active_month_share": 1.0,
          "funding_active_month_share": 1.0,
          "development_price_months": 36,
          "latest_required": false,
          "latest_present": true,
          "rows": 2343,
          "timestamp_min": "2020-01-31T00:00:00+00:00",
          "timestamp_max": "2026-06-30T00:00:00+00:00",
          "passed": true
        },
        "LTCUSDT": {
          "first_price_month": "2020-01",
          "last_price_month": "2026-06",
          "active_month_count": 78,
          "price_active_month_share": 1.0,
          "funding_active_month_share": 1.0,
          "development_price_months": 36,
          "latest_required": false,
          "latest_present": true,
          "rows": 2360,
          "timestamp_min": "2020-01-09T00:00:00+00:00",
          "timestamp_max": "2026-06-30T00:00:00+00:00",
          "passed": true
        },
        "BCHUSDT": {
          "first_price_month": "2020-01",
          "last_price_month": "2026-06",
          "active_month_count": 78,
          "price_active_month_share": 1.0,
          "funding_active_month_share": 1.0,
          "development_price_months": 36,
          "latest_required": false,
          "latest_present": true,
          "rows": 2373,
          "timestamp_min": "2020-01-01T00:00:00+00:00",
          "timestamp_max": "2026-06-30T00:00:00+00:00",
          "passed": true
        },
        "EOSUSDT": {
          "first_price_month": "2020-01",
          "last_price_month": "2025-05",
          "active_month_count": 65,
          "price_active_month_share": 1.0,
          "funding_active_month_share": 1.0,
          "development_price_months": 36,
          "latest_required": false,
          "latest_present": false,
          "rows": 1961,
          "timestamp_min": "2020-01-08T00:00:00+00:00",
          "timestamp_max": "2025-05-21T00:00:00+00:00",
          "passed": true
        },
        "DOGEUSDT": {
          "first_price_month": "2020-07",
          "last_price_month": "2026-06",
          "active_month_count": 72,
          "price_active_month_share": 1.0,
          "funding_active_month_share": 1.0,
          "development_price_months": 36,
          "latest_required": false,
          "latest_present": true,
          "rows": 2182,
          "timestamp_min": "2020-07-10T00:00:00+00:00",
          "timestamp_max": "2026-06-30T00:00:00+00:00",
          "passed": true
        },
        "LINKUSDT": {
          "first_price_month": "2020-01",
          "last_price_month": "2026-06",
          "active_month_count": 78,
          "price_active_month_share": 1.0,
          "funding_active_month_share": 1.0,
          "development_price_months": 36,
          "latest_required": false,
          "latest_present": true,
          "rows": 2357,
          "timestamp_min": "2020-01-17T00:00:00+00:00",
          "timestamp_max": "2026-06-30T00:00:00+00:00",
          "passed": true
        },
        "DOTUSDT": {
          "first_price_month": "2020-08",
          "last_price_month": "2026-06",
          "active_month_count": 71,
          "price_active_month_share": 1.0,
          "funding_active_month_share": 1.0,
          "development_price_months": 36,
          "latest_required": false,
          "latest_present": true,
          "rows": 2139,
          "timestamp_min": "2020-08-22T00:00:00+00:00",
          "timestamp_max": "2026-06-30T00:00:00+00:00",
          "passed": true
        },
        "TRXUSDT": {
          "first_price_month": "2020-01",
          "last_price_month": "2026-06",
          "active_month_count": 78,
          "price_active_month_share": 1.0,
          "funding_active_month_share": 1.0,
          "development_price_months": 36,
          "latest_required": false,
          "latest_present": true,
          "rows": 2354,
          "timestamp_min": "2020-01-15T00:00:00+00:00",
          "timestamp_max": "2026-06-30T00:00:00+00:00",
          "passed": true
        },
        "SOLUSDT": {
          "first_price_month": "2020-09",
          "last_price_month": "2026-06",
          "active_month_count": 70,
          "price_active_month_share": 1.0,
          "funding_active_month_share": 1.0,
          "development_price_months": 36,
          "latest_required": false,
          "latest_present": true,
          "rows": 2111,
          "timestamp_min": "2020-09-14T00:00:00+00:00",
          "timestamp_max": "2026-06-30T00:00:00+00:00",
          "passed": true
        }
      },
      "passed": true,
      "survivor_replacement_permitted": false
    },
    "ranking_sha256": "bb1aaab9c488afd8299b95502823a83735a24f73deb66474e55e2d38665443a5",
    "design_sha256": "eab8d7edccfdfaaa02903ba36bdd419cd7d411010e3beb3e3581e9281abb1c82",
    "selected": null,
    "selection_proof_sha256": "f08c83384a4927282e3f03f7bdba9a81193dee5bfce0cd4be14c2d93c26827e6"
  },
  "coverage_gate": {
    "candidate": "V269_FIXED_UNIVERSE_DATA_COVERAGE",
    "fixed_universe_size": 13,
    "minimum_price_active_month_share": 0.95,
    "minimum_funding_active_month_share": 0.9,
    "minimum_development_price_months": 34,
    "details": {
      "BTCUSDT": {
        "first_price_month": "2020-01",
        "last_price_month": "2026-06",
        "active_month_count": 78,
        "price_active_month_share": 1.0,
        "funding_active_month_share": 1.0,
        "development_price_months": 36,
        "latest_required": true,
        "latest_present": true,
        "rows": 2373,
        "timestamp_min": "2020-01-01T00:00:00+00:00",
        "timestamp_max": "2026-06-30T00:00:00+00:00",
        "passed": true
      },
      "ETHUSDT": {
        "first_price_month": "2020-01",
        "last_price_month": "2026-06",
        "active_month_count": 78,
        "price_active_month_share": 1.0,
        "funding_active_month_share": 1.0,
        "development_price_months": 36,
        "latest_required": true,
        "latest_present": true,
        "rows": 2373,
        "timestamp_min": "2020-01-01T00:00:00+00:00",
        "timestamp_max": "2026-06-30T00:00:00+00:00",
        "passed": true
      },
      "BNBUSDT": {
        "first_price_month": "2020-02",
        "last_price_month": "2026-06",
        "active_month_count": 77,
        "price_active_month_share": 1.0,
        "funding_active_month_share": 1.0,
        "development_price_months": 36,
        "latest_required": false,
        "latest_present": true,
        "rows": 2333,
        "timestamp_min": "2020-02-10T00:00:00+00:00",
        "timestamp_max": "2026-06-30T00:00:00+00:00",
        "passed": true
      },
      "XRPUSDT": {
        "first_price_month": "2020-01",
        "last_price_month": "2026-06",
        "active_month_count": 78,
        "price_active_month_share": 1.0,
        "funding_active_month_share": 1.0,
        "development_price_months": 36,
        "latest_required": false,
        "latest_present": true,
        "rows": 2363,
        "timestamp_min": "2020-01-06T00:00:00+00:00",
        "timestamp_max": "2026-06-30T00:00:00+00:00",
        "passed": true
      },
      "ADAUSDT": {
        "first_price_month": "2020-01",
        "last_price_month": "2026-06",
        "active_month_count": 78,
        "price_active_month_share": 1.0,
        "funding_active_month_share": 1.0,
        "development_price_months": 36,
        "latest_required": false,
        "latest_present": true,
        "rows": 2343,
        "timestamp_min": "2020-01-31T00:00:00+00:00",
        "timestamp_max": "2026-06-30T00:00:00+00:00",
        "passed": true
      },
      "LTCUSDT": {
        "first_price_month": "2020-01",
        "last_price_month": "2026-06",
        "active_month_count": 78,
        "price_active_month_share": 1.0,
        "funding_active_month_share": 1.0,
        "development_price_months": 36,
        "latest_required": false,
        "latest_present": true,
        "rows": 2360,
        "timestamp_min": "2020-01-09T00:00:00+00:00",
        "timestamp_max": "2026-06-30T00:00:00+00:00",
        "passed": true
      },
      "BCHUSDT": {
        "first_price_month": "2020-01",
        "last_price_month": "2026-06",
        "active_month_count": 78,
        "price_active_month_share": 1.0,
        "funding_active_month_share": 1.0,
        "development_price_months": 36,
        "latest_required": false,
        "latest_present": true,
        "rows": 2373,
        "timestamp_min": "2020-01-01T00:00:00+00:00",
        "timestamp_max": "2026-06-30T00:00:00+00:00",
        "passed": true
      },
      "EOSUSDT": {
        "first_price_month": "2020-01",
        "last_price_month": "2025-05",
        "active_month_count": 65,
        "price_active_month_share": 1.0,
        "funding_active_month_share": 1.0,
        "development_price_months": 36,
        "latest_required": false,
        "latest_present": false,
        "rows": 1961,
        "timestamp_min": "2020-01-08T00:00:00+00:00",
        "timestamp_max": "2025-05-21T00:00:00+00:00",
        "passed": true
      },
      "DOGEUSDT": {
        "first_price_month": "2020-07",
        "last_price_month": "2026-06",
        "active_month_count": 72,
        "price_active_month_share": 1.0,
        "funding_active_month_share": 1.0,
        "development_price_months": 36,
        "latest_required": false,
        "latest_present": true,
        "rows": 2182,
        "timestamp_min": "2020-07-10T00:00:00+00:00",
        "timestamp_max": "2026-06-30T00:00:00+00:00",
        "passed": true
      },
      "LINKUSDT": {
        "first_price_month": "2020-01",
        "last_price_month": "2026-06",
        "active_month_count": 78,
        "price_active_month_share": 1.0,
        "funding_active_month_share": 1.0,
        "development_price_months": 36,
        "latest_required": false,
        "latest_present": true,
        "rows": 2357,
        "timestamp_min": "2020-01-17T00:00:00+00:00",
        "timestamp_max": "2026-06-30T00:00:00+00:00",
        "passed": true
      },
      "DOTUSDT": {
        "first_price_month": "2020-08",
        "last_price_month": "2026-06",
        "active_month_count": 71,
        "price_active_month_share": 1.0,
        "funding_active_month_share": 1.0,
        "development_price_months": 36,
        "latest_required": false,
        "latest_present": true,
        "rows": 2139,
        "timestamp_min": "2020-08-22T00:00:00+00:00",
        "timestamp_max": "2026-06-30T00:00:00+00:00",
        "passed": true
      },
      "TRXUSDT": {
        "first_price_month": "2020-01",
        "last_price_month": "2026-06",
        "active_month_count": 78,
        "price_active_month_share": 1.0,
        "funding_active_month_share": 1.0,
        "development_price_months": 36,
        "latest_required": false,
        "latest_present": true,
        "rows": 2354,
        "timestamp_min": "2020-01-15T00:00:00+00:00",
        "timestamp_max": "2026-06-30T00:00:00+00:00",
        "passed": true
      },
      "SOLUSDT": {
        "first_price_month": "2020-09",
        "last_price_month": "2026-06",
        "active_month_count": 70,
        "price_active_month_share": 1.0,
        "funding_active_month_share": 1.0,
        "development_price_months": 36,
        "latest_required": false,
        "latest_present": true,
        "rows": 2111,
        "timestamp_min": "2020-09-14T00:00:00+00:00",
        "timestamp_max": "2026-06-30T00:00:00+00:00",
        "passed": true
      }
    },
    "passed": true,
    "survivor_replacement_permitted": false
  },
  "development_diagnostics": [
    {
      "policy": "low_residual_drawdown_duration_l240_k3_r28_beta",
      "family": "low_residual_drawdown_duration",
      "lookback_days": 240,
      "long_short_k": 3,
      "rebalance_days": 28,
      "neutralization": "beta",
      "promotable_family": true,
      "eligible_development": false,
      "all_development_years_positive": false,
      "long_leg_pnl": 8907.152307968525,
      "short_leg_pnl": -1316.746077850601,
      "symbol_count_traded": 13,
      "symbols_traded": "ADAUSDT+BCHUSDT+BNBUSDT+BTCUSDT+DOGEUSDT+DOTUSDT+EOSUSDT+ETHUSDT+LINKUSDT+LTCUSDT+SOLUSDT+TRXUSDT+XRPUSDT",
      "top_positive_asset_pnl_share": 0.3558535207701477,
      "asset_pnl_json": "{\"ADAUSDT\": 1213.8024614581705, \"BCHUSDT\": -827.4054997566956, \"BNBUSDT\": 4136.450654215554, \"BTCUSDT\": -876.6829514566521, \"DOGEUSDT\": 582.7440282572784, \"DOTUSDT\": -1366.5997383311128, \"EOSUSDT\": -11.079241238036941, \"ETHUSDT\": 83.81286828481603, \"LINKUSDT\": 42.63278908961678, \"LTCUSDT\": -951.8525543336973, \"SOLUSDT\": 2879.7438092368925, \"TRXUSDT\": 740.6107892513936, \"XRPUSDT\": 1944.2288154403907}",
      "score": 0.2689695918853048,
      "development_total_return": 0.7590406230117748,
      "development_cagr": 0.20750162931763771,
      "development_max_drawdown": -0.17051706844583103,
      "development_sharpe": 1.4176509717043313,
      "development_annual_turnover": 4.766643838114111,
      "development_average_gross": 0.4051302257831417,
      "development_max_gross": 0.7372862801018044,
      "development_costs": 731.6941611418092,
      "development_funding_pnl": -236.351183440589,
      "development_rebalance_events": 40,
      "development_forced_exits": 2
    },
    {
      "policy": "low_residual_drawdown_duration_l240_k3_r28_dollar",
      "family": "low_residual_drawdown_duration",
      "lookback_days": 240,
      "long_short_k": 3,
      "rebalance_days": 28,
      "neutralization": "dollar",
      "promotable_family": true,
      "eligible_development": false,
      "all_development_years_positive": false,
      "long_leg_pnl": 8217.752303499268,
      "short_leg_pnl": -1115.4488896168662,
      "symbol_count_traded": 13,
      "symbols_traded": "ADAUSDT+BCHUSDT+BNBUSDT+BTCUSDT+DOGEUSDT+DOTUSDT+EOSUSDT+ETHUSDT+LINKUSDT+LTCUSDT+SOLUSDT+TRXUSDT+XRPUSDT",
      "top_positive_asset_pnl_share": 0.33048820598354045,
      "asset_pnl_json": "{\"ADAUSDT\": 1193.2493445235639, \"BCHUSDT\": -588.302569387276, \"BNBUSDT\": 3546.6067101380154, \"BTCUSDT\": -743.6466622756117, \"DOGEUSDT\": 604.2600956007701, \"DOTUSDT\": -1311.78881833472, \"EOSUSDT\": -74.4157140782048, \"ETHUSDT\": 155.29871859319505, \"LINKUSDT\": 86.24728370226057, \"LTCUSDT\": -910.9596954010965, \"SOLUSDT\": 2600.7255354906097, \"TRXUSDT\": 660.4356455811599, \"XRPUSDT\": 1884.5935397297408}",
      "score": 0.2637527248425118,
      "development_total_return": 0.7102303413882447,
      "development_cagr": 0.19621030296909958,
      "development_max_drawdown": -0.1452772770956754,
      "development_sharpe": 1.4634241680125728,
      "development_annual_turnover": 4.784263257791548,
      "development_average_gross": 0.40513591348791034,
      "development_max_gross": 0.7218811663482677,
      "development_costs": 711.0147958967857,
      "development_funding_pnl": 39.28065475248799,
      "development_rebalance_events": 40,
      "development_forced_exits": 2
    },
    {
      "policy": "high_residual_recovery_ratio_l240_k4_r14_beta",
      "family": "high_residual_recovery_ratio",
      "lookback_days": 240,
      "long_short_k": 4,
      "rebalance_days": 14,
      "neutralization": "beta",
      "promotable_family": true,
      "eligible_development": false,
      "all_development_years_positive": false,
      "long_leg_pnl": 7569.077399801424,
      "short_leg_pnl": -1107.7048748250777,
      "symbol_count_traded": 13,
      "symbols_traded": "ADAUSDT+BCHUSDT+BNBUSDT+BTCUSDT+DOGEUSDT+DOTUSDT+EOSUSDT+ETHUSDT+LINKUSDT+LTCUSDT+SOLUSDT+TRXUSDT+XRPUSDT",
      "top_positive_asset_pnl_share": 0.2846224545150354,
      "asset_pnl_json": "{\"ADAUSDT\": 2473.5259134225935, \"BCHUSDT\": 448.9161365008276, \"BNBUSDT\": 1902.9736255928924, \"BTCUSDT\": 223.99053674729478, \"DOGEUSDT\": -1431.6257131457326, \"DOTUSDT\": -22.255746229669636, \"EOSUSDT\": -10.400551659705235, \"ETHUSDT\": -482.3882053284676, \"LINKUSDT\": 282.67558046413467, \"LTCUSDT\": -282.5081065796616, \"SOLUSDT\": 1497.0127361598927, \"TRXUSDT\": 1003.5367309972814, \"XRPUSDT\": 857.9195880346666}",
      "score": 0.2549794048991233,
      "development_total_return": 0.6461372524976243,
      "development_cagr": 0.1810527248117304,
      "development_max_drawdown": -0.14198829304633787,
      "development_sharpe": 1.5694160547015505,
      "development_annual_turnover": 6.399376058279144,
      "development_average_gross": 0.3990414258662789,
      "development_max_gross": 0.6681778330432177,
      "development_costs": 816.7297661209492,
      "development_funding_pnl": 31.736694176126477,
      "development_rebalance_events": 70,
      "development_forced_exits": 2
    },
    {
      "policy": "high_residual_recovery_ratio_l240_k4_r28_beta",
      "family": "high_residual_recovery_ratio",
      "lookback_days": 240,
      "long_short_k": 4,
      "rebalance_days": 28,
      "neutralization": "beta",
      "promotable_family": true,
      "eligible_development": false,
      "all_development_years_positive": false,
      "long_leg_pnl": 8519.046502970052,
      "short_leg_pnl": -2103.730144652521,
      "symbol_count_traded": 13,
      "symbols_traded": "ADAUSDT+BCHUSDT+BNBUSDT+BTCUSDT+DOGEUSDT+DOTUSDT+EOSUSDT+ETHUSDT+LINKUSDT+LTCUSDT+SOLUSDT+TRXUSDT+XRPUSDT",
      "top_positive_asset_pnl_share": 0.25441272485200533,
      "asset_pnl_json": "{\"ADAUSDT\": 2075.752059568368, \"BCHUSDT\": 548.5216324609263, \"BNBUSDT\": 1890.9966040314396, \"BTCUSDT\": 210.87854580630324, \"DOGEUSDT\": -461.7403057319194, \"DOTUSDT\": -191.4201697335996, \"EOSUSDT\": -214.78115677261448, \"ETHUSDT\": -1201.924723303113, \"LINKUSDT\": -200.04130133588814, \"LTCUSDT\": -275.62795297802484, \"SOLUSDT\": 2279.754766218267, \"TRXUSDT\": 1492.0706493055234, \"XRPUSDT\": 462.8777107818541}",
      "score": 0.24353765248824458,
      "development_total_return": 0.6415316358317471,
      "development_cagr": 0.17994849322910955,
      "development_max_drawdown": -0.14678442398484282,
      "development_sharpe": 1.4006301337962654,
      "development_annual_turnover": 4.431768903124714,
      "development_average_gross": 0.4085577982598434,
      "development_max_gross": 0.730931671944871,
      "development_costs": 583.6142099305573,
      "development_funding_pnl": -186.97887419826074,
      "development_rebalance_events": 41,
      "development_forced_exits": 1
    },
    {
      "policy": "high_residual_recovery_ratio_l240_k4_r28_dollar",
      "family": "high_residual_recovery_ratio",
      "lookback_days": 240,
      "long_short_k": 4,
      "rebalance_days": 28,
      "neutralization": "dollar",
      "promotable_family": true,
      "eligible_development": false,
      "all_development_years_positive": false,
      "long_leg_pnl": 8127.82576427742,
      "short_leg_pnl": -2070.594200320864,
      "symbol_count_traded": 13,
      "symbols_traded": "ADAUSDT+BCHUSDT+BNBUSDT+BTCUSDT+DOGEUSDT+DOTUSDT+EOSUSDT+ETHUSDT+LINKUSDT+LTCUSDT+SOLUSDT+TRXUSDT+XRPUSDT",
      "top_positive_asset_pnl_share": 0.2406676146912612,
      "asset_pnl_json": "{\"ADAUSDT\": 2080.6164513960834, \"BCHUSDT\": 614.2852011189104, \"BNBUSDT\": 1854.291168055642, \"BTCUSDT\": 231.49629135990426, \"DOGEUSDT\": -467.4829301948218, \"DOTUSDT\": -246.7982305638549, \"EOSUSDT\": -141.91493653083, \"ETHUSDT\": -1230.0820225576747, \"LINKUSDT\": -255.0087878435388, \"LTCUSDT\": -246.66818574814917, \"SOLUSDT\": 2075.133603722979, \"TRXUSDT\": 1361.6247197356392, \"XRPUSDT\": 427.7392220063039}",
      "score": 0.2333512122699802,
      "development_total_return": 0.60572315639566,
      "development_cagr": 0.17129191660785348,
      "development_max_drawdown": -0.14636044408607385,
      "development_sharpe": 1.3721132603694828,
      "development_annual_turnover": 4.424348737613992,
      "development_average_gross": 0.40835129732903835,
      "development_max_gross": 0.7246036150453173,
      "development_costs": 574.6828328638096,
      "development_funding_pnl": -50.14120996190191,
      "development_rebalance_events": 41,
      "development_forced_exits": 1
    },
    {
      "policy": "high_residual_recovery_ratio_l240_k4_r14_dollar",
      "family": "high_residual_recovery_ratio",
      "lookback_days": 240,
      "long_short_k": 4,
      "rebalance_days": 14,
      "neutralization": "dollar",
      "promotable_family": true,
      "eligible_development": false,
      "all_development_years_positive": false,
      "long_leg_pnl": 6855.085153385904,
      "short_leg_pnl": -1364.6466323044215,
      "symbol_count_traded": 13,
      "symbols_traded": "ADAUSDT+BCHUSDT+BNBUSDT+BTCUSDT+DOGEUSDT+DOTUSDT+EOSUSDT+ETHUSDT+LINKUSDT+LTCUSDT+SOLUSDT+TRXUSDT+XRPUSDT",
      "top_positive_asset_pnl_share": 0.2914332341710852,
      "asset_pnl_json": "{\"ADAUSDT\": 2273.133865973388, \"BCHUSDT\": 376.9887358544706, \"BNBUSDT\": 1838.7896721337058, \"BTCUSDT\": 199.6379609599388, \"DOGEUSDT\": -1381.861864650808, \"DOTUSDT\": -66.58612920900734, \"EOSUSDT\": -34.60748667427352, \"ETHUSDT\": -495.65356979559886, \"LINKUSDT\": 197.9642372362608, \"LTCUSDT\": -330.69678209505935, \"SOLUSDT\": 1336.2407850677362, \"TRXUSDT\": 810.3598100931586, \"XRPUSDT\": 766.7292861875375}",
      "score": 0.22221164853125125,
      "development_total_return": 0.5490438521081435,
      "development_cagr": 0.1573230741558178,
      "development_max_drawdown": -0.13826851604582802,
      "development_sharpe": 1.4119181672082146,
      "development_annual_turnover": 6.468587463120162,
      "development_average_gross": 0.39908613499959894,
      "development_max_gross": 0.6692395848699171,
      "development_costs": 792.4342398941369,
      "development_funding_pnl": 142.2050948542491,
      "development_rebalance_events": 70,
      "development_forced_exits": 2
    },
    {
      "policy": "low_residual_drawdown_duration_l240_k4_r28_beta",
      "family": "low_residual_drawdown_duration",
      "lookback_days": 240,
      "long_short_k": 4,
      "rebalance_days": 28,
      "neutralization": "beta",
      "promotable_family": true,
      "eligible_development": false,
      "all_development_years_positive": false,
      "long_leg_pnl": 8301.562789490577,
      "short_leg_pnl": -3163.768864097612,
      "symbol_count_traded": 13,
      "symbols_traded": "ADAUSDT+BCHUSDT+BNBUSDT+BTCUSDT+DOGEUSDT+DOTUSDT+EOSUSDT+ETHUSDT+LINKUSDT+LTCUSDT+SOLUSDT+TRXUSDT+XRPUSDT",
      "top_positive_asset_pnl_share": 0.2808865123841781,
      "asset_pnl_json": "{\"ADAUSDT\": -1075.631631229071, \"BCHUSDT\": -411.83757270382665, \"BNBUSDT\": 2183.7406633629885, \"BTCUSDT\": -790.2608037212402, \"DOGEUSDT\": 1124.8328133359953, \"DOTUSDT\": -1322.9186195295372, \"EOSUSDT\": -83.05023820007587, \"ETHUSDT\": 252.47687917989356, \"LINKUSDT\": 256.6631324888658, \"LTCUSDT\": -595.8415862546217, \"SOLUSDT\": 1754.46497604813, \"TRXUSDT\": 2645.202209119963, \"XRPUSDT\": 1199.953703495515}",
      "score": 0.19657694345421522,
      "development_total_return": 0.5137793925392939,
      "development_cagr": 0.14845938196051578,
      "development_max_drawdown": -0.15652508864515002,
      "development_sharpe": 1.1539702851801268,
      "development_annual_turnover": 4.103697191779189,
      "development_average_gross": 0.41106007819008633,
      "development_max_gross": 0.7142898191900283,
      "development_costs": 593.395729018235,
      "development_funding_pnl": -175.13124854843136,
      "development_rebalance_events": 38,
      "development_forced_exits": 3
    },
    {
      "policy": "low_residual_drawdown_duration_l240_k4_r28_dollar",
      "family": "low_residual_drawdown_duration",
      "lookback_days": 240,
      "long_short_k": 4,
      "rebalance_days": 28,
      "neutralization": "dollar",
      "promotable_family": true,
      "eligible_development": false,
      "all_development_years_positive": false,
      "long_leg_pnl": 7344.010191869369,
      "short_leg_pnl": -3371.683981128877,
      "symbol_count_traded": 13,
      "symbols_traded": "ADAUSDT+BCHUSDT+BNBUSDT+BTCUSDT+DOGEUSDT+DOTUSDT+EOSUSDT+ETHUSDT+LINKUSDT+LTCUSDT+SOLUSDT+TRXUSDT+XRPUSDT",
      "top_positive_asset_pnl_share": 0.23693095651513663,
      "asset_pnl_json": "{\"ADAUSDT\": -1163.8998036893238, \"BCHUSDT\": -347.4887122256047, \"BNBUSDT\": 1865.1593247692754, \"BTCUSDT\": -548.9044855597658, \"DOGEUSDT\": 1040.1699808062504, \"DOTUSDT\": -1088.207433672024, \"EOSUSDT\": -578.7193003536265, \"ETHUSDT\": 329.1126303086141, \"LINKUSDT\": 311.31910406841916, \"LTCUSDT\": -536.0981684980014, \"SOLUSDT\": 1487.0757707406344, \"TRXUSDT\": 1951.2790376233297, \"XRPUSDT\": 1251.5282664223193}",
      "score": 0.162439714069463,
      "development_total_return": 0.397232621074046,
      "development_cagr": 0.11814819883274841,
      "development_max_drawdown": -0.11853401440274924,
      "development_sharpe": 1.0261819606690885,
      "development_annual_turnover": 4.172358728034165,
      "development_average_gross": 0.41087838544067296,
      "development_max_gross": 0.7484570655541863,
      "development_costs": 544.1118043657058,
      "development_funding_pnl": 83.52236008957733,
      "development_rebalance_events": 39,
      "development_forced_exits": 3
    },
    {
      "policy": "low_residual_drawdown_duration_l240_k3_r14_beta",
      "family": "low_residual_drawdown_duration",
      "lookback_days": 240,
      "long_short_k": 3,
      "rebalance_days": 14,
      "neutralization": "beta",
      "promotable_family": true,
      "eligible_development": false,
      "all_development_years_positive": false,
      "long_leg_pnl": 6677.127572513851,
      "short_leg_pnl": -2549.6074195427323,
      "symbol_count_traded": 13,
      "symbols_traded": "ADAUSDT+BCHUSDT+BNBUSDT+BTCUSDT+DOGEUSDT+DOTUSDT+EOSUSDT+ETHUSDT+LINKUSDT+LTCUSDT+SOLUSDT+TRXUSDT+XRPUSDT",
      "top_positive_asset_pnl_share": 0.39780779026581126,
      "asset_pnl_json": "{\"ADAUSDT\": 791.4417607188354, \"BCHUSDT\": -775.0029731697546, \"BNBUSDT\": 3282.7145362375263, \"BTCUSDT\": -924.175954212798, \"DOGEUSDT\": 532.1439630994618, \"DOTUSDT\": -642.3315186832879, \"EOSUSDT\": -1002.2748356260066, \"ETHUSDT\": -222.63327947279052, \"LINKUSDT\": -165.77573361720326, \"LTCUSDT\": -392.29724373265736, \"SOLUSDT\": 1602.1133305790904, \"TRXUSDT\": 730.5054418396181, \"XRPUSDT\": 1313.092659011068}",
      "score": 0.1603280079061821,
      "development_total_return": 0.412752015297114,
      "development_cagr": 0.12227933613790043,
      "development_max_drawdown": -0.12775073774953094,
      "development_sharpe": 0.9385418996280409,
      "development_annual_turnover": 5.867507358914139,
      "development_average_gross": 0.40845612039770324,
      "development_max_gross": 0.6443982985800437,
      "development_costs": 770.9569337611441,
      "development_funding_pnl": -161.5646855469151,
      "development_rebalance_events": 61,
      "development_forced_exits": 2
    },
    {
      "policy": "low_residual_drawdown_duration_l240_k3_r56_beta",
      "family": "low_residual_drawdown_duration",
      "lookback_days": 240,
      "long_short_k": 3,
      "rebalance_days": 56,
      "neutralization": "beta",
      "promotable_family": true,
      "eligible_development": false,
      "all_development_years_positive": false,
      "long_leg_pnl": 5344.1865639335165,
      "short_leg_pnl": -1412.551473763296,
      "symbol_count_traded": 13,
      "symbols_traded": "ADAUSDT+BCHUSDT+BNBUSDT+BTCUSDT+DOGEUSDT+DOTUSDT+EOSUSDT+ETHUSDT+LINKUSDT+LTCUSDT+SOLUSDT+TRXUSDT+XRPUSDT",
      "top_positive_asset_pnl_share": 0.4707718317700013,
      "asset_pnl_json": "{\"ADAUSDT\": 725.3189717362529, \"BCHUSDT\": -875.2308052620515, \"BNBUSDT\": 3846.2828952570653, \"BTCUSDT\": -1121.4997769170095, \"DOGEUSDT\": 691.9816691513051, \"DOTUSDT\": -650.3338638944975, \"EOSUSDT\": -585.5893291107435, \"ETHUSDT\": 689.4189938638453, \"LINKUSDT\": -346.485444454676, \"LTCUSDT\": -255.0338996326731, \"SOLUSDT\": -404.3554148256358, \"TRXUSDT\": 478.8160282774157, \"XRPUSDT\": 1738.345065981661}",
      "score": 0.1502408936643306,
      "development_total_return": 0.3931635090170218,
      "development_cagr": 0.11705998053216904,
      "development_max_drawdown": -0.14962422971366418,
      "development_sharpe": 0.8899812859973354,
      "development_annual_turnover": 3.0346617200056105,
      "development_average_gross": 0.38034607960168776,
      "development_max_gross": 0.7372862801018034,
      "development_costs": 386.91448458785794,
      "development_funding_pnl": -313.0439872276862,
      "development_rebalance_events": 23,
      "development_forced_exits": 2
    },
    {
      "policy": "low_residual_drawdown_duration_l240_k3_r14_dollar",
      "family": "low_residual_drawdown_duration",
      "lookback_days": 240,
      "long_short_k": 3,
      "rebalance_days": 14,
      "neutralization": "dollar",
      "promotable_family": true,
      "eligible_development": false,
      "all_development_years_positive": false,
      "long_leg_pnl": 6110.331759951832,
      "short_leg_pnl": -2376.101884164176,
      "symbol_count_traded": 13,
      "symbols_traded": "ADAUSDT+BCHUSDT+BNBUSDT+BTCUSDT+DOGEUSDT+DOTUSDT+EOSUSDT+ETHUSDT+LINKUSDT+LTCUSDT+SOLUSDT+TRXUSDT+XRPUSDT",
      "top_positive_asset_pnl_share": 0.3814126669078054,
      "asset_pnl_json": "{\"ADAUSDT\": 808.3092097735849, \"BCHUSDT\": -661.64793330995, \"BNBUSDT\": 2823.3343982111533, \"BTCUSDT\": -742.3206326722031, \"DOGEUSDT\": 609.726806392683, \"DOTUSDT\": -608.9684850042261, \"EOSUSDT\": -982.842495773234, \"ETHUSDT\": -203.01389062994772, \"LINKUSDT\": -67.56040676245546, \"LTCUSDT\": -401.7252308892021, \"SOLUSDT\": 1405.9833605035437, \"TRXUSDT\": 643.1877755647942, \"XRPUSDT\": 1111.7674003830973}",
      "score": 0.14636431027304153,
      "development_total_return": 0.37342298757876424,
      "development_cagr": 0.11175042670292257,
      "development_max_drawdown": -0.1441012019606156,
      "development_sharpe": 0.9144280883886877,
      "development_annual_turnover": 5.919314995856847,
      "development_average_gross": 0.4080684769515221,
      "development_max_gross": 0.6525502590835108,
      "development_costs": 751.0543789422034,
      "development_funding_pnl": 80.96453723506966,
      "development_rebalance_events": 61,
      "development_forced_exits": 2
    },
    {
      "policy": "low_residual_drawdown_duration_l240_k3_r56_dollar",
      "family": "low_residual_drawdown_duration",
      "lookback_days": 240,
      "long_short_k": 3,
      "rebalance_days": 56,
      "neutralization": "dollar",
      "promotable_family": true,
      "eligible_development": false,
      "all_development_years_positive": false,
      "long_leg_pnl": 5126.935268020395,
      "short_leg_pnl": -1757.5575671781016,
      "symbol_count_traded": 13,
      "symbols_traded": "ADAUSDT+BCHUSDT+BNBUSDT+BTCUSDT+DOGEUSDT+DOTUSDT+EOSUSDT+ETHUSDT+LINKUSDT+LTCUSDT+SOLUSDT+TRXUSDT+XRPUSDT",
      "top_positive_asset_pnl_share": 0.4378306609409671,
      "asset_pnl_json": "{\"ADAUSDT\": 866.1049782090374, \"BCHUSDT\": -767.9454621701555, \"BNBUSDT\": 3423.53510999722, \"BTCUSDT\": -1030.9195509246417, \"DOGEUSDT\": 723.0834764843484, \"DOTUSDT\": -708.7750253204719, \"EOSUSDT\": -828.1331775971803, \"ETHUSDT\": 712.3703084864866, \"LINKUSDT\": -512.8434547348418, \"LTCUSDT\": -210.11814875304538, \"SOLUSDT\": -391.2007790948529, \"TRXUSDT\": 385.14733309454914, \"XRPUSDT\": 1709.0720931658693}",
      "score": 0.1327430231035405,
      "development_total_return": 0.3369377700842444,
      "development_cagr": 0.10180171398227245,
      "development_max_drawdown": -0.14466652370357513,
      "development_sharpe": 0.8382499575274458,
      "development_annual_turnover": 3.112164317968618,
      "development_average_gross": 0.3801846459024526,
      "development_max_gross": 0.7218811663482682,
      "development_costs": 384.63801202477407,
      "development_funding_pnl": -7.062472676010572,
      "development_rebalance_events": 24,
      "development_forced_exits": 2
    },
    {
      "policy": "high_residual_recovery_ratio_l240_k4_r56_beta",
      "family": "high_residual_recovery_ratio",
      "lookback_days": 240,
      "long_short_k": 4,
      "rebalance_days": 56,
      "neutralization": "beta",
      "promotable_family": true,
      "eligible_development": false,
      "all_development_years_positive": false,
      "long_leg_pnl": 4877.7293092429245,
      "short_leg_pnl": -1701.2452400736847,
      "symbol_count_traded": 13,
      "symbols_traded": "ADAUSDT+BCHUSDT+BNBUSDT+BTCUSDT+DOGEUSDT+DOTUSDT+EOSUSDT+ETHUSDT+LINKUSDT+LTCUSDT+SOLUSDT+TRXUSDT+XRPUSDT",
      "top_positive_asset_pnl_share": 0.35685981633869673,
      "asset_pnl_json": "{\"ADAUSDT\": 1181.671431508676, \"BCHUSDT\": 577.9753134107636, \"BNBUSDT\": 1895.0887930390106, \"BTCUSDT\": -415.4200745373648, \"DOGEUSDT\": -109.01860209728474, \"DOTUSDT\": 25.45769247805743, \"EOSUSDT\": -860.073166424981, \"ETHUSDT\": -688.1686679254595, \"LINKUSDT\": 91.2051471537111, \"LTCUSDT\": -61.29265339526881, \"SOLUSDT\": 255.1171478567291, \"TRXUSDT\": 1062.0243336173503, \"XRPUSDT\": 221.9173744852933}",
      "score": 0.12779089908019128,
      "development_total_return": 0.31764840691692053,
      "development_cagr": 0.09646869717796269,
      "development_max_drawdown": -0.13181095463043746,
      "development_sharpe": 0.8170531408035588,
      "development_annual_turnover": 2.8763729422365336,
      "development_average_gross": 0.38573256803759426,
      "development_max_gross": 0.7222742759607086,
      "development_costs": 321.44348432372624,
      "development_funding_pnl": -175.03554693070998,
      "development_rebalance_events": 24,
      "development_forced_exits": 1
    },
    {
      "policy": "low_residual_drawdown_duration_l120_k4_r56_beta",
      "family": "low_residual_drawdown_duration",
      "lookback_days": 120,
      "long_short_k": 4,
      "rebalance_days": 56,
      "neutralization": "beta",
      "promotable_family": true,
      "eligible_development": false,
      "all_development_years_positive": true,
      "long_leg_pnl": 6239.592157773218,
      "short_leg_pnl": -2904.1956005015595,
      "symbol_count_traded": 13,
      "symbols_traded": "ADAUSDT+BCHUSDT+BNBUSDT+BTCUSDT+DOGEUSDT+DOTUSDT+EOSUSDT+ETHUSDT+LINKUSDT+LTCUSDT+SOLUSDT+TRXUSDT+XRPUSDT",
      "top_positive_asset_pnl_share": 0.29117573914121664,
      "asset_pnl_json": "{\"ADAUSDT\": -390.29912183719847, \"BCHUSDT\": 224.2528894009142, \"BNBUSDT\": 2183.5927841517505, \"BTCUSDT\": -748.683508276252, \"DOGEUSDT\": 609.0363390253724, \"DOTUSDT\": -1389.3326337171616, \"EOSUSDT\": -787.8280729965228, \"ETHUSDT\": 2225.54004666808, \"LINKUSDT\": 524.6714717758231, \"LTCUSDT\": 424.75758808597556, \"SOLUSDT\": 1451.4369282823252, \"TRXUSDT\": -926.5152364645114, \"XRPUSDT\": -65.23291682691658}",
      "score": 0.12464290742458471,
      "development_total_return": 0.3335396557271697,
      "development_cagr": 0.10086595878046078,
      "development_max_drawdown": -0.1955707057715611,
      "development_sharpe": 0.8327418400656845,
      "development_annual_turnover": 3.679713826684357,
      "development_average_gross": 0.3998308459919477,
      "development_max_gross": 0.7439610076943809,
      "development_costs": 402.2268956454832,
      "development_funding_pnl": 25.752553178347803,
      "development_rebalance_events": 25,
      "development_forced_exits": 1
    },
    {
      "policy": "low_residual_drawdown_duration_l120_k4_r56_dollar",
      "family": "low_residual_drawdown_duration",
      "lookback_days": 120,
      "long_short_k": 4,
      "rebalance_days": 56,
      "neutralization": "dollar",
      "promotable_family": true,
      "eligible_development": false,
      "all_development_years_positive": true,
      "long_leg_pnl": 5929.106114089583,
      "short_leg_pnl": -2774.16937844745,
      "symbol_count_traded": 13,
      "symbols_traded": "ADAUSDT+BCHUSDT+BNBUSDT+BTCUSDT+DOGEUSDT+DOTUSDT+EOSUSDT+ETHUSDT+LINKUSDT+LTCUSDT+SOLUSDT+TRXUSDT+XRPUSDT",
      "top_positive_asset_pnl_share": 0.2927155285258667,
      "asset_pnl_json": "{\"ADAUSDT\": -504.9000522549494, \"BCHUSDT\": 286.0498704415164, \"BNBUSDT\": 1956.7300519538635, \"BTCUSDT\": -713.4161622648138, \"DOGEUSDT\": 640.9818911623432, \"DOTUSDT\": -1398.3800297253795, \"EOSUSDT\": -662.4481198342404, \"ETHUSDT\": 2172.3859077005245, \"LINKUSDT\": 453.23506179054124, \"LTCUSDT\": 414.67482976375646, \"SOLUSDT\": 1497.4342316440604, \"TRXUSDT\": -883.5007208730025, \"XRPUSDT\": -103.91002386208787}",
      "score": 0.12167828382444308,
      "development_total_return": 0.3154936735641962,
      "development_cagr": 0.09586974670682413,
      "development_max_drawdown": -0.1703536381694185,
      "development_sharpe": 0.8097097985482358,
      "development_annual_turnover": 3.700021982888106,
      "development_average_gross": 0.3999769700737251,
      "development_max_gross": 0.7240801611750465,
      "development_costs": 398.7108073237073,
      "development_funding_pnl": 103.60171311260947,
      "development_rebalance_events": 25,
      "development_forced_exits": 1
    }
  ],
  "limitations": [
    "Public daily archives are not executable bid/ask or queue observations.",
    "The fixed universe includes delisted assets; forced exits carry a 100 bps penalty.",
    "The program-level holdout is not pristine.",
    "Lottery-shape ranking is not a claim about token fundamentals or issuer quality."
  ],
  "data_manifest_sha256": "3cd0d58b21d349f0e25413c3556465f151df40327375872c43eacebcb683258e"
}
{
  "candidate": "ACTIVE_V389_CRYPTO_RESIDUAL_RESILIENCE",
  "status": "rejected_before_validation",
  "eligible_policy_count": 0,
  "standalone_selection_passed": false,
  "integration_permitted": false,
  "promoted_candidates": [],
  "live_ready": false,
  "real_leverage_authorized": false,
  "profitability_proven": false,
  "selection": {
    "candidate": "ACTIVE_V389_CRYPTO_RESIDUAL_RESILIENCE",
    "selection_cutoff": "2023-12-31T23:59:59Z",
    "selection_uses_2024": false,
    "selection_uses_2025": false,
    "selection_uses_2026": false,
    "program_level_holdout_pristine": false,
    "policy_count": 144,
    "promotable_policy_count": 108,
    "eligible_policy_count": 0,
    "development_gates": {
      "cagr_min": 0.05,
      "sharpe_min": 1.0,
      "max_drawdown_min": -0.15,
      "rebalance_events_min": 24,
      "annual_turnover_max": 20.0,
      "max_realized_gross": 0.7,
      "all_development_years_positive": true,
      "net_long_leg_pnl_positive": true,
      "net_short_leg_pnl_positive": true,
      "symbols_traded_min": 10,
      "top_positive_asset_pnl_share_max": 0.35
    },
    "post_selection_gates": {
      "validation_return_positive": true,
      "holdout_return_positive": true,
      "final_return_positive": true,
      "full_cagr_min": 0.06,
      "full_sharpe_min": 0.8,
      "full_max_drawdown_min": -0.15,
      "severe_full_cagr_positive": true,
      "extreme_full_cagr_positive": true,
      "latency_full_cagr_positive": true,
      "worst_calendar_year_min": -0.1,
      "full_long_leg_pnl_positive": true,
      "full_short_leg_pnl_positive": true,
      "top_positive_asset_pnl_share_max": 0.35,
      "forced_exit_count_max": 4
    },
    "coverage_gate": {
      "candidate": "V389_FIXED_UNIVERSE_DATA_COVERAGE",
      "fixed_universe_size": 13,
      "minimum_price_active_month_share": 0.95,
      "minimum_funding_active_month_share": 0.9,
      "minimum_development_price_months": 34,
      "details": {
        "BTCUSDT": {
          "first_price_month": "2020-01",
          "last_price_month": "2026-06",
          "active_month_count": 78,
          "price_active_month_share": 1.0,
          "funding_active_month_share": 1.0,
          "development_price_months": 36,
          "latest_required": true,
          "latest_present": true,
          "rows": 2373,
          "timestamp_min": "2020-01-01T00:00:00+00:00",
          "timestamp_max": "2026-06-30T00:00:00+00:00",
          "passed": true
        },
        "ETHUSDT": {
          "first_price_month": "2020-01",
          "last_price_month": "2026-06",
          "active_month_count": 78,
          "price_active_month_share": 1.0,
          "funding_active_month_share": 1.0,
          "development_price_months": 36,
          "latest_required": true,
          "latest_present": true,
          "rows": 2373,
          "timestamp_min": "2020-01-01T00:00:00+00:00",
          "timestamp_max": "2026-06-30T00:00:00+00:00",
          "passed": true
        },
        "BNBUSDT": {
          "first_price_month": "2020-02",
          "last_price_month": "2026-06",
          "active_month_count": 77,
          "price_active_month_share": 1.0,
          "funding_active_month_share": 1.0,
          "development_price_months": 36,
          "latest_required": false,
          "latest_present": true,
          "rows": 2333,
          "timestamp_min": "2020-02-10T00:00:00+00:00",
          "timestamp_max": "2026-06-30T00:00:00+00:00",
          "passed": true
        },
        "XRPUSDT": {
          "first_price_month": "2020-01",
          "last_price_month": "2026-06",
          "active_month_count": 78,
          "price_active_month_share": 1.0,
          "funding_active_month_share": 1.0,
          "development_price_months": 36,
          "latest_required": false,
          "latest_present": true,
          "rows": 2363,
          "timestamp_min": "2020-01-06T00:00:00+00:00",
          "timestamp_max": "2026-06-30T00:00:00+00:00",
          "passed": true
        },
        "ADAUSDT": {
          "first_price_month": "2020-01",
          "last_price_month": "2026-06",
          "active_month_count": 78,
          "price_active_month_share": 1.0,
          "funding_active_month_share": 1.0,
          "development_price_months": 36,
          "latest_required": false,
          "latest_present": true,
          "rows": 2343,
          "timestamp_min": "2020-01-31T00:00:00+00:00",
          "timestamp_max": "2026-06-30T00:00:00+00:00",
          "passed": true
        },
        "LTCUSDT": {
          "first_price_month": "2020-01",
          "last_price_month": "2026-06",
          "active_month_count": 78,
          "price_active_month_share": 1.0,
          "funding_active_month_share": 1.0,
          "development_price_months": 36,
          "latest_required": false,
          "latest_present": true,
          "rows": 2360,
          "timestamp_min": "2020-01-09T00:00:00+00:00",
          "timestamp_max": "2026-06-30T00:00:00+00:00",
          "passed": true
        },
        "BCHUSDT": {
          "first_price_month": "2020-01",
          "last_price_month": "2026-06",
          "active_month_count": 78,
          "price_active_month_share": 1.0,
          "funding_active_month_share": 1.0,
          "development_price_months": 36,
          "latest_required": false,
          "latest_present": true,
          "rows": 2373,
          "timestamp_min": "2020-01-01T00:00:00+00:00",
          "timestamp_max": "2026-06-30T00:00:00+00:00",
          "passed": true
        },
        "EOSUSDT": {
          "first_price_month": "2020-01",
          "last_price_month": "2025-05",
          "active_month_count": 65,
          "price_active_month_share": 1.0,
          "funding_active_month_share": 1.0,
          "development_price_months": 36,
          "latest_required": false,
          "latest_present": false,
          "rows": 1961,
          "timestamp_min": "2020-01-08T00:00:00+00:00",
          "timestamp_max": "2025-05-21T00:00:00+00:00",
          "passed": true
        },
        "DOGEUSDT": {
          "first_price_month": "2020-07",
          "last_price_month": "2026-06",
          "active_month_count": 72,
          "price_active_month_share": 1.0,
          "funding_active_month_share": 1.0,
          "development_price_months": 36,
          "latest_required": false,
          "latest_present": true,
          "rows": 2182,
          "timestamp_min": "2020-07-10T00:00:00+00:00",
          "timestamp_max": "2026-06-30T00:00:00+00:00",
          "passed": true
        },
        "LINKUSDT": {
          "first_price_month": "2020-01",
          "last_price_month": "2026-06",
          "active_month_count": 78,
          "price_active_month_share": 1.0,
          "funding_active_month_share": 1.0,
          "development_price_months": 36,
          "latest_required": false,
          "latest_present": true,
          "rows": 2357,
          "timestamp_min": "2020-01-17T00:00:00+00:00",
          "timestamp_max": "2026-06-30T00:00:00+00:00",
          "passed": true
        },
        "DOTUSDT": {
          "first_price_month": "2020-08",
          "last_price_month": "2026-06",
          "active_month_count": 71,
          "price_active_month_share": 1.0,
          "funding_active_month_share": 1.0,
          "development_price_months": 36,
          "latest_required": false,
          "latest_present": true,
          "rows": 2139,
          "timestamp_min": "2020-08-22T00:00:00+00:00",
          "timestamp_max": "2026-06-30T00:00:00+00:00",
          "passed": true
        },
        "TRXUSDT": {
          "first_price_month": "2020-01",
          "last_price_month": "2026-06",
          "active_month_count": 78,
          "price_active_month_share": 1.0,
          "funding_active_month_share": 1.0,
          "development_price_months": 36,
          "latest_required": false,
          "latest_present": true,
          "rows": 2354,
          "timestamp_min": "2020-01-15T00:00:00+00:00",
          "timestamp_max": "2026-06-30T00:00:00+00:00",
          "passed": true
        },
        "SOLUSDT": {
          "first_price_month": "2020-09",
          "last_price_month": "2026-06",
          "active_month_count": 70,
          "price_active_month_share": 1.0,
          "funding_active_month_share": 1.0,
          "development_price_months": 36,
          "latest_required": false,
          "latest_present": true,
          "rows": 2111,
          "timestamp_min": "2020-09-14T00:00:00+00:00",
          "timestamp_max": "2026-06-30T00:00:00+00:00",
          "passed": true
        }
      },
      "passed": true,
      "survivor_replacement_permitted": false
    },
    "ranking_sha256": "bb1aaab9c488afd8299b95502823a83735a24f73deb66474e55e2d38665443a5",
    "design_sha256": "eab8d7edccfdfaaa02903ba36bdd419cd7d411010e3beb3e3581e9281abb1c82",
    "selected": null,
    "lookbacks": [
      60,
      120,
      240
    ],
    "selection_proof_sha256": "39e50bd3d0056fb7e695be053778a12874dd3895fd28c5d7cde3aa8978b111e0"
  },
  "coverage_gate": {
    "candidate": "V389_FIXED_UNIVERSE_DATA_COVERAGE",
    "fixed_universe_size": 13,
    "minimum_price_active_month_share": 0.95,
    "minimum_funding_active_month_share": 0.9,
    "minimum_development_price_months": 34,
    "details": {
      "BTCUSDT": {
        "first_price_month": "2020-01",
        "last_price_month": "2026-06",
        "active_month_count": 78,
        "price_active_month_share": 1.0,
        "funding_active_month_share": 1.0,
        "development_price_months": 36,
        "latest_required": true,
        "latest_present": true,
        "rows": 2373,
        "timestamp_min": "2020-01-01T00:00:00+00:00",
        "timestamp_max": "2026-06-30T00:00:00+00:00",
        "passed": true
      },
      "ETHUSDT": {
        "first_price_month": "2020-01",
        "last_price_month": "2026-06",
        "active_month_count": 78,
        "price_active_month_share": 1.0,
        "funding_active_month_share": 1.0,
        "development_price_months": 36,
        "latest_required": true,
        "latest_present": true,
        "rows": 2373,
        "timestamp_min": "2020-01-01T00:00:00+00:00",
        "timestamp_max": "2026-06-30T00:00:00+00:00",
        "passed": true
      },
      "BNBUSDT": {
        "first_price_month": "2020-02",
        "last_price_month": "2026-06",
        "active_month_count": 77,
        "price_active_month_share": 1.0,
        "funding_active_month_share": 1.0,
        "development_price_months": 36,
        "latest_required": false,
        "latest_present": true,
        "rows": 2333,
        "timestamp_min": "2020-02-10T00:00:00+00:00",
        "timestamp_max": "2026-06-30T00:00:00+00:00",
        "passed": true
      },
      "XRPUSDT": {
        "first_price_month": "2020-01",
        "last_price_month": "2026-06",
        "active_month_count": 78,
        "price_active_month_share": 1.0,
        "funding_active_month_share": 1.0,
        "development_price_months": 36,
        "latest_required": false,
        "latest_present": true,
        "rows": 2363,
        "timestamp_min": "2020-01-06T00:00:00+00:00",
        "timestamp_max": "2026-06-30T00:00:00+00:00",
        "passed": true
      },
      "ADAUSDT": {
        "first_price_month": "2020-01",
        "last_price_month": "2026-06",
        "active_month_count": 78,
        "price_active_month_share": 1.0,
        "funding_active_month_share": 1.0,
        "development_price_months": 36,
        "latest_required": false,
        "latest_present": true,
        "rows": 2343,
        "timestamp_min": "2020-01-31T00:00:00+00:00",
        "timestamp_max": "2026-06-30T00:00:00+00:00",
        "passed": true
      },
      "LTCUSDT": {
        "first_price_month": "2020-01",
        "last_price_month": "2026-06",
        "active_month_count": 78,
        "price_active_month_share": 1.0,
        "funding_active_month_share": 1.0,
        "development_price_months": 36,
        "latest_required": false,
        "latest_present": true,
        "rows": 2360,
        "timestamp_min": "2020-01-09T00:00:00+00:00",
        "timestamp_max": "2026-06-30T00:00:00+00:00",
        "passed": true
      },
      "BCHUSDT": {
        "first_price_month": "2020-01",
        "last_price_month": "2026-06",
        "active_month_count": 78,
        "price_active_month_share": 1.0,
        "funding_active_month_share": 1.0,
        "development_price_months": 36,
        "latest_required": false,
        "latest_present": true,
        "rows": 2373,
        "timestamp_min": "2020-01-01T00:00:00+00:00",
        "timestamp_max": "2026-06-30T00:00:00+00:00",
        "passed": true
      },
      "EOSUSDT": {
        "first_price_month": "2020-01",
        "last_price_month": "2025-05",
        "active_month_count": 65,
        "price_active_month_share": 1.0,
        "funding_active_month_share": 1.0,
        "development_price_months": 36,
        "latest_required": false,
        "latest_present": false,
        "rows": 1961,
        "timestamp_min": "2020-01-08T00:00:00+00:00",
        "timestamp_max": "2025-05-21T00:00:00+00:00",
        "passed": true
      },
      "DOGEUSDT": {
        "first_price_month": "2020-07",
        "last_price_month": "2026-06",
        "active_month_count": 72,
        "price_active_month_share": 1.0,
        "funding_active_month_share": 1.0,
        "development_price_months": 36,
        "latest_required": false,
        "latest_present": true,
        "rows": 2182,
        "timestamp_min": "2020-07-10T00:00:00+00:00",
        "timestamp_max": "2026-06-30T00:00:00+00:00",
        "passed": true
      },
      "LINKUSDT": {
        "first_price_month": "2020-01",
        "last_price_month": "2026-06",
        "active_month_count": 78,
        "price_active_month_share": 1.0,
        "funding_active_month_share": 1.0,
        "development_price_months": 36,
        "latest_required": false,
        "latest_present": true,
        "rows": 2357,
        "timestamp_min": "2020-01-17T00:00:00+00:00",
        "timestamp_max": "2026-06-30T00:00:00+00:00",
        "passed": true
      },
      "DOTUSDT": {
        "first_price_month": "2020-08",
        "last_price_month": "2026-06",
        "active_month_count": 71,
        "price_active_month_share": 1.0,
        "funding_active_month_share": 1.0,
        "development_price_months": 36,
        "latest_required": false,
        "latest_present": true,
        "rows": 2139,
        "timestamp_min": "2020-08-22T00:00:00+00:00",
        "timestamp_max": "2026-06-30T00:00:00+00:00",
        "passed": true
      },
      "TRXUSDT": {
        "first_price_month": "2020-01",
        "last_price_month": "2026-06",
        "active_month_count": 78,
        "price_active_month_share": 1.0,
        "funding_active_month_share": 1.0,
        "development_price_months": 36,
        "latest_required": false,
        "latest_present": true,
        "rows": 2354,
        "timestamp_min": "2020-01-15T00:00:00+00:00",
        "timestamp_max": "2026-06-30T00:00:00+00:00",
        "passed": true
      },
      "SOLUSDT": {
        "first_price_month": "2020-09",
        "last_price_month": "2026-06",
        "active_month_count": 70,
        "price_active_month_share": 1.0,
        "funding_active_month_share": 1.0,
        "development_price_months": 36,
        "latest_required": false,
        "latest_present": true,
        "rows": 2111,
        "timestamp_min": "2020-09-14T00:00:00+00:00",
        "timestamp_max": "2026-06-30T00:00:00+00:00",
        "passed": true
      }
    },
    "passed": true,
    "survivor_replacement_permitted": false
  },
  "development_diagnostics": [
    {
      "policy": "low_residual_drawdown_duration_l240_k3_r28_beta",
      "family": "low_residual_drawdown_duration",
      "lookback_days": 240,
      "long_short_k": 3,
      "rebalance_days": 28,
      "neutralization": "beta",
      "promotable_family": true,
      "eligible_development": false,
      "all_development_years_positive": false,
      "long_leg_pnl": 8907.152307968525,
      "short_leg_pnl": -1316.746077850601,
      "symbol_count_traded": 13,
      "symbols_traded": "ADAUSDT+BCHUSDT+BNBUSDT+BTCUSDT+DOGEUSDT+DOTUSDT+EOSUSDT+ETHUSDT+LINKUSDT+LTCUSDT+SOLUSDT+TRXUSDT+XRPUSDT",
      "top_positive_asset_pnl_share": 0.3558535207701477,
      "asset_pnl_json": "{\"ADAUSDT\": 1213.8024614581705, \"BCHUSDT\": -827.4054997566956, \"BNBUSDT\": 4136.450654215554, \"BTCUSDT\": -876.6829514566521, \"DOGEUSDT\": 582.7440282572784, \"DOTUSDT\": -1366.5997383311128, \"EOSUSDT\": -11.079241238036941, \"ETHUSDT\": 83.81286828481603, \"LINKUSDT\": 42.63278908961678, \"LTCUSDT\": -951.8525543336973, \"SOLUSDT\": 2879.7438092368925, \"TRXUSDT\": 740.6107892513936, \"XRPUSDT\": 1944.2288154403907}",
      "score": 0.2689695918853048,
      "development_total_return": 0.7590406230117748,
      "development_cagr": 0.20750162931763771,
      "development_max_drawdown": -0.17051706844583103,
      "development_sharpe": 1.4176509717043313,
      "development_annual_turnover": 4.766643838114111,
      "development_average_gross": 0.4051302257831417,
      "development_max_gross": 0.7372862801018044,
      "development_costs": 731.6941611418092,
      "development_funding_pnl": -236.351183440589,
      "development_rebalance_events": 40,
      "development_forced_exits": 2
    },
    {
      "policy": "low_residual_drawdown_duration_l240_k3_r28_dollar",
      "family": "low_residual_drawdown_duration",
      "lookback_days": 240,
      "long_short_k": 3,
      "rebalance_days": 28,
      "neutralization": "dollar",
      "promotable_family": true,
      "eligible_development": false,
      "all_development_years_positive": false,
      "long_leg_pnl": 8217.752303499268,
      "short_leg_pnl": -1115.4488896168662,
      "symbol_count_traded": 13,
      "symbols_traded": "ADAUSDT+BCHUSDT+BNBUSDT+BTCUSDT+DOGEUSDT+DOTUSDT+EOSUSDT+ETHUSDT+LINKUSDT+LTCUSDT+SOLUSDT+TRXUSDT+XRPUSDT",
      "top_positive_asset_pnl_share": 0.33048820598354045,
      "asset_pnl_json": "{\"ADAUSDT\": 1193.2493445235639, \"BCHUSDT\": -588.302569387276, \"BNBUSDT\": 3546.6067101380154, \"BTCUSDT\": -743.6466622756117, \"DOGEUSDT\": 604.2600956007701, \"DOTUSDT\": -1311.78881833472, \"EOSUSDT\": -74.4157140782048, \"ETHUSDT\": 155.29871859319505, \"LINKUSDT\": 86.24728370226057, \"LTCUSDT\": -910.9596954010965, \"SOLUSDT\": 2600.7255354906097, \"TRXUSDT\": 660.4356455811599, \"XRPUSDT\": 1884.5935397297408}",
      "score": 0.2637527248425118,
      "development_total_return": 0.7102303413882447,
      "development_cagr": 0.19621030296909958,
      "development_max_drawdown": -0.1452772770956754,
      "development_sharpe": 1.4634241680125728,
      "development_annual_turnover": 4.784263257791548,
      "development_average_gross": 0.40513591348791034,
      "development_max_gross": 0.7218811663482677,
      "development_costs": 711.0147958967857,
      "development_funding_pnl": 39.28065475248799,
      "development_rebalance_events": 40,
      "development_forced_exits": 2
    },
    {
      "policy": "high_residual_recovery_ratio_l240_k4_r14_beta",
      "family": "high_residual_recovery_ratio",
      "lookback_days": 240,
      "long_short_k": 4,
      "rebalance_days": 14,
      "neutralization": "beta",
      "promotable_family": true,
      "eligible_development": false,
      "all_development_years_positive": false,
      "long_leg_pnl": 7569.077399801424,
      "short_leg_pnl": -1107.7048748250777,
      "symbol_count_traded": 13,
      "symbols_traded": "ADAUSDT+BCHUSDT+BNBUSDT+BTCUSDT+DOGEUSDT+DOTUSDT+EOSUSDT+ETHUSDT+LINKUSDT+LTCUSDT+SOLUSDT+TRXUSDT+XRPUSDT",
      "top_positive_asset_pnl_share": 0.2846224545150354,
      "asset_pnl_json": "{\"ADAUSDT\": 2473.5259134225935, \"BCHUSDT\": 448.9161365008276, \"BNBUSDT\": 1902.9736255928924, \"BTCUSDT\": 223.99053674729478, \"DOGEUSDT\": -1431.6257131457326, \"DOTUSDT\": -22.255746229669636, \"EOSUSDT\": -10.400551659705235, \"ETHUSDT\": -482.3882053284676, \"LINKUSDT\": 282.67558046413467, \"LTCUSDT\": -282.5081065796616, \"SOLUSDT\": 1497.0127361598927, \"TRXUSDT\": 1003.5367309972814, \"XRPUSDT\": 857.9195880346666}",
      "score": 0.2549794048991233,
      "development_total_return": 0.6461372524976243,
      "development_cagr": 0.1810527248117304,
      "development_max_drawdown": -0.14198829304633787,
      "development_sharpe": 1.5694160547015505,
      "development_annual_turnover": 6.399376058279144,
      "development_average_gross": 0.3990414258662789,
      "development_max_gross": 0.6681778330432177,
      "development_costs": 816.7297661209492,
      "development_funding_pnl": 31.736694176126477,
      "development_rebalance_events": 70,
      "development_forced_exits": 2
    },
    {
      "policy": "high_residual_recovery_ratio_l240_k4_r28_beta",
      "family": "high_residual_recovery_ratio",
      "lookback_days": 240,
      "long_short_k": 4,
      "rebalance_days": 28,
      "neutralization": "beta",
      "promotable_family": true,
      "eligible_development": false,
      "all_development_years_positive": false,
      "long_leg_pnl": 8519.046502970052,
      "short_leg_pnl": -2103.730144652521,
      "symbol_count_traded": 13,
      "symbols_traded": "ADAUSDT+BCHUSDT+BNBUSDT+BTCUSDT+DOGEUSDT+DOTUSDT+EOSUSDT+ETHUSDT+LINKUSDT+LTCUSDT+SOLUSDT+TRXUSDT+XRPUSDT",
      "top_positive_asset_pnl_share": 0.25441272485200533,
      "asset_pnl_json": "{\"ADAUSDT\": 2075.752059568368, \"BCHUSDT\": 548.5216324609263, \"BNBUSDT\": 1890.9966040314396, \"BTCUSDT\": 210.87854580630324, \"DOGEUSDT\": -461.7403057319194, \"DOTUSDT\": -191.4201697335996, \"EOSUSDT\": -214.78115677261448, \"ETHUSDT\": -1201.924723303113, \"LINKUSDT\": -200.04130133588814, \"LTCUSDT\": -275.62795297802484, \"SOLUSDT\": 2279.754766218267, \"TRXUSDT\": 1492.0706493055234, \"XRPUSDT\": 462.8777107818541}",
      "score": 0.24353765248824458,
      "development_total_return": 0.6415316358317471,
      "development_cagr": 0.17994849322910955,
      "development_max_drawdown": -0.14678442398484282,
      "development_sharpe": 1.4006301337962654,
      "development_annual_turnover": 4.431768903124714,
      "development_average_gross": 0.4085577982598434,
      "development_max_gross": 0.730931671944871,
      "development_costs": 583.6142099305573,
      "development_funding_pnl": -186.97887419826074,
      "development_rebalance_events": 41,
      "development_forced_exits": 1
    },
    {
      "policy": "high_residual_recovery_ratio_l240_k4_r28_dollar",
      "family": "high_residual_recovery_ratio",
      "lookback_days": 240,
      "long_short_k": 4,
      "rebalance_days": 28,
      "neutralization": "dollar",
      "promotable_family": true,
      "eligible_development": false,
      "all_development_years_positive": false,
      "long_leg_pnl": 8127.82576427742,
      "short_leg_pnl": -2070.594200320864,
      "symbol_count_traded": 13,
      "symbols_traded": "ADAUSDT+BCHUSDT+BNBUSDT+BTCUSDT+DOGEUSDT+DOTUSDT+EOSUSDT+ETHUSDT+LINKUSDT+LTCUSDT+SOLUSDT+TRXUSDT+XRPUSDT",
      "top_positive_asset_pnl_share": 0.2406676146912612,
      "asset_pnl_json": "{\"ADAUSDT\": 2080.6164513960834, \"BCHUSDT\": 614.2852011189104, \"BNBUSDT\": 1854.291168055642, \"BTCUSDT\": 231.49629135990426, \"DOGEUSDT\": -467.4829301948218, \"DOTUSDT\": -246.7982305638549, \"EOSUSDT\": -141.91493653083, \"ETHUSDT\": -1230.0820225576747, \"LINKUSDT\": -255.0087878435388, \"LTCUSDT\": -246.66818574814917, \"SOLUSDT\": 2075.133603722979, \"TRXUSDT\": 1361.6247197356392, \"XRPUSDT\": 427.7392220063039}",
      "score": 0.2333512122699802,
      "development_total_return": 0.60572315639566,
      "development_cagr": 0.17129191660785348,
      "development_max_drawdown": -0.14636044408607385,
      "development_sharpe": 1.3721132603694828,
      "development_annual_turnover": 4.424348737613992,
      "development_average_gross": 0.40835129732903835,
      "development_max_gross": 0.7246036150453173,
      "development_costs": 574.6828328638096,
      "development_funding_pnl": -50.14120996190191,
      "development_rebalance_events": 41,
      "development_forced_exits": 1
    },
    {
      "policy": "high_residual_recovery_ratio_l240_k4_r14_dollar",
      "family": "high_residual_recovery_ratio",
      "lookback_days": 240,
      "long_short_k": 4,
      "rebalance_days": 14,
      "neutralization": "dollar",
      "promotable_family": true,
      "eligible_development": false,
      "all_development_years_positive": false,
      "long_leg_pnl": 6855.085153385904,
      "short_leg_pnl": -1364.6466323044215,
      "symbol_count_traded": 13,
      "symbols_traded": "ADAUSDT+BCHUSDT+BNBUSDT+BTCUSDT+DOGEUSDT+DOTUSDT+EOSUSDT+ETHUSDT+LINKUSDT+LTCUSDT+SOLUSDT+TRXUSDT+XRPUSDT",
      "top_positive_asset_pnl_share": 0.2914332341710852,
      "asset_pnl_json": "{\"ADAUSDT\": 2273.133865973388, \"BCHUSDT\": 376.9887358544706, \"BNBUSDT\": 1838.7896721337058, \"BTCUSDT\": 199.6379609599388, \"DOGEUSDT\": -1381.861864650808, \"DOTUSDT\": -66.58612920900734, \"EOSUSDT\": -34.60748667427352, \"ETHUSDT\": -495.65356979559886, \"LINKUSDT\": 197.9642372362608, \"LTCUSDT\": -330.69678209505935, \"SOLUSDT\": 1336.2407850677362, \"TRXUSDT\": 810.3598100931586, \"XRPUSDT\": 766.7292861875375}",
      "score": 0.22221164853125125,
      "development_total_return": 0.5490438521081435,
      "development_cagr": 0.1573230741558178,
      "development_max_drawdown": -0.13826851604582802,
      "development_sharpe": 1.4119181672082146,
      "development_annual_turnover": 6.468587463120162,
      "development_average_gross": 0.39908613499959894,
      "development_max_gross": 0.6692395848699171,
      "development_costs": 792.4342398941369,
      "development_funding_pnl": 142.2050948542491,
      "development_rebalance_events": 70,
      "development_forced_exits": 2
    },
    {
      "policy": "low_residual_drawdown_duration_l240_k4_r28_beta",
      "family": "low_residual_drawdown_duration",
      "lookback_days": 240,
      "long_short_k": 4,
      "rebalance_days": 28,
      "neutralization": "beta",
      "promotable_family": true,
      "eligible_development": false,
      "all_development_years_positive": false,
      "long_leg_pnl": 8301.562789490577,
      "short_leg_pnl": -3163.768864097612,
      "symbol_count_traded": 13,
      "symbols_traded": "ADAUSDT+BCHUSDT+BNBUSDT+BTCUSDT+DOGEUSDT+DOTUSDT+EOSUSDT+ETHUSDT+LINKUSDT+LTCUSDT+SOLUSDT+TRXUSDT+XRPUSDT",
      "top_positive_asset_pnl_share": 0.2808865123841781,
      "asset_pnl_json": "{\"ADAUSDT\": -1075.631631229071, \"BCHUSDT\": -411.83757270382665, \"BNBUSDT\": 2183.7406633629885, \"BTCUSDT\": -790.2608037212402, \"DOGEUSDT\": 1124.8328133359953, \"DOTUSDT\": -1322.9186195295372, \"EOSUSDT\": -83.05023820007587, \"ETHUSDT\": 252.47687917989356, \"LINKUSDT\": 256.6631324888658, \"LTCUSDT\": -595.8415862546217, \"SOLUSDT\": 1754.46497604813, \"TRXUSDT\": 2645.202209119963, \"XRPUSDT\": 1199.953703495515}",
      "score": 0.19657694345421522,
      "development_total_return": 0.5137793925392939,
      "development_cagr": 0.14845938196051578,
      "development_max_drawdown": -0.15652508864515002,
      "development_sharpe": 1.1539702851801268,
      "development_annual_turnover": 4.103697191779189,
      "development_average_gross": 0.41106007819008633,
      "development_max_gross": 0.7142898191900283,
      "development_costs": 593.395729018235,
      "development_funding_pnl": -175.13124854843136,
      "development_rebalance_events": 38,
      "development_forced_exits": 3
    },
    {
      "policy": "low_residual_drawdown_duration_l240_k4_r28_dollar",
      "family": "low_residual_drawdown_duration",
      "lookback_days": 240,
      "long_short_k": 4,
      "rebalance_days": 28,
      "neutralization": "dollar",
      "promotable_family": true,
      "eligible_development": false,
      "all_development_years_positive": false,
      "long_leg_pnl": 7344.010191869369,
      "short_leg_pnl": -3371.683981128877,
      "symbol_count_traded": 13,
      "symbols_traded": "ADAUSDT+BCHUSDT+BNBUSDT+BTCUSDT+DOGEUSDT+DOTUSDT+EOSUSDT+ETHUSDT+LINKUSDT+LTCUSDT+SOLUSDT+TRXUSDT+XRPUSDT",
      "top_positive_asset_pnl_share": 0.23693095651513663,
      "asset_pnl_json": "{\"ADAUSDT\": -1163.8998036893238, \"BCHUSDT\": -347.4887122256047, \"BNBUSDT\": 1865.1593247692754, \"BTCUSDT\": -548.9044855597658, \"DOGEUSDT\": 1040.1699808062504, \"DOTUSDT\": -1088.207433672024, \"EOSUSDT\": -578.7193003536265, \"ETHUSDT\": 329.1126303086141, \"LINKUSDT\": 311.31910406841916, \"LTCUSDT\": -536.0981684980014, \"SOLUSDT\": 1487.0757707406344, \"TRXUSDT\": 1951.2790376233297, \"XRPUSDT\": 1251.5282664223193}",
      "score": 0.162439714069463,
      "development_total_return": 0.397232621074046,
      "development_cagr": 0.11814819883274841,
      "development_max_drawdown": -0.11853401440274924,
      "development_sharpe": 1.0261819606690885,
      "development_annual_turnover": 4.172358728034165,
      "development_average_gross": 0.41087838544067296,
      "development_max_gross": 0.7484570655541863,
      "development_costs": 544.1118043657058,
      "development_funding_pnl": 83.52236008957733,
      "development_rebalance_events": 39,
      "development_forced_exits": 3
    },
    {
      "policy": "low_residual_drawdown_duration_l240_k3_r14_beta",
      "family": "low_residual_drawdown_duration",
      "lookback_days": 240,
      "long_short_k": 3,
      "rebalance_days": 14,
      "neutralization": "beta",
      "promotable_family": true,
      "eligible_development": false,
      "all_development_years_positive": false,
      "long_leg_pnl": 6677.127572513851,
      "short_leg_pnl": -2549.6074195427323,
      "symbol_count_traded": 13,
      "symbols_traded": "ADAUSDT+BCHUSDT+BNBUSDT+BTCUSDT+DOGEUSDT+DOTUSDT+EOSUSDT+ETHUSDT+LINKUSDT+LTCUSDT+SOLUSDT+TRXUSDT+XRPUSDT",
      "top_positive_asset_pnl_share": 0.39780779026581126,
      "asset_pnl_json": "{\"ADAUSDT\": 791.4417607188354, \"BCHUSDT\": -775.0029731697546, \"BNBUSDT\": 3282.7145362375263, \"BTCUSDT\": -924.175954212798, \"DOGEUSDT\": 532.1439630994618, \"DOTUSDT\": -642.3315186832879, \"EOSUSDT\": -1002.2748356260066, \"ETHUSDT\": -222.63327947279052, \"LINKUSDT\": -165.77573361720326, \"LTCUSDT\": -392.29724373265736, \"SOLUSDT\": 1602.1133305790904, \"TRXUSDT\": 730.5054418396181, \"XRPUSDT\": 1313.092659011068}",
      "score": 0.1603280079061821,
      "development_total_return": 0.412752015297114,
      "development_cagr": 0.12227933613790043,
      "development_max_drawdown": -0.12775073774953094,
      "development_sharpe": 0.9385418996280409,
      "development_annual_turnover": 5.867507358914139,
      "development_average_gross": 0.40845612039770324,
      "development_max_gross": 0.6443982985800437,
      "development_costs": 770.9569337611441,
      "development_funding_pnl": -161.5646855469151,
      "development_rebalance_events": 61,
      "development_forced_exits": 2
    },
    {
      "policy": "low_residual_drawdown_duration_l240_k3_r56_beta",
      "family": "low_residual_drawdown_duration",
      "lookback_days": 240,
      "long_short_k": 3,
      "rebalance_days": 56,
      "neutralization": "beta",
      "promotable_family": true,
      "eligible_development": false,
      "all_development_years_positive": false,
      "long_leg_pnl": 5344.1865639335165,
      "short_leg_pnl": -1412.551473763296,
      "symbol_count_traded": 13,
      "symbols_traded": "ADAUSDT+BCHUSDT+BNBUSDT+BTCUSDT+DOGEUSDT+DOTUSDT+EOSUSDT+ETHUSDT+LINKUSDT+LTCUSDT+SOLUSDT+TRXUSDT+XRPUSDT",
      "top_positive_asset_pnl_share": 0.4707718317700013,
      "asset_pnl_json": "{\"ADAUSDT\": 725.3189717362529, \"BCHUSDT\": -875.2308052620515, \"BNBUSDT\": 3846.2828952570653, \"BTCUSDT\": -1121.4997769170095, \"DOGEUSDT\": 691.9816691513051, \"DOTUSDT\": -650.3338638944975, \"EOSUSDT\": -585.5893291107435, \"ETHUSDT\": 689.4189938638453, \"LINKUSDT\": -346.485444454676, \"LTCUSDT\": -255.0338996326731, \"SOLUSDT\": -404.3554148256358, \"TRXUSDT\": 478.8160282774157, \"XRPUSDT\": 1738.345065981661}",
      "score": 0.1502408936643306,
      "development_total_return": 0.3931635090170218,
      "development_cagr": 0.11705998053216904,
      "development_max_drawdown": -0.14962422971366418,
      "development_sharpe": 0.8899812859973354,
      "development_annual_turnover": 3.0346617200056105,
      "development_average_gross": 0.38034607960168776,
      "development_max_gross": 0.7372862801018034,
      "development_costs": 386.91448458785794,
      "development_funding_pnl": -313.0439872276862,
      "development_rebalance_events": 23,
      "development_forced_exits": 2
    },
    {
      "policy": "low_residual_drawdown_duration_l240_k3_r14_dollar",
      "family": "low_residual_drawdown_duration",
      "lookback_days": 240,
      "long_short_k": 3,
      "rebalance_days": 14,
      "neutralization": "dollar",
      "promotable_family": true,
      "eligible_development": false,
      "all_development_years_positive": false,
      "long_leg_pnl": 6110.331759951832,
      "short_leg_pnl": -2376.101884164176,
      "symbol_count_traded": 13,
      "symbols_traded": "ADAUSDT+BCHUSDT+BNBUSDT+BTCUSDT+DOGEUSDT+DOTUSDT+EOSUSDT+ETHUSDT+LINKUSDT+LTCUSDT+SOLUSDT+TRXUSDT+XRPUSDT",
      "top_positive_asset_pnl_share": 0.3814126669078054,
      "asset_pnl_json": "{\"ADAUSDT\": 808.3092097735849, \"BCHUSDT\": -661.64793330995, \"BNBUSDT\": 2823.3343982111533, \"BTCUSDT\": -742.3206326722031, \"DOGEUSDT\": 609.726806392683, \"DOTUSDT\": -608.9684850042261, \"EOSUSDT\": -982.842495773234, \"ETHUSDT\": -203.01389062994772, \"LINKUSDT\": -67.56040676245546, \"LTCUSDT\": -401.7252308892021, \"SOLUSDT\": 1405.9833605035437, \"TRXUSDT\": 643.1877755647942, \"XRPUSDT\": 1111.7674003830973}",
      "score": 0.14636431027304153,
      "development_total_return": 0.37342298757876424,
      "development_cagr": 0.11175042670292257,
      "development_max_drawdown": -0.1441012019606156,
      "development_sharpe": 0.9144280883886877,
      "development_annual_turnover": 5.919314995856847,
      "development_average_gross": 0.4080684769515221,
      "development_max_gross": 0.6525502590835108,
      "development_costs": 751.0543789422034,
      "development_funding_pnl": 80.96453723506966,
      "development_rebalance_events": 61,
      "development_forced_exits": 2
    },
    {
      "policy": "low_residual_drawdown_duration_l240_k3_r56_dollar",
      "family": "low_residual_drawdown_duration",
      "lookback_days": 240,
      "long_short_k": 3,
      "rebalance_days": 56,
      "neutralization": "dollar",
      "promotable_family": true,
      "eligible_development": false,
      "all_development_years_positive": false,
      "long_leg_pnl": 5126.935268020395,
      "short_leg_pnl": -1757.5575671781016,
      "symbol_count_traded": 13,
      "symbols_traded": "ADAUSDT+BCHUSDT+BNBUSDT+BTCUSDT+DOGEUSDT+DOTUSDT+EOSUSDT+ETHUSDT+LINKUSDT+LTCUSDT+SOLUSDT+TRXUSDT+XRPUSDT",
      "top_positive_asset_pnl_share": 0.4378306609409671,
      "asset_pnl_json": "{\"ADAUSDT\": 866.1049782090374, \"BCHUSDT\": -767.9454621701555, \"BNBUSDT\": 3423.53510999722, \"BTCUSDT\": -1030.9195509246417, \"DOGEUSDT\": 723.0834764843484, \"DOTUSDT\": -708.7750253204719, \"EOSUSDT\": -828.1331775971803, \"ETHUSDT\": 712.3703084864866, \"LINKUSDT\": -512.8434547348418, \"LTCUSDT\": -210.11814875304538, \"SOLUSDT\": -391.2007790948529, \"TRXUSDT\": 385.14733309454914, \"XRPUSDT\": 1709.0720931658693}",
      "score": 0.1327430231035405,
      "development_total_return": 0.3369377700842444,
      "development_cagr": 0.10180171398227245,
      "development_max_drawdown": -0.14466652370357513,
      "development_sharpe": 0.8382499575274458,
      "development_annual_turnover": 3.112164317968618,
      "development_average_gross": 0.3801846459024526,
      "development_max_gross": 0.7218811663482682,
      "development_costs": 384.63801202477407,
      "development_funding_pnl": -7.062472676010572,
      "development_rebalance_events": 24,
      "development_forced_exits": 2
    },
    {
      "policy": "high_residual_recovery_ratio_l240_k4_r56_beta",
      "family": "high_residual_recovery_ratio",
      "lookback_days": 240,
      "long_short_k": 4,
      "rebalance_days": 56,
      "neutralization": "beta",
      "promotable_family": true,
      "eligible_development": false,
      "all_development_years_positive": false,
      "long_leg_pnl": 4877.7293092429245,
      "short_leg_pnl": -1701.2452400736847,
      "symbol_count_traded": 13,
      "symbols_traded": "ADAUSDT+BCHUSDT+BNBUSDT+BTCUSDT+DOGEUSDT+DOTUSDT+EOSUSDT+ETHUSDT+LINKUSDT+LTCUSDT+SOLUSDT+TRXUSDT+XRPUSDT",
      "top_positive_asset_pnl_share": 0.35685981633869673,
      "asset_pnl_json": "{\"ADAUSDT\": 1181.671431508676, \"BCHUSDT\": 577.9753134107636, \"BNBUSDT\": 1895.0887930390106, \"BTCUSDT\": -415.4200745373648, \"DOGEUSDT\": -109.01860209728474, \"DOTUSDT\": 25.45769247805743, \"EOSUSDT\": -860.073166424981, \"ETHUSDT\": -688.1686679254595, \"LINKUSDT\": 91.2051471537111, \"LTCUSDT\": -61.29265339526881, \"SOLUSDT\": 255.1171478567291, \"TRXUSDT\": 1062.0243336173503, \"XRPUSDT\": 221.9173744852933}",
      "score": 0.12779089908019128,
      "development_total_return": 0.31764840691692053,
      "development_cagr": 0.09646869717796269,
      "development_max_drawdown": -0.13181095463043746,
      "development_sharpe": 0.8170531408035588,
      "development_annual_turnover": 2.8763729422365336,
      "development_average_gross": 0.38573256803759426,
      "development_max_gross": 0.7222742759607086,
      "development_costs": 321.44348432372624,
      "development_funding_pnl": -175.03554693070998,
      "development_rebalance_events": 24,
      "development_forced_exits": 1
    },
    {
      "policy": "low_residual_drawdown_duration_l120_k4_r56_beta",
      "family": "low_residual_drawdown_duration",
      "lookback_days": 120,
      "long_short_k": 4,
      "rebalance_days": 56,
      "neutralization": "beta",
      "promotable_family": true,
      "eligible_development": false,
      "all_development_years_positive": true,
      "long_leg_pnl": 6239.592157773218,
      "short_leg_pnl": -2904.1956005015595,
      "symbol_count_traded": 13,
      "symbols_traded": "ADAUSDT+BCHUSDT+BNBUSDT+BTCUSDT+DOGEUSDT+DOTUSDT+EOSUSDT+ETHUSDT+LINKUSDT+LTCUSDT+SOLUSDT+TRXUSDT+XRPUSDT",
      "top_positive_asset_pnl_share": 0.29117573914121664,
      "asset_pnl_json": "{\"ADAUSDT\": -390.29912183719847, \"BCHUSDT\": 224.2528894009142, \"BNBUSDT\": 2183.5927841517505, \"BTCUSDT\": -748.683508276252, \"DOGEUSDT\": 609.0363390253724, \"DOTUSDT\": -1389.3326337171616, \"EOSUSDT\": -787.8280729965228, \"ETHUSDT\": 2225.54004666808, \"LINKUSDT\": 524.6714717758231, \"LTCUSDT\": 424.75758808597556, \"SOLUSDT\": 1451.4369282823252, \"TRXUSDT\": -926.5152364645114, \"XRPUSDT\": -65.23291682691658}",
      "score": 0.12464290742458471,
      "development_total_return": 0.3335396557271697,
      "development_cagr": 0.10086595878046078,
      "development_max_drawdown": -0.1955707057715611,
      "development_sharpe": 0.8327418400656845,
      "development_annual_turnover": 3.679713826684357,
      "development_average_gross": 0.3998308459919477,
      "development_max_gross": 0.7439610076943809,
      "development_costs": 402.2268956454832,
      "development_funding_pnl": 25.752553178347803,
      "development_rebalance_events": 25,
      "development_forced_exits": 1
    },
    {
      "policy": "low_residual_drawdown_duration_l120_k4_r56_dollar",
      "family": "low_residual_drawdown_duration",
      "lookback_days": 120,
      "long_short_k": 4,
      "rebalance_days": 56,
      "neutralization": "dollar",
      "promotable_family": true,
      "eligible_development": false,
      "all_development_years_positive": true,
      "long_leg_pnl": 5929.106114089583,
      "short_leg_pnl": -2774.16937844745,
      "symbol_count_traded": 13,
      "symbols_traded": "ADAUSDT+BCHUSDT+BNBUSDT+BTCUSDT+DOGEUSDT+DOTUSDT+EOSUSDT+ETHUSDT+LINKUSDT+LTCUSDT+SOLUSDT+TRXUSDT+XRPUSDT",
      "top_positive_asset_pnl_share": 0.2927155285258667,
      "asset_pnl_json": "{\"ADAUSDT\": -504.9000522549494, \"BCHUSDT\": 286.0498704415164, \"BNBUSDT\": 1956.7300519538635, \"BTCUSDT\": -713.4161622648138, \"DOGEUSDT\": 640.9818911623432, \"DOTUSDT\": -1398.3800297253795, \"EOSUSDT\": -662.4481198342404, \"ETHUSDT\": 2172.3859077005245, \"LINKUSDT\": 453.23506179054124, \"LTCUSDT\": 414.67482976375646, \"SOLUSDT\": 1497.4342316440604, \"TRXUSDT\": -883.5007208730025, \"XRPUSDT\": -103.91002386208787}",
      "score": 0.12167828382444308,
      "development_total_return": 0.3154936735641962,
      "development_cagr": 0.09586974670682413,
      "development_max_drawdown": -0.1703536381694185,
      "development_sharpe": 0.8097097985482358,
      "development_annual_turnover": 3.700021982888106,
      "development_average_gross": 0.3999769700737251,
      "development_max_gross": 0.7240801611750465,
      "development_costs": 398.7108073237073,
      "development_funding_pnl": 103.60171311260947,
      "development_rebalance_events": 25,
      "development_forced_exits": 1
    }
  ],
  "limitations": [
    "Public daily archives are not executable bid/ask or queue observations.",
    "The fixed universe includes delisted assets; forced exits carry a 100 bps penalty.",
    "Program-level OOS is not pristine.",
    "Residual resilience is a statistical path-recovery ranking, not an issuer-quality claim."
  ],
  "data_manifest_sha256": "3cd0d58b21d349f0e25413c3556465f151df40327375872c43eacebcb683258e"
}
