/home/runner/work/fin/fin/research/active_v9/data.py:18: UserWarning: Converting to Period representation will drop timezone information.
  x=utc(a).to_period('M').to_timestamp().tz_localize('UTC');e=utc(b)
archives 200/2028
archives 400/2028
archives 600/2028
archives 800/2028
archives 1000/2028
archives 1200/2028
archives 1400/2028
archives 1600/2028
archives 1800/2028
archives 2000/2028
archives 2028/2028
processed 24/144 policies
processed 48/144 policies
processed 72/144 policies
processed 96/144 policies
processed 120/144 policies
processed 144/144 policies
{
  "candidate": "ACTIVE_V349_CRYPTO_ATTENTION_FLOW",
  "status": "rejected_before_validation",
  "eligible_policy_count": 0,
  "standalone_selection_passed": false,
  "integration_permitted": false,
  "promoted_candidates": [],
  "live_ready": false,
  "real_leverage_authorized": false,
  "profitability_proven": false,
  "selection": {
    "candidate": "ACTIVE_V349_CRYPTO_ATTENTION_FLOW",
    "selection_cutoff": "2023-12-31T23:59:59Z",
    "selection_uses_2024": false,
    "selection_uses_2025": false,
    "selection_uses_2026": false,
    "program_level_holdout_pristine": false,
    "policy_count": 144,
    "promotable_policy_count": 108,
    "eligible_policy_count": 0,
    "development_gates": {
      "cagr_min": 0.05,
      "sharpe_min": 1.0,
      "max_drawdown_min": -0.15,
      "rebalance_events_min": 24,
      "annual_turnover_max": 20.0,
      "max_realized_gross": 0.7,
      "all_development_years_positive": true,
      "net_long_leg_pnl_positive": true,
      "net_short_leg_pnl_positive": true,
      "symbols_traded_min": 10,
      "top_positive_asset_pnl_share_max": 0.35
    },
    "post_selection_gates": {
      "validation_return_positive": true,
      "holdout_return_positive": true,
      "final_return_positive": true,
      "full_cagr_min": 0.06,
      "full_sharpe_min": 0.8,
      "full_max_drawdown_min": -0.15,
      "severe_full_cagr_positive": true,
      "extreme_full_cagr_positive": true,
      "latency_full_cagr_positive": true,
      "worst_calendar_year_min": -0.1,
      "full_long_leg_pnl_positive": true,
      "full_short_leg_pnl_positive": true,
      "top_positive_asset_pnl_share_max": 0.35,
      "forced_exit_count_max": 4
    },
    "coverage_gate": {
      "candidate": "V261_FIXED_UNIVERSE_DATA_COVERAGE",
      "fixed_universe_size": 13,
      "minimum_price_active_month_share": 0.95,
      "minimum_funding_active_month_share": 0.9,
      "minimum_development_price_months": 34,
      "details": {
        "BTCUSDT": {
          "first_price_month": "2020-01",
          "last_price_month": "2026-06",
          "active_month_count": 78,
          "price_active_month_share": 1.0,
          "funding_active_month_share": 1.0,
          "development_price_months": 36,
          "latest_required": true,
          "latest_present": true,
          "rows": 2373,
          "timestamp_min": "2020-01-01T00:00:00+00:00",
          "timestamp_max": "2026-06-30T00:00:00+00:00",
          "passed": true
        },
        "ETHUSDT": {
          "first_price_month": "2020-01",
          "last_price_month": "2026-06",
          "active_month_count": 78,
          "price_active_month_share": 1.0,
          "funding_active_month_share": 1.0,
          "development_price_months": 36,
          "latest_required": true,
          "latest_present": true,
          "rows": 2373,
          "timestamp_min": "2020-01-01T00:00:00+00:00",
          "timestamp_max": "2026-06-30T00:00:00+00:00",
          "passed": true
        },
        "BNBUSDT": {
          "first_price_month": "2020-02",
          "last_price_month": "2026-06",
          "active_month_count": 77,
          "price_active_month_share": 1.0,
          "funding_active_month_share": 1.0,
          "development_price_months": 36,
          "latest_required": false,
          "latest_present": true,
          "rows": 2333,
          "timestamp_min": "2020-02-10T00:00:00+00:00",
          "timestamp_max": "2026-06-30T00:00:00+00:00",
          "passed": true
        },
        "XRPUSDT": {
          "first_price_month": "2020-01",
          "last_price_month": "2026-06",
          "active_month_count": 78,
          "price_active_month_share": 1.0,
          "funding_active_month_share": 1.0,
          "development_price_months": 36,
          "latest_required": false,
          "latest_present": true,
          "rows": 2363,
          "timestamp_min": "2020-01-06T00:00:00+00:00",
          "timestamp_max": "2026-06-30T00:00:00+00:00",
          "passed": true
        },
        "ADAUSDT": {
          "first_price_month": "2020-01",
          "last_price_month": "2026-06",
          "active_month_count": 78,
          "price_active_month_share": 1.0,
          "funding_active_month_share": 1.0,
          "development_price_months": 36,
          "latest_required": false,
          "latest_present": true,
          "rows": 2343,
          "timestamp_min": "2020-01-31T00:00:00+00:00",
          "timestamp_max": "2026-06-30T00:00:00+00:00",
          "passed": true
        },
        "LTCUSDT": {
          "first_price_month": "2020-01",
          "last_price_month": "2026-06",
          "active_month_count": 78,
          "price_active_month_share": 1.0,
          "funding_active_month_share": 1.0,
          "development_price_months": 36,
          "latest_required": false,
          "latest_present": true,
          "rows": 2360,
          "timestamp_min": "2020-01-09T00:00:00+00:00",
          "timestamp_max": "2026-06-30T00:00:00+00:00",
          "passed": true
        },
        "BCHUSDT": {
          "first_price_month": "2020-01",
          "last_price_month": "2026-06",
          "active_month_count": 78,
          "price_active_month_share": 1.0,
          "funding_active_month_share": 1.0,
          "development_price_months": 36,
          "latest_required": false,
          "latest_present": true,
          "rows": 2373,
          "timestamp_min": "2020-01-01T00:00:00+00:00",
          "timestamp_max": "2026-06-30T00:00:00+00:00",
          "passed": true
        },
        "EOSUSDT": {
          "first_price_month": "2020-01",
          "last_price_month": "2025-05",
          "active_month_count": 65,
          "price_active_month_share": 1.0,
          "funding_active_month_share": 1.0,
          "development_price_months": 36,
          "latest_required": false,
          "latest_present": false,
          "rows": 1961,
          "timestamp_min": "2020-01-08T00:00:00+00:00",
          "timestamp_max": "2025-05-21T00:00:00+00:00",
          "passed": true
        },
        "DOGEUSDT": {
          "first_price_month": "2020-07",
          "last_price_month": "2026-06",
          "active_month_count": 72,
          "price_active_month_share": 1.0,
          "funding_active_month_share": 1.0,
          "development_price_months": 36,
          "latest_required": false,
          "latest_present": true,
          "rows": 2182,
          "timestamp_min": "2020-07-10T00:00:00+00:00",
          "timestamp_max": "2026-06-30T00:00:00+00:00",
          "passed": true
        },
        "LINKUSDT": {
          "first_price_month": "2020-01",
          "last_price_month": "2026-06",
          "active_month_count": 78,
          "price_active_month_share": 1.0,
          "funding_active_month_share": 1.0,
          "development_price_months": 36,
          "latest_required": false,
          "latest_present": true,
          "rows": 2357,
          "timestamp_min": "2020-01-17T00:00:00+00:00",
          "timestamp_max": "2026-06-30T00:00:00+00:00",
          "passed": true
        },
        "DOTUSDT": {
          "first_price_month": "2020-08",
          "last_price_month": "2026-06",
          "active_month_count": 71,
          "price_active_month_share": 1.0,
          "funding_active_month_share": 1.0,
          "development_price_months": 36,
          "latest_required": false,
          "latest_present": true,
          "rows": 2139,
          "timestamp_min": "2020-08-22T00:00:00+00:00",
          "timestamp_max": "2026-06-30T00:00:00+00:00",
          "passed": true
        },
        "TRXUSDT": {
          "first_price_month": "2020-01",
          "last_price_month": "2026-06",
          "active_month_count": 78,
          "price_active_month_share": 1.0,
          "funding_active_month_share": 1.0,
          "development_price_months": 36,
          "latest_required": false,
          "latest_present": true,
          "rows": 2354,
          "timestamp_min": "2020-01-15T00:00:00+00:00",
          "timestamp_max": "2026-06-30T00:00:00+00:00",
          "passed": true
        },
        "SOLUSDT": {
          "first_price_month": "2020-09",
          "last_price_month": "2026-06",
          "active_month_count": 70,
          "price_active_month_share": 1.0,
          "funding_active_month_share": 1.0,
          "development_price_months": 36,
          "latest_required": false,
          "latest_present": true,
          "rows": 2111,
          "timestamp_min": "2020-09-14T00:00:00+00:00",
          "timestamp_max": "2026-06-30T00:00:00+00:00",
          "passed": true
        }
      },
      "passed": true,
      "survivor_replacement_permitted": false
    },
    "ranking_sha256": "852a8471a6f5c88ef4ca84a24d6cc8a2ca30b3d518477d091be8ede232e9439e",
    "design_sha256": "0cdd4de57dbc5b8e5093afaa7fb96eb20b88e17ad590b32ef68ae3b6bb33db70",
    "selected": null,
    "selection_proof_sha256": "2a62d79e41bb1c8318cf6ef78cd435a62d47ca0446aae0006cf0a5e211117bb2"
  },
  "coverage_gate": {
    "candidate": "V261_FIXED_UNIVERSE_DATA_COVERAGE",
    "fixed_universe_size": 13,
    "minimum_price_active_month_share": 0.95,
    "minimum_funding_active_month_share": 0.9,
    "minimum_development_price_months": 34,
    "details": {
      "BTCUSDT": {
        "first_price_month": "2020-01",
        "last_price_month": "2026-06",
        "active_month_count": 78,
        "price_active_month_share": 1.0,
        "funding_active_month_share": 1.0,
        "development_price_months": 36,
        "latest_required": true,
        "latest_present": true,
        "rows": 2373,
        "timestamp_min": "2020-01-01T00:00:00+00:00",
        "timestamp_max": "2026-06-30T00:00:00+00:00",
        "passed": true
      },
      "ETHUSDT": {
        "first_price_month": "2020-01",
        "last_price_month": "2026-06",
        "active_month_count": 78,
        "price_active_month_share": 1.0,
        "funding_active_month_share": 1.0,
        "development_price_months": 36,
        "latest_required": true,
        "latest_present": true,
        "rows": 2373,
        "timestamp_min": "2020-01-01T00:00:00+00:00",
        "timestamp_max": "2026-06-30T00:00:00+00:00",
        "passed": true
      },
      "BNBUSDT": {
        "first_price_month": "2020-02",
        "last_price_month": "2026-06",
        "active_month_count": 77,
        "price_active_month_share": 1.0,
        "funding_active_month_share": 1.0,
        "development_price_months": 36,
        "latest_required": false,
        "latest_present": true,
        "rows": 2333,
        "timestamp_min": "2020-02-10T00:00:00+00:00",
        "timestamp_max": "2026-06-30T00:00:00+00:00",
        "passed": true
      },
      "XRPUSDT": {
        "first_price_month": "2020-01",
        "last_price_month": "2026-06",
        "active_month_count": 78,
        "price_active_month_share": 1.0,
        "funding_active_month_share": 1.0,
        "development_price_months": 36,
        "latest_required": false,
        "latest_present": true,
        "rows": 2363,
        "timestamp_min": "2020-01-06T00:00:00+00:00",
        "timestamp_max": "2026-06-30T00:00:00+00:00",
        "passed": true
      },
      "ADAUSDT": {
        "first_price_month": "2020-01",
        "last_price_month": "2026-06",
        "active_month_count": 78,
        "price_active_month_share": 1.0,
        "funding_active_month_share": 1.0,
        "development_price_months": 36,
        "latest_required": false,
        "latest_present": true,
        "rows": 2343,
        "timestamp_min": "2020-01-31T00:00:00+00:00",
        "timestamp_max": "2026-06-30T00:00:00+00:00",
        "passed": true
      },
      "LTCUSDT": {
        "first_price_month": "2020-01",
        "last_price_month": "2026-06",
        "active_month_count": 78,
        "price_active_month_share": 1.0,
        "funding_active_month_share": 1.0,
        "development_price_months": 36,
        "latest_required": false,
        "latest_present": true,
        "rows": 2360,
        "timestamp_min": "2020-01-09T00:00:00+00:00",
        "timestamp_max": "2026-06-30T00:00:00+00:00",
        "passed": true
      },
      "BCHUSDT": {
        "first_price_month": "2020-01",
        "last_price_month": "2026-06",
        "active_month_count": 78,
        "price_active_month_share": 1.0,
        "funding_active_month_share": 1.0,
        "development_price_months": 36,
        "latest_required": false,
        "latest_present": true,
        "rows": 2373,
        "timestamp_min": "2020-01-01T00:00:00+00:00",
        "timestamp_max": "2026-06-30T00:00:00+00:00",
        "passed": true
      },
      "EOSUSDT": {
        "first_price_month": "2020-01",
        "last_price_month": "2025-05",
        "active_month_count": 65,
        "price_active_month_share": 1.0,
        "funding_active_month_share": 1.0,
        "development_price_months": 36,
        "latest_required": false,
        "latest_present": false,
        "rows": 1961,
        "timestamp_min": "2020-01-08T00:00:00+00:00",
        "timestamp_max": "2025-05-21T00:00:00+00:00",
        "passed": true
      },
      "DOGEUSDT": {
        "first_price_month": "2020-07",
        "last_price_month": "2026-06",
        "active_month_count": 72,
        "price_active_month_share": 1.0,
        "funding_active_month_share": 1.0,
        "development_price_months": 36,
        "latest_required": false,
        "latest_present": true,
        "rows": 2182,
        "timestamp_min": "2020-07-10T00:00:00+00:00",
        "timestamp_max": "2026-06-30T00:00:00+00:00",
        "passed": true
      },
      "LINKUSDT": {
        "first_price_month": "2020-01",
        "last_price_month": "2026-06",
        "active_month_count": 78,
        "price_active_month_share": 1.0,
        "funding_active_month_share": 1.0,
        "development_price_months": 36,
        "latest_required": false,
        "latest_present": true,
        "rows": 2357,
        "timestamp_min": "2020-01-17T00:00:00+00:00",
        "timestamp_max": "2026-06-30T00:00:00+00:00",
        "passed": true
      },
      "DOTUSDT": {
        "first_price_month": "2020-08",
        "last_price_month": "2026-06",
        "active_month_count": 71,
        "price_active_month_share": 1.0,
        "funding_active_month_share": 1.0,
        "development_price_months": 36,
        "latest_required": false,
        "latest_present": true,
        "rows": 2139,
        "timestamp_min": "2020-08-22T00:00:00+00:00",
        "timestamp_max": "2026-06-30T00:00:00+00:00",
        "passed": true
      },
      "TRXUSDT": {
        "first_price_month": "2020-01",
        "last_price_month": "2026-06",
        "active_month_count": 78,
        "price_active_month_share": 1.0,
        "funding_active_month_share": 1.0,
        "development_price_months": 36,
        "latest_required": false,
        "latest_present": true,
        "rows": 2354,
        "timestamp_min": "2020-01-15T00:00:00+00:00",
        "timestamp_max": "2026-06-30T00:00:00+00:00",
        "passed": true
      },
      "SOLUSDT": {
        "first_price_month": "2020-09",
        "last_price_month": "2026-06",
        "active_month_count": 70,
        "price_active_month_share": 1.0,
        "funding_active_month_share": 1.0,
        "development_price_months": 36,
        "latest_required": false,
        "latest_present": true,
        "rows": 2111,
        "timestamp_min": "2020-09-14T00:00:00+00:00",
        "timestamp_max": "2026-06-30T00:00:00+00:00",
        "passed": true
      }
    },
    "passed": true,
    "survivor_replacement_permitted": false
  },
  "development_diagnostics": [
    {
      "policy": "persistent_taker_buy_share_l30_k4_r14_beta",
      "family": "persistent_taker_buy_share",
      "lookback_days": 30,
      "long_short_k": 4,
      "rebalance_days": 14,
      "neutralization": "beta",
      "promotable_family": true,
      "eligible_development": false,
      "all_development_years_positive": true,
      "long_leg_pnl": 7667.949076817707,
      "short_leg_pnl": -1029.9167606807862,
      "symbol_count_traded": 13,
      "symbols_traded": "ADAUSDT+BCHUSDT+BNBUSDT+BTCUSDT+DOGEUSDT+DOTUSDT+EOSUSDT+ETHUSDT+LINKUSDT+LTCUSDT+SOLUSDT+TRXUSDT+XRPUSDT",
      "top_positive_asset_pnl_share": 0.46525063527193705,
      "asset_pnl_json": "{\"ADAUSDT\": -32.34998936828371, \"BCHUSDT\": -1464.4500770726643, \"BNBUSDT\": 393.85276475960734, \"BTCUSDT\": 213.87167566751216, \"DOGEUSDT\": 4151.969052614526, \"DOTUSDT\": 193.71300401967, \"EOSUSDT\": 448.88358151313196, \"ETHUSDT\": 743.6704812170724, \"LINKUSDT\": 488.5570202645954, \"LTCUSDT\": -50.27063315790769, \"SOLUSDT\": 1709.1756623429756, \"TRXUSDT\": 580.4623370719993, \"XRPUSDT\": -739.052563735298}",
      "score": 0.23735588451856346,
      "development_total_return": 0.6638032316137004,
      "development_cagr": 0.18526929196545416,
      "development_max_drawdown": -0.11932677987782736,
      "development_sharpe": 1.1513795919593857,
      "development_annual_turnover": 5.3539387582291695,
      "development_average_gross": 0.40404482850781204,
      "development_max_gross": 0.7130367890335104,
      "development_costs": 697.3212910567604,
      "development_funding_pnl": 116.557286032528,
      "development_rebalance_events": 69,
      "development_forced_exits": 1
    },
    {
      "policy": "persistent_taker_buy_share_l30_k4_r14_dollar",
      "family": "persistent_taker_buy_share",
      "lookback_days": 30,
      "long_short_k": 4,
      "rebalance_days": 14,
      "neutralization": "dollar",
      "promotable_family": true,
      "eligible_development": false,
      "all_development_years_positive": false,
      "long_leg_pnl": 7346.445298467859,
      "short_leg_pnl": -1193.6682664275468,
      "symbol_count_traded": 13,
      "symbols_traded": "ADAUSDT+BCHUSDT+BNBUSDT+BTCUSDT+DOGEUSDT+DOTUSDT+EOSUSDT+ETHUSDT+LINKUSDT+LTCUSDT+SOLUSDT+TRXUSDT+XRPUSDT",
      "top_positive_asset_pnl_share": 0.5185630552944882,
      "asset_pnl_json": "{\"ADAUSDT\": -12.219417302810264, \"BCHUSDT\": -1536.8510912622694, \"BNBUSDT\": 497.4403266261237, \"BTCUSDT\": 172.47544723722018, \"DOGEUSDT\": 4377.163999871644, \"DOTUSDT\": 171.32602249545616, \"EOSUSDT\": 461.28192370606337, \"ETHUSDT\": 763.8950239533405, \"LINKUSDT\": 377.9963981610287, \"LTCUSDT\": -22.835811598690288, \"SOLUSDT\": 1088.919348010546, \"TRXUSDT\": 530.449925335976, \"XRPUSDT\": -716.2650631933061}",
      "score": 0.22040150930599303,
      "development_total_return": 0.6152777032040375,
      "development_cagr": 0.17361417115757605,
      "development_max_drawdown": -0.11112883085300596,
      "development_sharpe": 1.047097825954097,
      "development_annual_turnover": 5.406143412936252,
      "development_average_gross": 0.4085512639833803,
      "development_max_gross": 0.70701313702156,
      "development_costs": 710.4808152903668,
      "development_funding_pnl": 136.7799690958971,
      "development_rebalance_events": 69,
      "development_forced_exits": 1
    },
    {
      "policy": "persistent_taker_buy_share_l30_k4_r7_dollar",
      "family": "persistent_taker_buy_share",
      "lookback_days": 30,
      "long_short_k": 4,
      "rebalance_days": 7,
      "neutralization": "dollar",
      "promotable_family": true,
      "eligible_development": false,
      "all_development_years_positive": true,
      "long_leg_pnl": 6285.062389431264,
      "short_leg_pnl": -1842.0541546091524,
      "symbol_count_traded": 13,
      "symbols_traded": "ADAUSDT+BCHUSDT+BNBUSDT+BTCUSDT+DOGEUSDT+DOTUSDT+EOSUSDT+ETHUSDT+LINKUSDT+LTCUSDT+SOLUSDT+TRXUSDT+XRPUSDT",
      "top_positive_asset_pnl_share": 0.39580704854599313,
      "asset_pnl_json": "{\"ADAUSDT\": 294.7407297909561, \"BCHUSDT\": -1769.9607344328797, \"BNBUSDT\": 883.207534197218, \"BTCUSDT\": 214.1801698759318, \"DOGEUSDT\": 3224.664186637292, \"DOTUSDT\": 827.3522392616235, \"EOSUSDT\": 70.2084579464173, \"ETHUSDT\": 887.5046961770145, \"LINKUSDT\": 42.83224845968883, \"LTCUSDT\": -149.71523938575854, \"SOLUSDT\": 1003.8304843408654, \"TRXUSDT\": 698.5402985449423, \"XRPUSDT\": -1784.3768365912092}",
      "score": 0.17255288542960748,
      "development_total_return": 0.44430082348221145,
      "development_cagr": 0.13058509682853914,
      "development_max_drawdown": -0.09741077868217318,
      "development_sharpe": 0.9565419050719725,
      "development_annual_turnover": 7.470864522778471,
      "development_average_gross": 0.40553996417121907,
      "development_max_gross": 0.6960799766469781,
      "development_costs": 902.8970422661274,
      "development_funding_pnl": 149.49084456215667,
      "development_rebalance_events": 109,
      "development_forced_exits": 1
    },
    {
      "policy": "persistent_taker_buy_share_l30_k4_r7_beta",
      "family": "persistent_taker_buy_share",
      "lookback_days": 30,
      "long_short_k": 4,
      "rebalance_days": 7,
      "neutralization": "beta",
      "promotable_family": true,
      "eligible_development": false,
      "all_development_years_positive": true,
      "long_leg_pnl": 6486.7084859343095,
      "short_leg_pnl": -2260.1017174573954,
      "symbol_count_traded": 13,
      "symbols_traded": "ADAUSDT+BCHUSDT+BNBUSDT+BTCUSDT+DOGEUSDT+DOTUSDT+EOSUSDT+ETHUSDT+LINKUSDT+LTCUSDT+SOLUSDT+TRXUSDT+XRPUSDT",
      "top_positive_asset_pnl_share": 0.36762155342620056,
      "asset_pnl_json": "{\"ADAUSDT\": 361.8130418339154, \"BCHUSDT\": -1724.2961894919229, \"BNBUSDT\": 879.0836364238389, \"BTCUSDT\": 324.0323166569245, \"DOGEUSDT\": 3093.2373272391683, \"DOTUSDT\": 676.4627163150886, \"EOSUSDT\": -92.26246520759224, \"ETHUSDT\": 827.0656312504726, \"LINKUSDT\": 9.412649178403296, \"LTCUSDT\": -292.8481618287187, \"SOLUSDT\": 1506.159089497307, \"TRXUSDT\": 736.9228533890939, \"XRPUSDT\": -2078.1756767790944}",
      "score": 0.16507940257632642,
      "development_total_return": 0.42266067684767816,
      "development_cagr": 0.12490115224021126,
      "development_max_drawdown": -0.1081952554743516,
      "development_sharpe": 0.949327265446535,
      "development_annual_turnover": 7.595909867509446,
      "development_average_gross": 0.4031563967967169,
      "development_max_gross": 0.7119548107269484,
      "development_costs": 886.2482936553998,
      "development_funding_pnl": 109.0231856353179,
      "development_rebalance_events": 113,
      "development_forced_exits": 1
    },
    {
      "policy": "low_abnormal_trade_intensity_l30_k3_r14_dollar",
      "family": "low_abnormal_trade_intensity",
      "lookback_days": 30,
      "long_short_k": 3,
      "rebalance_days": 14,
      "neutralization": "dollar",
      "promotable_family": true,
      "eligible_development": false,
      "all_development_years_positive": false,
      "long_leg_pnl": 7238.595226776727,
      "short_leg_pnl": -3713.7759814708706,
      "symbol_count_traded": 13,
      "symbols_traded": "ADAUSDT+BCHUSDT+BNBUSDT+BTCUSDT+DOGEUSDT+DOTUSDT+EOSUSDT+ETHUSDT+LINKUSDT+LTCUSDT+SOLUSDT+TRXUSDT+XRPUSDT",
      "top_positive_asset_pnl_share": 0.6451915703907379,
      "asset_pnl_json": "{\"ADAUSDT\": -614.1464363354758, \"BCHUSDT\": -867.0636487619073, \"BNBUSDT\": -1026.7616414937638, \"BTCUSDT\": 62.00190704247511, \"DOGEUSDT\": 5477.2566350753805, \"DOTUSDT\": 323.46161483474873, \"EOSUSDT\": -683.7821321136125, \"ETHUSDT\": 1031.7875414525895, \"LINKUSDT\": -96.52568194902385, \"LTCUSDT\": -176.89184576833537, \"SOLUSDT\": 1033.8190069872, \"TRXUSDT\": 561.0226389554713, \"XRPUSDT\": -1499.3587126198895}",
      "score": 0.12468421673876827,
      "development_total_return": 0.3524819245305906,
      "development_cagr": 0.10606210132220917,
      "development_max_drawdown": -0.14134025911395975,
      "development_sharpe": 0.6598457640627428,
      "development_annual_turnover": 8.015598667060617,
      "development_average_gross": 0.4034266321859785,
      "development_max_gross": 0.7239354554525365,
      "development_costs": 913.6155843994427,
      "development_funding_pnl": -312.6622034784427,
      "development_rebalance_events": 78,
      "development_forced_exits": 2
    },
    {
      "policy": "persistent_taker_buy_share_l14_k3_r7_dollar",
      "family": "persistent_taker_buy_share",
      "lookback_days": 14,
      "long_short_k": 3,
      "rebalance_days": 7,
      "neutralization": "dollar",
      "promotable_family": true,
      "eligible_development": false,
      "all_development_years_positive": false,
      "long_leg_pnl": 7132.214541011133,
      "short_leg_pnl": -3857.4361023196434,
      "symbol_count_traded": 13,
      "symbols_traded": "ADAUSDT+BCHUSDT+BNBUSDT+BTCUSDT+DOGEUSDT+DOTUSDT+EOSUSDT+ETHUSDT+LINKUSDT+LTCUSDT+SOLUSDT+TRXUSDT+XRPUSDT",
      "top_positive_asset_pnl_share": 0.4602051447113874,
      "asset_pnl_json": "{\"ADAUSDT\": -130.32468315381237, \"BCHUSDT\": -35.123052058149604, \"BNBUSDT\": 1653.7676423692442, \"BTCUSDT\": 26.852572366527777, \"DOGEUSDT\": 598.0841663728023, \"DOTUSDT\": 567.2944103906831, \"EOSUSDT\": -130.53617518108183, \"ETHUSDT\": 68.8145279625054, \"LINKUSDT\": -877.3678671890505, \"LTCUSDT\": -625.8200498939058, \"SOLUSDT\": 3684.121753279053, \"TRXUSDT\": 1406.4551225154964, \"XRPUSDT\": -2931.4399290888364}",
      "score": 0.11903862465633387,
      "development_total_return": 0.32747784386914813,
      "development_cagr": 0.09919273648796034,
      "development_max_drawdown": -0.13471884526240885,
      "development_sharpe": 0.7055180147611435,
      "development_annual_turnover": 12.637862571612057,
      "development_average_gross": 0.404239904128043,
      "development_max_gross": 0.7683285726391411,
      "development_costs": 1522.785946175491,
      "development_funding_pnl": 439.82352745120744,
      "development_rebalance_events": 134,
      "development_forced_exits": 0
    },
    {
      "policy": "persistent_taker_buy_share_l14_k3_r7_beta",
      "family": "persistent_taker_buy_share",
      "lookback_days": 14,
      "long_short_k": 3,
      "rebalance_days": 7,
      "neutralization": "beta",
      "promotable_family": true,
      "eligible_development": false,
      "all_development_years_positive": false,
      "long_leg_pnl": 7293.520863164968,
      "short_leg_pnl": -4249.768399468747,
      "symbol_count_traded": 13,
      "symbols_traded": "ADAUSDT+BCHUSDT+BNBUSDT+BTCUSDT+DOGEUSDT+DOTUSDT+EOSUSDT+ETHUSDT+LINKUSDT+LTCUSDT+SOLUSDT+TRXUSDT+XRPUSDT",
      "top_positive_asset_pnl_share": 0.46061811332203406,
      "asset_pnl_json": "{\"ADAUSDT\": -45.82806728334562, \"BCHUSDT\": -64.83413152801927, \"BNBUSDT\": 1771.17862798227, \"BTCUSDT\": -34.40091463654964, \"DOGEUSDT\": 604.2078864426284, \"DOTUSDT\": 418.86962924738003, \"EOSUSDT\": -110.64480698924639, \"ETHUSDT\": 120.8775190023007, \"LINKUSDT\": -742.4273550877828, \"LTCUSDT\": -694.7429187279633, \"SOLUSDT\": 3637.498808001547, \"TRXUSDT\": 1344.362247502587, \"XRPUSDT\": -3160.3640602295563}",
      "score": 0.11150970030466344,
      "development_total_return": 0.3043752463696261,
      "development_cagr": 0.09276872986322315,
      "development_max_drawdown": -0.12089255701583168,
      "development_sharpe": 0.6579882395230314,
      "development_annual_turnover": 12.462434176083546,
      "development_average_gross": 0.40433416503637953,
      "development_max_gross": 0.7854723537115447,
      "development_costs": 1466.221622289666,
      "development_funding_pnl": 394.81224666041186,
      "development_rebalance_events": 134,
      "development_forced_exits": 0
    },
    {
      "policy": "low_abnormal_trade_intensity_l60_k3_r14_dollar",
      "family": "low_abnormal_trade_intensity",
      "lookback_days": 60,
      "long_short_k": 3,
      "rebalance_days": 14,
      "neutralization": "dollar",
      "promotable_family": true,
      "eligible_development": false,
      "all_development_years_positive": false,
      "long_leg_pnl": 6176.075120184306,
      "short_leg_pnl": -3159.9761204533306,
      "symbol_count_traded": 13,
      "symbols_traded": "ADAUSDT+BCHUSDT+BNBUSDT+BTCUSDT+DOGEUSDT+DOTUSDT+EOSUSDT+ETHUSDT+LINKUSDT+LTCUSDT+SOLUSDT+TRXUSDT+XRPUSDT",
      "top_positive_asset_pnl_share": 0.3933887208260565,
      "asset_pnl_json": "{\"ADAUSDT\": -2591.6758672262185, \"BCHUSDT\": -323.57630524906654, \"BNBUSDT\": -375.2851172561429, \"BTCUSDT\": -7.071708059014896, \"DOGEUSDT\": 2543.410082912569, \"DOTUSDT\": 417.42542499705615, \"EOSUSDT\": -583.4564879666344, \"ETHUSDT\": 512.2320772700238, \"LINKUSDT\": 1252.3137361392521, \"LTCUSDT\": -481.1501890300922, \"SOLUSDT\": 3083.247069502678, \"TRXUSDT\": 29.031679930647663, \"XRPUSDT\": -459.3453962341041}",
      "score": 0.09948265147271558,
      "development_total_return": 0.3016098999730952,
      "development_cagr": 0.09199472060476599,
      "development_max_drawdown": -0.19342154938957423,
      "development_sharpe": 0.5660903821941967,
      "development_annual_turnover": 6.533812273906621,
      "development_average_gross": 0.40800986469476996,
      "development_max_gross": 0.770418719047933,
      "development_costs": 689.2600935264454,
      "development_funding_pnl": -383.4774740765632,
      "development_rebalance_events": 67,
      "development_forced_exits": 2
    },
    {
      "policy": "persistent_taker_buy_share_l14_k4_r7_beta",
      "family": "persistent_taker_buy_share",
      "lookback_days": 14,
      "long_short_k": 4,
      "rebalance_days": 7,
      "neutralization": "beta",
      "promotable_family": true,
      "eligible_development": false,
      "all_development_years_positive": false,
      "long_leg_pnl": 7290.463299739504,
      "short_leg_pnl": -4678.370600878098,
      "symbol_count_traded": 13,
      "symbols_traded": "ADAUSDT+BCHUSDT+BNBUSDT+BTCUSDT+DOGEUSDT+DOTUSDT+EOSUSDT+ETHUSDT+LINKUSDT+LTCUSDT+SOLUSDT+TRXUSDT+XRPUSDT",
      "top_positive_asset_pnl_share": 0.2780253608507577,
      "asset_pnl_json": "{\"ADAUSDT\": 131.02630399135188, \"BCHUSDT\": -441.7189134325156, \"BNBUSDT\": 1754.406670060673, \"BTCUSDT\": 228.05655684888254, \"DOGEUSDT\": 857.7246397443628, \"DOTUSDT\": -123.30556316331104, \"EOSUSDT\": 86.9275110659892, \"ETHUSDT\": 500.7417838204494, \"LINKUSDT\": -402.1037562821328, \"LTCUSDT\": -878.7126332598143, \"SOLUSDT\": 1833.4884722821118, \"TRXUSDT\": 1202.3087297038355, \"XRPUSDT\": -2136.7471025184627}",
      "score": 0.09807110377112724,
      "development_total_return": 0.26120926988614923,
      "development_cagr": 0.08055970418151692,
      "development_max_drawdown": -0.12164483130222548,
      "development_sharpe": 0.6341177196034509,
      "development_annual_turnover": 11.87656766065935,
      "development_average_gross": 0.40332609287954474,
      "development_max_gross": 0.701827382155744,
      "development_costs": 1351.6772503702432,
      "development_funding_pnl": 280.9611937961595,
      "development_rebalance_events": 141,
      "development_forced_exits": 1
    },
    {
      "policy": "low_abnormal_trade_intensity_l60_k3_r7_dollar",
      "family": "low_abnormal_trade_intensity",
      "lookback_days": 60,
      "long_short_k": 3,
      "rebalance_days": 7,
      "neutralization": "dollar",
      "promotable_family": true,
      "eligible_development": false,
      "all_development_years_positive": true,
      "long_leg_pnl": 6014.25171406678,
      "short_leg_pnl": -3087.029068144473,
      "symbol_count_traded": 13,
      "symbols_traded": "ADAUSDT+BCHUSDT+BNBUSDT+BTCUSDT+DOGEUSDT+DOTUSDT+EOSUSDT+ETHUSDT+LINKUSDT+LTCUSDT+SOLUSDT+TRXUSDT+XRPUSDT",
      "top_positive_asset_pnl_share": 0.31649030767795533,
      "asset_pnl_json": "{\"ADAUSDT\": -2127.4118001412235, \"BCHUSDT\": -337.76604267473937, \"BNBUSDT\": -516.1198852886885, \"BTCUSDT\": 355.1535262010855, \"DOGEUSDT\": 2524.964437301905, \"DOTUSDT\": 422.5164253597207, \"EOSUSDT\": -875.0510455976707, \"ETHUSDT\": 879.555753164295, \"LINKUSDT\": 1490.0008455536777, \"LTCUSDT\": -421.13536409036294, \"SOLUSDT\": 2632.688542010289, \"TRXUSDT\": 13.506462466581793, \"XRPUSDT\": -1113.6792083425496}",
      "score": 0.0972974516557332,
      "development_total_return": 0.2927222645922334,
      "development_cagr": 0.08949966491779171,
      "development_max_drawdown": -0.18922774020074962,
      "development_sharpe": 0.5708267253701018,
      "development_annual_turnover": 7.4889759203493105,
      "development_average_gross": 0.40425331371850015,
      "development_max_gross": 0.739136055691202,
      "development_costs": 772.4779325836976,
      "development_funding_pnl": -361.46277727902196,
      "development_rebalance_events": 96,
      "development_forced_exits": 2
    },
    {
      "policy": "low_abnormal_trade_intensity_l30_k3_r14_beta",
      "family": "low_abnormal_trade_intensity",
      "lookback_days": 30,
      "long_short_k": 3,
      "rebalance_days": 14,
      "neutralization": "beta",
      "promotable_family": true,
      "eligible_development": false,
      "all_development_years_positive": false,
      "long_leg_pnl": 6668.314310210181,
      "short_leg_pnl": -3892.8280276585356,
      "symbol_count_traded": 13,
      "symbols_traded": "ADAUSDT+BCHUSDT+BNBUSDT+BTCUSDT+DOGEUSDT+DOTUSDT+EOSUSDT+ETHUSDT+LINKUSDT+LTCUSDT+SOLUSDT+TRXUSDT+XRPUSDT",
      "top_positive_asset_pnl_share": 0.6434263602810398,
      "asset_pnl_json": "{\"ADAUSDT\": -760.3277374825519, \"BCHUSDT\": -781.640733154606, \"BNBUSDT\": -1147.6238609572324, \"BTCUSDT\": -21.693911661306554, \"DOGEUSDT\": 4997.231912996851, \"DOTUSDT\": 294.62355447404866, \"EOSUSDT\": -570.2992560132747, \"ETHUSDT\": 950.9180144029131, \"LINKUSDT\": -151.0809895872569, \"LTCUSDT\": -148.31370722382, \"SOLUSDT\": 1019.1900743044555, \"TRXUSDT\": 504.63138222949016, \"XRPUSDT\": -1410.1284597760318}",
      "score": 0.09384900294646356,
      "development_total_return": 0.27754862825517224,
      "development_cagr": 0.08521337838064236,
      "development_max_drawdown": -0.16553490438585305,
      "development_sharpe": 0.5419216609393814,
      "development_annual_turnover": 8.030973128478609,
      "development_average_gross": 0.40374016533987006,
      "development_max_gross": 0.7240911806206595,
      "development_costs": 868.654585147839,
      "development_funding_pnl": -245.5078519968581,
      "development_rebalance_events": 78,
      "development_forced_exits": 2
    },
    {
      "policy": "low_abnormal_trade_intensity_l60_k4_r7_beta",
      "family": "low_abnormal_trade_intensity",
      "lookback_days": 60,
      "long_short_k": 4,
      "rebalance_days": 7,
      "neutralization": "beta",
      "promotable_family": true,
      "eligible_development": false,
      "all_development_years_positive": true,
      "long_leg_pnl": 6153.328519179899,
      "short_leg_pnl": -3580.531255096517,
      "symbol_count_traded": 13,
      "symbols_traded": "ADAUSDT+BCHUSDT+BNBUSDT+BTCUSDT+DOGEUSDT+DOTUSDT+EOSUSDT+ETHUSDT+LINKUSDT+LTCUSDT+SOLUSDT+TRXUSDT+XRPUSDT",
      "top_positive_asset_pnl_share": 0.33143268794619796,
      "asset_pnl_json": "{\"ADAUSDT\": -1507.958960662051, \"BCHUSDT\": -676.0570907759266, \"BNBUSDT\": -529.2648220346545, \"BTCUSDT\": 309.53596380478615, \"DOGEUSDT\": 1907.6080971142355, \"DOTUSDT\": 722.7193276675536, \"EOSUSDT\": -218.60464829844852, \"ETHUSDT\": 143.802556808909, \"LINKUSDT\": 720.969128832092, \"LTCUSDT\": 139.77987013491435, \"SOLUSDT\": 1630.7736232181549, \"TRXUSDT\": 180.45403042375258, \"XRPUSDT\": -250.95981214990377}",
      "score": 0.09191807686093179,
      "development_total_return": 0.2572797264083526,
      "development_cagr": 0.07943453214355145,
      "development_max_drawdown": -0.15426901204700283,
      "development_sharpe": 0.5727315886512574,
      "development_annual_turnover": 6.73613831210953,
      "development_average_gross": 0.40513290083992864,
      "development_max_gross": 0.7228664471453929,
      "development_costs": 710.8623936583017,
      "development_funding_pnl": -314.5743338135514,
      "development_rebalance_events": 99,
      "development_forced_exits": 3
    }
  ],
  "limitations": [
    "Daily quote volume is an exchange-reported liquidity proxy, not executable order-book depth.",
    "Public daily archives are not executable bid/ask or queue observations.",
    "Fixed universe includes delisted names; forced exits carry a 100 bps penalty.",
    "Program-level holdout is not pristine."
  ],
  "data_manifest_sha256": "0590e193161898fee262f28bdc055e2a7f4851450402bc7b466f83b34b5c0d60"
}
{
  "candidate": "ACTIVE_V349_CRYPTO_ATTENTION_FLOW",
  "status": "rejected_before_validation",
  "eligible_policy_count": 0,
  "standalone_selection_passed": false,
  "integration_permitted": false,
  "promoted_candidates": [],
  "live_ready": false,
  "real_leverage_authorized": false,
  "profitability_proven": false,
  "selection": {
    "candidate": "ACTIVE_V349_CRYPTO_ATTENTION_FLOW",
    "selection_cutoff": "2023-12-31T23:59:59Z",
    "selection_uses_2024": false,
    "selection_uses_2025": false,
    "selection_uses_2026": false,
    "program_level_holdout_pristine": false,
    "policy_count": 144,
    "promotable_policy_count": 108,
    "eligible_policy_count": 0,
    "development_gates": {
      "cagr_min": 0.05,
      "sharpe_min": 1.0,
      "max_drawdown_min": -0.15,
      "rebalance_events_min": 24,
      "annual_turnover_max": 20.0,
      "max_realized_gross": 0.7,
      "all_development_years_positive": true,
      "net_long_leg_pnl_positive": true,
      "net_short_leg_pnl_positive": true,
      "symbols_traded_min": 10,
      "top_positive_asset_pnl_share_max": 0.35
    },
    "post_selection_gates": {
      "validation_return_positive": true,
      "holdout_return_positive": true,
      "final_return_positive": true,
      "full_cagr_min": 0.06,
      "full_sharpe_min": 0.8,
      "full_max_drawdown_min": -0.15,
      "severe_full_cagr_positive": true,
      "extreme_full_cagr_positive": true,
      "latency_full_cagr_positive": true,
      "worst_calendar_year_min": -0.1,
      "full_long_leg_pnl_positive": true,
      "full_short_leg_pnl_positive": true,
      "top_positive_asset_pnl_share_max": 0.35,
      "forced_exit_count_max": 4
    },
    "coverage_gate": {
      "candidate": "V349_FIXED_UNIVERSE_DATA_COVERAGE",
      "fixed_universe_size": 13,
      "minimum_price_active_month_share": 0.95,
      "minimum_funding_active_month_share": 0.9,
      "minimum_development_price_months": 34,
      "details": {
        "BTCUSDT": {
          "first_price_month": "2020-01",
          "last_price_month": "2026-06",
          "active_month_count": 78,
          "price_active_month_share": 1.0,
          "funding_active_month_share": 1.0,
          "development_price_months": 36,
          "latest_required": true,
          "latest_present": true,
          "rows": 2373,
          "timestamp_min": "2020-01-01T00:00:00+00:00",
          "timestamp_max": "2026-06-30T00:00:00+00:00",
          "passed": true
        },
        "ETHUSDT": {
          "first_price_month": "2020-01",
          "last_price_month": "2026-06",
          "active_month_count": 78,
          "price_active_month_share": 1.0,
          "funding_active_month_share": 1.0,
          "development_price_months": 36,
          "latest_required": true,
          "latest_present": true,
          "rows": 2373,
          "timestamp_min": "2020-01-01T00:00:00+00:00",
          "timestamp_max": "2026-06-30T00:00:00+00:00",
          "passed": true
        },
        "BNBUSDT": {
          "first_price_month": "2020-02",
          "last_price_month": "2026-06",
          "active_month_count": 77,
          "price_active_month_share": 1.0,
          "funding_active_month_share": 1.0,
          "development_price_months": 36,
          "latest_required": false,
          "latest_present": true,
          "rows": 2333,
          "timestamp_min": "2020-02-10T00:00:00+00:00",
          "timestamp_max": "2026-06-30T00:00:00+00:00",
          "passed": true
        },
        "XRPUSDT": {
          "first_price_month": "2020-01",
          "last_price_month": "2026-06",
          "active_month_count": 78,
          "price_active_month_share": 1.0,
          "funding_active_month_share": 1.0,
          "development_price_months": 36,
          "latest_required": false,
          "latest_present": true,
          "rows": 2363,
          "timestamp_min": "2020-01-06T00:00:00+00:00",
          "timestamp_max": "2026-06-30T00:00:00+00:00",
          "passed": true
        },
        "ADAUSDT": {
          "first_price_month": "2020-01",
          "last_price_month": "2026-06",
          "active_month_count": 78,
          "price_active_month_share": 1.0,
          "funding_active_month_share": 1.0,
          "development_price_months": 36,
          "latest_required": false,
          "latest_present": true,
          "rows": 2343,
          "timestamp_min": "2020-01-31T00:00:00+00:00",
          "timestamp_max": "2026-06-30T00:00:00+00:00",
          "passed": true
        },
        "LTCUSDT": {
          "first_price_month": "2020-01",
          "last_price_month": "2026-06",
          "active_month_count": 78,
          "price_active_month_share": 1.0,
          "funding_active_month_share": 1.0,
          "development_price_months": 36,
          "latest_required": false,
          "latest_present": true,
          "rows": 2360,
          "timestamp_min": "2020-01-09T00:00:00+00:00",
          "timestamp_max": "2026-06-30T00:00:00+00:00",
          "passed": true
        },
        "BCHUSDT": {
          "first_price_month": "2020-01",
          "last_price_month": "2026-06",
          "active_month_count": 78,
          "price_active_month_share": 1.0,
          "funding_active_month_share": 1.0,
          "development_price_months": 36,
          "latest_required": false,
          "latest_present": true,
          "rows": 2373,
          "timestamp_min": "2020-01-01T00:00:00+00:00",
          "timestamp_max": "2026-06-30T00:00:00+00:00",
          "passed": true
        },
        "EOSUSDT": {
          "first_price_month": "2020-01",
          "last_price_month": "2025-05",
          "active_month_count": 65,
          "price_active_month_share": 1.0,
          "funding_active_month_share": 1.0,
          "development_price_months": 36,
          "latest_required": false,
          "latest_present": false,
          "rows": 1961,
          "timestamp_min": "2020-01-08T00:00:00+00:00",
          "timestamp_max": "2025-05-21T00:00:00+00:00",
          "passed": true
        },
        "DOGEUSDT": {
          "first_price_month": "2020-07",
          "last_price_month": "2026-06",
          "active_month_count": 72,
          "price_active_month_share": 1.0,
          "funding_active_month_share": 1.0,
          "development_price_months": 36,
          "latest_required": false,
          "latest_present": true,
          "rows": 2182,
          "timestamp_min": "2020-07-10T00:00:00+00:00",
          "timestamp_max": "2026-06-30T00:00:00+00:00",
          "passed": true
        },
        "LINKUSDT": {
          "first_price_month": "2020-01",
          "last_price_month": "2026-06",
          "active_month_count": 78,
          "price_active_month_share": 1.0,
          "funding_active_month_share": 1.0,
          "development_price_months": 36,
          "latest_required": false,
          "latest_present": true,
          "rows": 2357,
          "timestamp_min": "2020-01-17T00:00:00+00:00",
          "timestamp_max": "2026-06-30T00:00:00+00:00",
          "passed": true
        },
        "DOTUSDT": {
          "first_price_month": "2020-08",
          "last_price_month": "2026-06",
          "active_month_count": 71,
          "price_active_month_share": 1.0,
          "funding_active_month_share": 1.0,
          "development_price_months": 36,
          "latest_required": false,
          "latest_present": true,
          "rows": 2139,
          "timestamp_min": "2020-08-22T00:00:00+00:00",
          "timestamp_max": "2026-06-30T00:00:00+00:00",
          "passed": true
        },
        "TRXUSDT": {
          "first_price_month": "2020-01",
          "last_price_month": "2026-06",
          "active_month_count": 78,
          "price_active_month_share": 1.0,
          "funding_active_month_share": 1.0,
          "development_price_months": 36,
          "latest_required": false,
          "latest_present": true,
          "rows": 2354,
          "timestamp_min": "2020-01-15T00:00:00+00:00",
          "timestamp_max": "2026-06-30T00:00:00+00:00",
          "passed": true
        },
        "SOLUSDT": {
          "first_price_month": "2020-09",
          "last_price_month": "2026-06",
          "active_month_count": 70,
          "price_active_month_share": 1.0,
          "funding_active_month_share": 1.0,
          "development_price_months": 36,
          "latest_required": false,
          "latest_present": true,
          "rows": 2111,
          "timestamp_min": "2020-09-14T00:00:00+00:00",
          "timestamp_max": "2026-06-30T00:00:00+00:00",
          "passed": true
        }
      },
      "passed": true,
      "survivor_replacement_permitted": false
    },
    "ranking_sha256": "852a8471a6f5c88ef4ca84a24d6cc8a2ca30b3d518477d091be8ede232e9439e",
    "design_sha256": "0cdd4de57dbc5b8e5093afaa7fb96eb20b88e17ad590b32ef68ae3b6bb33db70",
    "selected": null,
    "window_pairs": {
      "14": [
        14,
        90
      ],
      "30": [
        30,
        180
      ],
      "60": [
        60,
        240
      ]
    },
    "selection_proof_sha256": "f43e583331ecea52724bcff0d1de0963c86c60056d18cae351ed7df0a84ddc01"
  },
  "coverage_gate": {
    "candidate": "V349_FIXED_UNIVERSE_DATA_COVERAGE",
    "fixed_universe_size": 13,
    "minimum_price_active_month_share": 0.95,
    "minimum_funding_active_month_share": 0.9,
    "minimum_development_price_months": 34,
    "details": {
      "BTCUSDT": {
        "first_price_month": "2020-01",
        "last_price_month": "2026-06",
        "active_month_count": 78,
        "price_active_month_share": 1.0,
        "funding_active_month_share": 1.0,
        "development_price_months": 36,
        "latest_required": true,
        "latest_present": true,
        "rows": 2373,
        "timestamp_min": "2020-01-01T00:00:00+00:00",
        "timestamp_max": "2026-06-30T00:00:00+00:00",
        "passed": true
      },
      "ETHUSDT": {
        "first_price_month": "2020-01",
        "last_price_month": "2026-06",
        "active_month_count": 78,
        "price_active_month_share": 1.0,
        "funding_active_month_share": 1.0,
        "development_price_months": 36,
        "latest_required": true,
        "latest_present": true,
        "rows": 2373,
        "timestamp_min": "2020-01-01T00:00:00+00:00",
        "timestamp_max": "2026-06-30T00:00:00+00:00",
        "passed": true
      },
      "BNBUSDT": {
        "first_price_month": "2020-02",
        "last_price_month": "2026-06",
        "active_month_count": 77,
        "price_active_month_share": 1.0,
        "funding_active_month_share": 1.0,
        "development_price_months": 36,
        "latest_required": false,
        "latest_present": true,
        "rows": 2333,
        "timestamp_min": "2020-02-10T00:00:00+00:00",
        "timestamp_max": "2026-06-30T00:00:00+00:00",
        "passed": true
      },
      "XRPUSDT": {
        "first_price_month": "2020-01",
        "last_price_month": "2026-06",
        "active_month_count": 78,
        "price_active_month_share": 1.0,
        "funding_active_month_share": 1.0,
        "development_price_months": 36,
        "latest_required": false,
        "latest_present": true,
        "rows": 2363,
        "timestamp_min": "2020-01-06T00:00:00+00:00",
        "timestamp_max": "2026-06-30T00:00:00+00:00",
        "passed": true
      },
      "ADAUSDT": {
        "first_price_month": "2020-01",
        "last_price_month": "2026-06",
        "active_month_count": 78,
        "price_active_month_share": 1.0,
        "funding_active_month_share": 1.0,
        "development_price_months": 36,
        "latest_required": false,
        "latest_present": true,
        "rows": 2343,
        "timestamp_min": "2020-01-31T00:00:00+00:00",
        "timestamp_max": "2026-06-30T00:00:00+00:00",
        "passed": true
      },
      "LTCUSDT": {
        "first_price_month": "2020-01",
        "last_price_month": "2026-06",
        "active_month_count": 78,
        "price_active_month_share": 1.0,
        "funding_active_month_share": 1.0,
        "development_price_months": 36,
        "latest_required": false,
        "latest_present": true,
        "rows": 2360,
        "timestamp_min": "2020-01-09T00:00:00+00:00",
        "timestamp_max": "2026-06-30T00:00:00+00:00",
        "passed": true
      },
      "BCHUSDT": {
        "first_price_month": "2020-01",
        "last_price_month": "2026-06",
        "active_month_count": 78,
        "price_active_month_share": 1.0,
        "funding_active_month_share": 1.0,
        "development_price_months": 36,
        "latest_required": false,
        "latest_present": true,
        "rows": 2373,
        "timestamp_min": "2020-01-01T00:00:00+00:00",
        "timestamp_max": "2026-06-30T00:00:00+00:00",
        "passed": true
      },
      "EOSUSDT": {
        "first_price_month": "2020-01",
        "last_price_month": "2025-05",
        "active_month_count": 65,
        "price_active_month_share": 1.0,
        "funding_active_month_share": 1.0,
        "development_price_months": 36,
        "latest_required": false,
        "latest_present": false,
        "rows": 1961,
        "timestamp_min": "2020-01-08T00:00:00+00:00",
        "timestamp_max": "2025-05-21T00:00:00+00:00",
        "passed": true
      },
      "DOGEUSDT": {
        "first_price_month": "2020-07",
        "last_price_month": "2026-06",
        "active_month_count": 72,
        "price_active_month_share": 1.0,
        "funding_active_month_share": 1.0,
        "development_price_months": 36,
        "latest_required": false,
        "latest_present": true,
        "rows": 2182,
        "timestamp_min": "2020-07-10T00:00:00+00:00",
        "timestamp_max": "2026-06-30T00:00:00+00:00",
        "passed": true
      },
      "LINKUSDT": {
        "first_price_month": "2020-01",
        "last_price_month": "2026-06",
        "active_month_count": 78,
        "price_active_month_share": 1.0,
        "funding_active_month_share": 1.0,
        "development_price_months": 36,
        "latest_required": false,
        "latest_present": true,
        "rows": 2357,
        "timestamp_min": "2020-01-17T00:00:00+00:00",
        "timestamp_max": "2026-06-30T00:00:00+00:00",
        "passed": true
      },
      "DOTUSDT": {
        "first_price_month": "2020-08",
        "last_price_month": "2026-06",
        "active_month_count": 71,
        "price_active_month_share": 1.0,
        "funding_active_month_share": 1.0,
        "development_price_months": 36,
        "latest_required": false,
        "latest_present": true,
        "rows": 2139,
        "timestamp_min": "2020-08-22T00:00:00+00:00",
        "timestamp_max": "2026-06-30T00:00:00+00:00",
        "passed": true
      },
      "TRXUSDT": {
        "first_price_month": "2020-01",
        "last_price_month": "2026-06",
        "active_month_count": 78,
        "price_active_month_share": 1.0,
        "funding_active_month_share": 1.0,
        "development_price_months": 36,
        "latest_required": false,
        "latest_present": true,
        "rows": 2354,
        "timestamp_min": "2020-01-15T00:00:00+00:00",
        "timestamp_max": "2026-06-30T00:00:00+00:00",
        "passed": true
      },
      "SOLUSDT": {
        "first_price_month": "2020-09",
        "last_price_month": "2026-06",
        "active_month_count": 70,
        "price_active_month_share": 1.0,
        "funding_active_month_share": 1.0,
        "development_price_months": 36,
        "latest_required": false,
        "latest_present": true,
        "rows": 2111,
        "timestamp_min": "2020-09-14T00:00:00+00:00",
        "timestamp_max": "2026-06-30T00:00:00+00:00",
        "passed": true
      }
    },
    "passed": true,
    "survivor_replacement_permitted": false
  },
  "development_diagnostics": [
    {
      "policy": "persistent_taker_buy_share_l30_k4_r14_beta",
      "family": "persistent_taker_buy_share",
      "lookback_days": 30,
      "long_short_k": 4,
      "rebalance_days": 14,
      "neutralization": "beta",
      "promotable_family": true,
      "eligible_development": false,
      "all_development_years_positive": true,
      "long_leg_pnl": 7667.949076817707,
      "short_leg_pnl": -1029.9167606807862,
      "symbol_count_traded": 13,
      "symbols_traded": "ADAUSDT+BCHUSDT+BNBUSDT+BTCUSDT+DOGEUSDT+DOTUSDT+EOSUSDT+ETHUSDT+LINKUSDT+LTCUSDT+SOLUSDT+TRXUSDT+XRPUSDT",
      "top_positive_asset_pnl_share": 0.46525063527193705,
      "asset_pnl_json": "{\"ADAUSDT\": -32.34998936828371, \"BCHUSDT\": -1464.4500770726643, \"BNBUSDT\": 393.85276475960734, \"BTCUSDT\": 213.87167566751216, \"DOGEUSDT\": 4151.969052614526, \"DOTUSDT\": 193.71300401967, \"EOSUSDT\": 448.88358151313196, \"ETHUSDT\": 743.6704812170724, \"LINKUSDT\": 488.5570202645954, \"LTCUSDT\": -50.27063315790769, \"SOLUSDT\": 1709.1756623429756, \"TRXUSDT\": 580.4623370719993, \"XRPUSDT\": -739.052563735298}",
      "score": 0.23735588451856346,
      "development_total_return": 0.6638032316137004,
      "development_cagr": 0.18526929196545416,
      "development_max_drawdown": -0.11932677987782736,
      "development_sharpe": 1.1513795919593857,
      "development_annual_turnover": 5.3539387582291695,
      "development_average_gross": 0.40404482850781204,
      "development_max_gross": 0.7130367890335104,
      "development_costs": 697.3212910567604,
      "development_funding_pnl": 116.557286032528,
      "development_rebalance_events": 69,
      "development_forced_exits": 1
    },
    {
      "policy": "persistent_taker_buy_share_l30_k4_r14_dollar",
      "family": "persistent_taker_buy_share",
      "lookback_days": 30,
      "long_short_k": 4,
      "rebalance_days": 14,
      "neutralization": "dollar",
      "promotable_family": true,
      "eligible_development": false,
      "all_development_years_positive": false,
      "long_leg_pnl": 7346.445298467859,
      "short_leg_pnl": -1193.6682664275468,
      "symbol_count_traded": 13,
      "symbols_traded": "ADAUSDT+BCHUSDT+BNBUSDT+BTCUSDT+DOGEUSDT+DOTUSDT+EOSUSDT+ETHUSDT+LINKUSDT+LTCUSDT+SOLUSDT+TRXUSDT+XRPUSDT",
      "top_positive_asset_pnl_share": 0.5185630552944882,
      "asset_pnl_json": "{\"ADAUSDT\": -12.219417302810264, \"BCHUSDT\": -1536.8510912622694, \"BNBUSDT\": 497.4403266261237, \"BTCUSDT\": 172.47544723722018, \"DOGEUSDT\": 4377.163999871644, \"DOTUSDT\": 171.32602249545616, \"EOSUSDT\": 461.28192370606337, \"ETHUSDT\": 763.8950239533405, \"LINKUSDT\": 377.9963981610287, \"LTCUSDT\": -22.835811598690288, \"SOLUSDT\": 1088.919348010546, \"TRXUSDT\": 530.449925335976, \"XRPUSDT\": -716.2650631933061}",
      "score": 0.22040150930599303,
      "development_total_return": 0.6152777032040375,
      "development_cagr": 0.17361417115757605,
      "development_max_drawdown": -0.11112883085300596,
      "development_sharpe": 1.047097825954097,
      "development_annual_turnover": 5.406143412936252,
      "development_average_gross": 0.4085512639833803,
      "development_max_gross": 0.70701313702156,
      "development_costs": 710.4808152903668,
      "development_funding_pnl": 136.7799690958971,
      "development_rebalance_events": 69,
      "development_forced_exits": 1
    },
    {
      "policy": "persistent_taker_buy_share_l30_k4_r7_dollar",
      "family": "persistent_taker_buy_share",
      "lookback_days": 30,
      "long_short_k": 4,
      "rebalance_days": 7,
      "neutralization": "dollar",
      "promotable_family": true,
      "eligible_development": false,
      "all_development_years_positive": true,
      "long_leg_pnl": 6285.062389431264,
      "short_leg_pnl": -1842.0541546091524,
      "symbol_count_traded": 13,
      "symbols_traded": "ADAUSDT+BCHUSDT+BNBUSDT+BTCUSDT+DOGEUSDT+DOTUSDT+EOSUSDT+ETHUSDT+LINKUSDT+LTCUSDT+SOLUSDT+TRXUSDT+XRPUSDT",
      "top_positive_asset_pnl_share": 0.39580704854599313,
      "asset_pnl_json": "{\"ADAUSDT\": 294.7407297909561, \"BCHUSDT\": -1769.9607344328797, \"BNBUSDT\": 883.207534197218, \"BTCUSDT\": 214.1801698759318, \"DOGEUSDT\": 3224.664186637292, \"DOTUSDT\": 827.3522392616235, \"EOSUSDT\": 70.2084579464173, \"ETHUSDT\": 887.5046961770145, \"LINKUSDT\": 42.83224845968883, \"LTCUSDT\": -149.71523938575854, \"SOLUSDT\": 1003.8304843408654, \"TRXUSDT\": 698.5402985449423, \"XRPUSDT\": -1784.3768365912092}",
      "score": 0.17255288542960748,
      "development_total_return": 0.44430082348221145,
      "development_cagr": 0.13058509682853914,
      "development_max_drawdown": -0.09741077868217318,
      "development_sharpe": 0.9565419050719725,
      "development_annual_turnover": 7.470864522778471,
      "development_average_gross": 0.40553996417121907,
      "development_max_gross": 0.6960799766469781,
      "development_costs": 902.8970422661274,
      "development_funding_pnl": 149.49084456215667,
      "development_rebalance_events": 109,
      "development_forced_exits": 1
    },
    {
      "policy": "persistent_taker_buy_share_l30_k4_r7_beta",
      "family": "persistent_taker_buy_share",
      "lookback_days": 30,
      "long_short_k": 4,
      "rebalance_days": 7,
      "neutralization": "beta",
      "promotable_family": true,
      "eligible_development": false,
      "all_development_years_positive": true,
      "long_leg_pnl": 6486.7084859343095,
      "short_leg_pnl": -2260.1017174573954,
      "symbol_count_traded": 13,
      "symbols_traded": "ADAUSDT+BCHUSDT+BNBUSDT+BTCUSDT+DOGEUSDT+DOTUSDT+EOSUSDT+ETHUSDT+LINKUSDT+LTCUSDT+SOLUSDT+TRXUSDT+XRPUSDT",
      "top_positive_asset_pnl_share": 0.36762155342620056,
      "asset_pnl_json": "{\"ADAUSDT\": 361.8130418339154, \"BCHUSDT\": -1724.2961894919229, \"BNBUSDT\": 879.0836364238389, \"BTCUSDT\": 324.0323166569245, \"DOGEUSDT\": 3093.2373272391683, \"DOTUSDT\": 676.4627163150886, \"EOSUSDT\": -92.26246520759224, \"ETHUSDT\": 827.0656312504726, \"LINKUSDT\": 9.412649178403296, \"LTCUSDT\": -292.8481618287187, \"SOLUSDT\": 1506.159089497307, \"TRXUSDT\": 736.9228533890939, \"XRPUSDT\": -2078.1756767790944}",
      "score": 0.16507940257632642,
      "development_total_return": 0.42266067684767816,
      "development_cagr": 0.12490115224021126,
      "development_max_drawdown": -0.1081952554743516,
      "development_sharpe": 0.949327265446535,
      "development_annual_turnover": 7.595909867509446,
      "development_average_gross": 0.4031563967967169,
      "development_max_gross": 0.7119548107269484,
      "development_costs": 886.2482936553998,
      "development_funding_pnl": 109.0231856353179,
      "development_rebalance_events": 113,
      "development_forced_exits": 1
    },
    {
      "policy": "low_abnormal_trade_intensity_l30_k3_r14_dollar",
      "family": "low_abnormal_trade_intensity",
      "lookback_days": 30,
      "long_short_k": 3,
      "rebalance_days": 14,
      "neutralization": "dollar",
      "promotable_family": true,
      "eligible_development": false,
      "all_development_years_positive": false,
      "long_leg_pnl": 7238.595226776727,
      "short_leg_pnl": -3713.7759814708706,
      "symbol_count_traded": 13,
      "symbols_traded": "ADAUSDT+BCHUSDT+BNBUSDT+BTCUSDT+DOGEUSDT+DOTUSDT+EOSUSDT+ETHUSDT+LINKUSDT+LTCUSDT+SOLUSDT+TRXUSDT+XRPUSDT",
      "top_positive_asset_pnl_share": 0.6451915703907379,
      "asset_pnl_json": "{\"ADAUSDT\": -614.1464363354758, \"BCHUSDT\": -867.0636487619073, \"BNBUSDT\": -1026.7616414937638, \"BTCUSDT\": 62.00190704247511, \"DOGEUSDT\": 5477.2566350753805, \"DOTUSDT\": 323.46161483474873, \"EOSUSDT\": -683.7821321136125, \"ETHUSDT\": 1031.7875414525895, \"LINKUSDT\": -96.52568194902385, \"LTCUSDT\": -176.89184576833537, \"SOLUSDT\": 1033.8190069872, \"TRXUSDT\": 561.0226389554713, \"XRPUSDT\": -1499.3587126198895}",
      "score": 0.12468421673876827,
      "development_total_return": 0.3524819245305906,
      "development_cagr": 0.10606210132220917,
      "development_max_drawdown": -0.14134025911395975,
      "development_sharpe": 0.6598457640627428,
      "development_annual_turnover": 8.015598667060617,
      "development_average_gross": 0.4034266321859785,
      "development_max_gross": 0.7239354554525365,
      "development_costs": 913.6155843994427,
      "development_funding_pnl": -312.6622034784427,
      "development_rebalance_events": 78,
      "development_forced_exits": 2
    },
    {
      "policy": "persistent_taker_buy_share_l14_k3_r7_dollar",
      "family": "persistent_taker_buy_share",
      "lookback_days": 14,
      "long_short_k": 3,
      "rebalance_days": 7,
      "neutralization": "dollar",
      "promotable_family": true,
      "eligible_development": false,
      "all_development_years_positive": false,
      "long_leg_pnl": 7132.214541011133,
      "short_leg_pnl": -3857.4361023196434,
      "symbol_count_traded": 13,
      "symbols_traded": "ADAUSDT+BCHUSDT+BNBUSDT+BTCUSDT+DOGEUSDT+DOTUSDT+EOSUSDT+ETHUSDT+LINKUSDT+LTCUSDT+SOLUSDT+TRXUSDT+XRPUSDT",
      "top_positive_asset_pnl_share": 0.4602051447113874,
      "asset_pnl_json": "{\"ADAUSDT\": -130.32468315381237, \"BCHUSDT\": -35.123052058149604, \"BNBUSDT\": 1653.7676423692442, \"BTCUSDT\": 26.852572366527777, \"DOGEUSDT\": 598.0841663728023, \"DOTUSDT\": 567.2944103906831, \"EOSUSDT\": -130.53617518108183, \"ETHUSDT\": 68.8145279625054, \"LINKUSDT\": -877.3678671890505, \"LTCUSDT\": -625.8200498939058, \"SOLUSDT\": 3684.121753279053, \"TRXUSDT\": 1406.4551225154964, \"XRPUSDT\": -2931.4399290888364}",
      "score": 0.11903862465633387,
      "development_total_return": 0.32747784386914813,
      "development_cagr": 0.09919273648796034,
      "development_max_drawdown": -0.13471884526240885,
      "development_sharpe": 0.7055180147611435,
      "development_annual_turnover": 12.637862571612057,
      "development_average_gross": 0.404239904128043,
      "development_max_gross": 0.7683285726391411,
      "development_costs": 1522.785946175491,
      "development_funding_pnl": 439.82352745120744,
      "development_rebalance_events": 134,
      "development_forced_exits": 0
    },
    {
      "policy": "persistent_taker_buy_share_l14_k3_r7_beta",
      "family": "persistent_taker_buy_share",
      "lookback_days": 14,
      "long_short_k": 3,
      "rebalance_days": 7,
      "neutralization": "beta",
      "promotable_family": true,
      "eligible_development": false,
      "all_development_years_positive": false,
      "long_leg_pnl": 7293.520863164968,
      "short_leg_pnl": -4249.768399468747,
      "symbol_count_traded": 13,
      "symbols_traded": "ADAUSDT+BCHUSDT+BNBUSDT+BTCUSDT+DOGEUSDT+DOTUSDT+EOSUSDT+ETHUSDT+LINKUSDT+LTCUSDT+SOLUSDT+TRXUSDT+XRPUSDT",
      "top_positive_asset_pnl_share": 0.46061811332203406,
      "asset_pnl_json": "{\"ADAUSDT\": -45.82806728334562, \"BCHUSDT\": -64.83413152801927, \"BNBUSDT\": 1771.17862798227, \"BTCUSDT\": -34.40091463654964, \"DOGEUSDT\": 604.2078864426284, \"DOTUSDT\": 418.86962924738003, \"EOSUSDT\": -110.64480698924639, \"ETHUSDT\": 120.8775190023007, \"LINKUSDT\": -742.4273550877828, \"LTCUSDT\": -694.7429187279633, \"SOLUSDT\": 3637.498808001547, \"TRXUSDT\": 1344.362247502587, \"XRPUSDT\": -3160.3640602295563}",
      "score": 0.11150970030466344,
      "development_total_return": 0.3043752463696261,
      "development_cagr": 0.09276872986322315,
      "development_max_drawdown": -0.12089255701583168,
      "development_sharpe": 0.6579882395230314,
      "development_annual_turnover": 12.462434176083546,
      "development_average_gross": 0.40433416503637953,
      "development_max_gross": 0.7854723537115447,
      "development_costs": 1466.221622289666,
      "development_funding_pnl": 394.81224666041186,
      "development_rebalance_events": 134,
      "development_forced_exits": 0
    },
    {
      "policy": "low_abnormal_trade_intensity_l60_k3_r14_dollar",
      "family": "low_abnormal_trade_intensity",
      "lookback_days": 60,
      "long_short_k": 3,
      "rebalance_days": 14,
      "neutralization": "dollar",
      "promotable_family": true,
      "eligible_development": false,
      "all_development_years_positive": false,
      "long_leg_pnl": 6176.075120184306,
      "short_leg_pnl": -3159.9761204533306,
      "symbol_count_traded": 13,
      "symbols_traded": "ADAUSDT+BCHUSDT+BNBUSDT+BTCUSDT+DOGEUSDT+DOTUSDT+EOSUSDT+ETHUSDT+LINKUSDT+LTCUSDT+SOLUSDT+TRXUSDT+XRPUSDT",
      "top_positive_asset_pnl_share": 0.3933887208260565,
      "asset_pnl_json": "{\"ADAUSDT\": -2591.6758672262185, \"BCHUSDT\": -323.57630524906654, \"BNBUSDT\": -375.2851172561429, \"BTCUSDT\": -7.071708059014896, \"DOGEUSDT\": 2543.410082912569, \"DOTUSDT\": 417.42542499705615, \"EOSUSDT\": -583.4564879666344, \"ETHUSDT\": 512.2320772700238, \"LINKUSDT\": 1252.3137361392521, \"LTCUSDT\": -481.1501890300922, \"SOLUSDT\": 3083.247069502678, \"TRXUSDT\": 29.031679930647663, \"XRPUSDT\": -459.3453962341041}",
      "score": 0.09948265147271558,
      "development_total_return": 0.3016098999730952,
      "development_cagr": 0.09199472060476599,
      "development_max_drawdown": -0.19342154938957423,
      "development_sharpe": 0.5660903821941967,
      "development_annual_turnover": 6.533812273906621,
      "development_average_gross": 0.40800986469476996,
      "development_max_gross": 0.770418719047933,
      "development_costs": 689.2600935264454,
      "development_funding_pnl": -383.4774740765632,
      "development_rebalance_events": 67,
      "development_forced_exits": 2
    },
    {
      "policy": "persistent_taker_buy_share_l14_k4_r7_beta",
      "family": "persistent_taker_buy_share",
      "lookback_days": 14,
      "long_short_k": 4,
      "rebalance_days": 7,
      "neutralization": "beta",
      "promotable_family": true,
      "eligible_development": false,
      "all_development_years_positive": false,
      "long_leg_pnl": 7290.463299739504,
      "short_leg_pnl": -4678.370600878098,
      "symbol_count_traded": 13,
      "symbols_traded": "ADAUSDT+BCHUSDT+BNBUSDT+BTCUSDT+DOGEUSDT+DOTUSDT+EOSUSDT+ETHUSDT+LINKUSDT+LTCUSDT+SOLUSDT+TRXUSDT+XRPUSDT",
      "top_positive_asset_pnl_share": 0.2780253608507577,
      "asset_pnl_json": "{\"ADAUSDT\": 131.02630399135188, \"BCHUSDT\": -441.7189134325156, \"BNBUSDT\": 1754.406670060673, \"BTCUSDT\": 228.05655684888254, \"DOGEUSDT\": 857.7246397443628, \"DOTUSDT\": -123.30556316331104, \"EOSUSDT\": 86.9275110659892, \"ETHUSDT\": 500.7417838204494, \"LINKUSDT\": -402.1037562821328, \"LTCUSDT\": -878.7126332598143, \"SOLUSDT\": 1833.4884722821118, \"TRXUSDT\": 1202.3087297038355, \"XRPUSDT\": -2136.7471025184627}",
      "score": 0.09807110377112724,
      "development_total_return": 0.26120926988614923,
      "development_cagr": 0.08055970418151692,
      "development_max_drawdown": -0.12164483130222548,
      "development_sharpe": 0.6341177196034509,
      "development_annual_turnover": 11.87656766065935,
      "development_average_gross": 0.40332609287954474,
      "development_max_gross": 0.701827382155744,
      "development_costs": 1351.6772503702432,
      "development_funding_pnl": 280.9611937961595,
      "development_rebalance_events": 141,
      "development_forced_exits": 1
    },
    {
      "policy": "low_abnormal_trade_intensity_l60_k3_r7_dollar",
      "family": "low_abnormal_trade_intensity",
      "lookback_days": 60,
      "long_short_k": 3,
      "rebalance_days": 7,
      "neutralization": "dollar",
      "promotable_family": true,
      "eligible_development": false,
      "all_development_years_positive": true,
      "long_leg_pnl": 6014.25171406678,
      "short_leg_pnl": -3087.029068144473,
      "symbol_count_traded": 13,
      "symbols_traded": "ADAUSDT+BCHUSDT+BNBUSDT+BTCUSDT+DOGEUSDT+DOTUSDT+EOSUSDT+ETHUSDT+LINKUSDT+LTCUSDT+SOLUSDT+TRXUSDT+XRPUSDT",
      "top_positive_asset_pnl_share": 0.31649030767795533,
      "asset_pnl_json": "{\"ADAUSDT\": -2127.4118001412235, \"BCHUSDT\": -337.76604267473937, \"BNBUSDT\": -516.1198852886885, \"BTCUSDT\": 355.1535262010855, \"DOGEUSDT\": 2524.964437301905, \"DOTUSDT\": 422.5164253597207, \"EOSUSDT\": -875.0510455976707, \"ETHUSDT\": 879.555753164295, \"LINKUSDT\": 1490.0008455536777, \"LTCUSDT\": -421.13536409036294, \"SOLUSDT\": 2632.688542010289, \"TRXUSDT\": 13.506462466581793, \"XRPUSDT\": -1113.6792083425496}",
      "score": 0.0972974516557332,
      "development_total_return": 0.2927222645922334,
      "development_cagr": 0.08949966491779171,
      "development_max_drawdown": -0.18922774020074962,
      "development_sharpe": 0.5708267253701018,
      "development_annual_turnover": 7.4889759203493105,
      "development_average_gross": 0.40425331371850015,
      "development_max_gross": 0.739136055691202,
      "development_costs": 772.4779325836976,
      "development_funding_pnl": -361.46277727902196,
      "development_rebalance_events": 96,
      "development_forced_exits": 2
    },
    {
      "policy": "low_abnormal_trade_intensity_l30_k3_r14_beta",
      "family": "low_abnormal_trade_intensity",
      "lookback_days": 30,
      "long_short_k": 3,
      "rebalance_days": 14,
      "neutralization": "beta",
      "promotable_family": true,
      "eligible_development": false,
      "all_development_years_positive": false,
      "long_leg_pnl": 6668.314310210181,
      "short_leg_pnl": -3892.8280276585356,
      "symbol_count_traded": 13,
      "symbols_traded": "ADAUSDT+BCHUSDT+BNBUSDT+BTCUSDT+DOGEUSDT+DOTUSDT+EOSUSDT+ETHUSDT+LINKUSDT+LTCUSDT+SOLUSDT+TRXUSDT+XRPUSDT",
      "top_positive_asset_pnl_share": 0.6434263602810398,
      "asset_pnl_json": "{\"ADAUSDT\": -760.3277374825519, \"BCHUSDT\": -781.640733154606, \"BNBUSDT\": -1147.6238609572324, \"BTCUSDT\": -21.693911661306554, \"DOGEUSDT\": 4997.231912996851, \"DOTUSDT\": 294.62355447404866, \"EOSUSDT\": -570.2992560132747, \"ETHUSDT\": 950.9180144029131, \"LINKUSDT\": -151.0809895872569, \"LTCUSDT\": -148.31370722382, \"SOLUSDT\": 1019.1900743044555, \"TRXUSDT\": 504.63138222949016, \"XRPUSDT\": -1410.1284597760318}",
      "score": 0.09384900294646356,
      "development_total_return": 0.27754862825517224,
      "development_cagr": 0.08521337838064236,
      "development_max_drawdown": -0.16553490438585305,
      "development_sharpe": 0.5419216609393814,
      "development_annual_turnover": 8.030973128478609,
      "development_average_gross": 0.40374016533987006,
      "development_max_gross": 0.7240911806206595,
      "development_costs": 868.654585147839,
      "development_funding_pnl": -245.5078519968581,
      "development_rebalance_events": 78,
      "development_forced_exits": 2
    },
    {
      "policy": "low_abnormal_trade_intensity_l60_k4_r7_beta",
      "family": "low_abnormal_trade_intensity",
      "lookback_days": 60,
      "long_short_k": 4,
      "rebalance_days": 7,
      "neutralization": "beta",
      "promotable_family": true,
      "eligible_development": false,
      "all_development_years_positive": true,
      "long_leg_pnl": 6153.328519179899,
      "short_leg_pnl": -3580.531255096517,
      "symbol_count_traded": 13,
      "symbols_traded": "ADAUSDT+BCHUSDT+BNBUSDT+BTCUSDT+DOGEUSDT+DOTUSDT+EOSUSDT+ETHUSDT+LINKUSDT+LTCUSDT+SOLUSDT+TRXUSDT+XRPUSDT",
      "top_positive_asset_pnl_share": 0.33143268794619796,
      "asset_pnl_json": "{\"ADAUSDT\": -1507.958960662051, \"BCHUSDT\": -676.0570907759266, \"BNBUSDT\": -529.2648220346545, \"BTCUSDT\": 309.53596380478615, \"DOGEUSDT\": 1907.6080971142355, \"DOTUSDT\": 722.7193276675536, \"EOSUSDT\": -218.60464829844852, \"ETHUSDT\": 143.802556808909, \"LINKUSDT\": 720.969128832092, \"LTCUSDT\": 139.77987013491435, \"SOLUSDT\": 1630.7736232181549, \"TRXUSDT\": 180.45403042375258, \"XRPUSDT\": -250.95981214990377}",
      "score": 0.09191807686093179,
      "development_total_return": 0.2572797264083526,
      "development_cagr": 0.07943453214355145,
      "development_max_drawdown": -0.15426901204700283,
      "development_sharpe": 0.5727315886512574,
      "development_annual_turnover": 6.73613831210953,
      "development_average_gross": 0.40513290083992864,
      "development_max_gross": 0.7228664471453929,
      "development_costs": 710.8623936583017,
      "development_funding_pnl": -314.5743338135514,
      "development_rebalance_events": 99,
      "development_forced_exits": 3
    }
  ],
  "limitations": [
    "Daily taker-buy and trade-count fields are bar aggregates, not order-level executions.",
    "Public daily archives are not executable bid/ask or queue observations.",
    "The fixed universe includes delisted assets; forced exits carry a 100 bps penalty.",
    "Program-level OOS is not pristine."
  ],
  "data_manifest_sha256": "0590e193161898fee262f28bdc055e2a7f4851450402bc7b466f83b34b5c0d60"
}
