{
  "scorecard": {
    "champion": "V75_ATLAS_NX",
    "execution_shadow": "V136_EXECUTION_PLATEAU",
    "v75_full": {
      "total_return": 3.3554131438812718,
      "cagr": 0.3068209897853704,
      "max_drawdown": -0.21591803526892284,
      "sharpe": 1.3294516915576948,
      "annual_turnover": 10.643693754982161,
      "average_gross": 0.419673257646428,
      "max_gross": 1.0431405191032543,
      "average_perp_gross": 0.1690160260536373,
      "costs": 6168.692140110152,
      "funding_pnl": 43.03701857217483,
      "liquidations": 0,
      "min_margin_buffer": 0.20112017258685158,
      "average_regime_overlay_gross": 0.0
    },
    "v136_full": {
      "total_return": 3.3717845751233613,
      "cagr": 0.30771296359748646,
      "max_drawdown": -0.21823965731285888,
      "sharpe": 1.3353794862480461,
      "annual_turnover": 9.946932617894685,
      "average_gross": 0.4160396123417536,
      "max_gross": 1.0431405191032543,
      "average_perp_gross": 0.1671305073772643,
      "costs": 5821.224239508665,
      "funding_pnl": 60.281784537373085,
      "liquidations": 0,
      "min_margin_buffer": 0.2011201725868516,
      "average_regime_overlay_gross": 0.0
    },
    "v136_minus_v75": {
      "total_return_percentage_points": 1.6371431242089507,
      "cagr_percentage_points": 0.08919738121160314,
      "sharpe": 0.005927794690351318,
      "max_drawdown_percentage_points": -0.23216220439360447,
      "turnover_reduction_fraction": 0.06546234353664415,
      "cost_reduction_fraction": 0.056327644938248156,
      "absolute_cost_saving": 347.4679006014867,
      "funding_pnl_delta": 17.244765965198255
    },
    "historical_v136_checks": {
      "eligible_before_final": false,
      "prefinal_uplift_ge_0_5pp": false,
      "prefinal_dd_gt_minus23": true,
      "prefinal_sharpe_within_0_03_of_base": true,
      "all_prefinal_segments_positive": true,
      "turnover_reduction_ge10pct": false,
      "severe_cagr_gt20": true,
      "extreme_cagr_gt12": true,
      "all_liquidations_zero": true,
      "all_margin_buffers_positive": true,
      "delay_cagr_floor_gt15": true,
      "final_2026h1_positive": true
    },
    "historical_v136_promotion_passed": false,
    "interpretation": {
      "v136_full_cagr_uplift_is_material": false,
      "v136_turnover_reduction_reaches_frozen_10pct_gate": false,
      "v136_role": "shadow_only",
      "v75_role": "primary_paper_shadow_champion"
    }
  },
  "decision": {
    "status": "champion_refinement_started",
    "historical_parameter_search_closed": true,
    "primary_champion": "V75_ATLAS_NX",
    "execution_shadow": "V136_EXECUTION_PLATEAU",
    "historical_v136_promotion_passed": false,
    "paper_forward_earliest_start": "2026-07-28",
    "paper_forward_gates": {
      "earliest_start": "2026-07-28",
      "minimum_calendar_days": 180,
      "minimum_v136_target_changes": 25,
      "zero_reconciliation_breaks": true,
      "source_hash_match_rate": 1.0,
      "v136_turnover_reduction_min": 0.1,
      "v136_net_return_delta_min": 0.0,
      "v136_max_drawdown_worsening_max": 0.02,
      "paper_slippage_to_model_ratio_max": 1.5,
      "missing_or_stale_data_fail_closed": true
    },
    "new_sleeve_allocation": 0.0,
    "v136_capital_allocation": 0.0,
    "live_ready": false,
    "real_leverage_authorized": false,
    "profitability_proven": false,
    "integration_permitted": false
  }
}
