loading BTC perpetual and funding
loaded BTC contracts 4/22
loaded BTC contracts 8/22
loaded BTC contracts 12/22
loaded BTC contracts 16/22
loaded BTC contracts 20/22
loading ETH perpetual and funding
loaded ETH contracts 4/22
loaded ETH contracts 8/22
loaded ETH contracts 12/22
loaded ETH contracts 16/22
loaded ETH contracts 20/22
processed 12/144 policies
processed 24/144 policies
processed 36/144 policies
processed 48/144 policies
processed 60/144 policies
processed 72/144 policies
processed 84/144 policies
processed 96/144 policies
processed 108/144 policies
processed 120/144 policies
processed 132/144 policies
processed 144/144 policies
{
  "candidate": "ACTIVE_V229_USDM_PERP_QUARTERLY_SPREAD",
  "status": "rejected_before_validation",
  "eligible_policy_count": 0,
  "standalone_selection_passed": false,
  "integration_permitted": false,
  "promoted_candidates": [],
  "live_ready": false,
  "real_leverage_authorized": false,
  "profitability_proven": false,
  "selection": {
    "candidate": "ACTIVE_V229_USDM_PERP_QUARTERLY_SPREAD",
    "selection_cutoff": "2023-12-31T23:59:59Z",
    "selection_uses_2024": false,
    "selection_uses_2025": false,
    "selection_uses_2026": false,
    "program_level_holdout_pristine": false,
    "policy_count": 144,
    "promotable_policy_count": 108,
    "eligible_policy_count": 0,
    "development_gates": {
      "cagr_min": 0.04,
      "sharpe_min": 0.8,
      "max_drawdown_min": -0.1,
      "closed_trades_min": 20,
      "annual_turnover_max": 40.0,
      "all_development_years_positive": true,
      "btc_pnl_positive": true,
      "eth_pnl_positive": true
    },
    "post_selection_gates": {
      "validation_return_positive": true,
      "holdout_return_positive": true,
      "final_return_positive": true,
      "severe_full_cagr_positive": true,
      "latency_full_cagr_positive": true,
      "worst_calendar_year_min": -0.08,
      "zero_unplanned_forced_exits": true
    },
    "coverage_gate": {
      "candidate": "V230_FULL_PANEL_COVERAGE",
      "assets": {
        "BTC": {
          "valid_contracts": 22,
          "expected_contracts": 22,
          "perpetual_rows": 48168,
          "funding_rows": 6021,
          "latest_required_contract_passed": true,
          "passed": true
        },
        "ETH": {
          "valid_contracts": 22,
          "expected_contracts": 22,
          "perpetual_rows": 48168,
          "funding_rows": 6021,
          "latest_required_contract_passed": true,
          "passed": true
        }
      },
      "passed": true,
      "coin_m_fallback_permitted": false
    },
    "ranking_sha256": "b591b596fb68aeac4756f6a785ce3f90060e09ee37da1bb5f7dee94db960da38",
    "design_sha256": "885551a16518638c61216e54b2d9f965a7fe99983b7f19665312ddec8c99c5e0",
    "selected": null,
    "selection_proof_sha256": "8728069701539d5abcae29ef71620d28f7a96f0a8dcc01abb7b3b9315bd84fbe"
  },
  "coverage_gate": {
    "candidate": "V230_FULL_PANEL_COVERAGE",
    "assets": {
      "BTC": {
        "valid_contracts": 22,
        "expected_contracts": 22,
        "perpetual_rows": 48168,
        "funding_rows": 6021,
        "latest_required_contract_passed": true,
        "passed": true
      },
      "ETH": {
        "valid_contracts": 22,
        "expected_contracts": 22,
        "perpetual_rows": 48168,
        "funding_rows": 6021,
        "latest_required_contract_passed": true,
        "passed": true
      }
    },
    "passed": true,
    "coin_m_fallback_permitted": false
  },
  "development_diagnostics": [
    {
      "policy": "perp_dated_basis_convergence_l168_z4_e35_h168",
      "family": "perp_dated_basis_convergence",
      "lookback_hours": 168,
      "entry_abs_z": 4.0,
      "minimum_expected_edge_bps": 35.0,
      "hold_hours": 168,
      "promotable_family": true,
      "eligible_development": false,
      "all_development_years_positive": false,
      "btc_development_pnl": 15.812717025664824,
      "eth_development_pnl": 107.7332248138755,
      "score": 0.03299976114037414,
      "development_total_return": 0.012354594183954015,
      "development_cagr": 0.00410424091023498,
      "development_max_drawdown": -0.005111102662649469,
      "development_sharpe": 0.5233548929233004,
      "development_annual_turnover": 3.9893261579878274,
      "development_average_gross": 0.03850538444204362,
      "development_max_gross": 0.6380918848782491,
      "development_costs": 121.09138381378088,
      "development_funding_pnl": 95.58954740904821,
      "development_trade_count": 12,
      "development_forced_exits": 0,
      "development_observations_per_year": 8765.82
    },
    {
      "policy": "funding_adjusted_calendar_carry_l168_z4_e35_h168",
      "family": "funding_adjusted_calendar_carry",
      "lookback_hours": 168,
      "entry_abs_z": 4.0,
      "minimum_expected_edge_bps": 35.0,
      "hold_hours": 168,
      "promotable_family": true,
      "eligible_development": false,
      "all_development_years_positive": false,
      "btc_development_pnl": -34.62609742040695,
      "eth_development_pnl": 109.92937906030966,
      "score": 0.018758090267950264,
      "development_total_return": 0.007530328163990241,
      "development_cagr": 0.0025055960167885694,
      "development_max_drawdown": -0.00799672583243427,
      "development_sharpe": 0.32284383607041356,
      "development_annual_turnover": 4.636926659639382,
      "development_average_gross": 0.04481481863145678,
      "development_max_gross": 0.6380918848782491,
      "development_costs": 140.48989643631867,
      "development_funding_pnl": 107.0533665602851,
      "development_trade_count": 14,
      "development_forced_exits": 0,
      "development_observations_per_year": 8765.82
    },
    {
      "policy": "perp_dated_basis_convergence_l168_z4_e35_h72",
      "family": "perp_dated_basis_convergence",
      "lookback_hours": 168,
      "entry_abs_z": 4.0,
      "minimum_expected_edge_bps": 35.0,
      "hold_hours": 72,
      "promotable_family": true,
      "eligible_development": false,
      "all_development_years_positive": false,
      "btc_development_pnl": -9.987983525312302,
      "eth_development_pnl": 58.83317269736108,
      "score": 0.014049636646872438,
      "development_total_return": 0.004884518917204872,
      "development_cagr": 0.0016266719962807485,
      "development_max_drawdown": -0.007896722830311842,
      "development_sharpe": 0.2592616914980109,
      "development_annual_turnover": 4.686129112515563,
      "development_average_gross": 0.01942032738193247,
      "development_max_gross": 0.6281061871444478,
      "development_costs": 141.64826726173555,
      "development_funding_pnl": 16.783704808247396,
      "development_trade_count": 14,
      "development_forced_exits": 0,
      "development_observations_per_year": 8765.82
    },
    {
      "policy": "perp_dated_basis_convergence_l336_z4_e35_h168",
      "family": "perp_dated_basis_convergence",
      "lookback_hours": 336,
      "entry_abs_z": 4.0,
      "minimum_expected_edge_bps": 35.0,
      "hold_hours": 168,
      "promotable_family": true,
      "eligible_development": false,
      "all_development_years_positive": false,
      "btc_development_pnl": 1.4583951377935591,
      "eth_development_pnl": 35.19402551746134,
      "score": 0.012205207053661234,
      "development_total_return": 0.0036652420655254314,
      "development_cagr": 0.0012211154284822445,
      "development_max_drawdown": -0.005304840050739168,
      "development_sharpe": 0.21148291979794537,
      "development_annual_turnover": 2.3487991152476306,
      "development_average_gross": 0.022331373618491017,
      "development_max_gross": 0.6281061871444479,
      "development_costs": 70.81189604479029,
      "development_funding_pnl": 4.361907770526422,
      "development_trade_count": 7,
      "development_forced_exits": 0,
      "development_observations_per_year": 8765.82
    },
    {
      "policy": "funding_adjusted_calendar_carry_l168_z4_e20_h168",
      "family": "funding_adjusted_calendar_carry",
      "lookback_hours": 168,
      "entry_abs_z": 4.0,
      "minimum_expected_edge_bps": 20.0,
      "hold_hours": 168,
      "promotable_family": true,
      "eligible_development": false,
      "all_development_years_positive": false,
      "btc_development_pnl": -47.19147101616545,
      "eth_development_pnl": 101.45065521754259,
      "score": 0.010998200908525473,
      "development_total_return": 0.005425918420137732,
      "development_cagr": 0.0018066474762561402,
      "development_max_drawdown": -0.010231445403835693,
      "development_sharpe": 0.22526168513260156,
      "development_annual_turnover": 6.602006270606379,
      "development_average_gross": 0.0638050487692792,
      "development_max_gross": 0.6469681659374255,
      "development_costs": 199.981911778911,
      "development_funding_pnl": 115.47606432653838,
      "development_trade_count": 20,
      "development_forced_exits": 0,
      "development_observations_per_year": 8765.82
    },
    {
      "policy": "perp_dated_basis_convergence_l168_z4_e20_h168",
      "family": "perp_dated_basis_convergence",
      "lookback_hours": 168,
      "entry_abs_z": 4.0,
      "minimum_expected_edge_bps": 20.0,
      "hold_hours": 168,
      "promotable_family": true,
      "eligible_development": false,
      "all_development_years_positive": false,
      "btc_development_pnl": -36.49091924045206,
      "eth_development_pnl": 81.49582129201917,
      "score": 0.008628943851357526,
      "development_total_return": 0.0045004902051566376,
      "development_cagr": 0.0014989715406403814,
      "development_max_drawdown": -0.011142462048566282,
      "development_sharpe": 0.18940303678709958,
      "development_annual_turnover": 6.239927383304403,
      "development_average_gross": 0.06039756779041307,
      "development_max_gross": 0.6380918848782491,
      "development_costs": 188.91495034721385,
      "development_funding_pnl": 60.428943778118885,
      "development_trade_count": 19,
      "development_forced_exits": 0,
      "development_observations_per_year": 8765.82
    },
    {
      "policy": "perp_dated_basis_convergence_l336_z4_e20_h168",
      "family": "perp_dated_basis_convergence",
      "lookback_hours": 336,
      "entry_abs_z": 4.0,
      "minimum_expected_edge_bps": 20.0,
      "hold_hours": 168,
      "promotable_family": true,
      "eligible_development": false,
      "all_development_years_positive": false,
      "btc_development_pnl": -10.870872541765493,
      "eth_development_pnl": 35.21865456242813,
      "score": 0.007228174018855559,
      "development_total_return": 0.002434778202066168,
      "development_cagr": 0.0008115048228718447,
      "development_max_drawdown": -0.006524306859170936,
      "development_sharpe": 0.1396303247285991,
      "development_annual_turnover": 2.6174392036302767,
      "development_average_gross": 0.024973172419287405,
      "development_max_gross": 0.6281061871444479,
      "development_costs": 78.86860252018661,
      "development_funding_pnl": 6.942967807484081,
      "development_trade_count": 8,
      "development_forced_exits": 0,
      "development_observations_per_year": 8765.82
    },
    {
      "policy": "funding_adjusted_calendar_carry_l336_z4_e20_h168",
      "family": "funding_adjusted_calendar_carry",
      "lookback_hours": 336,
      "entry_abs_z": 4.0,
      "minimum_expected_edge_bps": 20.0,
      "hold_hours": 168,
      "promotable_family": true,
      "eligible_development": false,
      "all_development_years_positive": false,
      "btc_development_pnl": -10.870872541765493,
      "eth_development_pnl": 35.21865456242813,
      "score": 0.007228174018855559,
      "development_total_return": 0.002434778202066168,
      "development_cagr": 0.0008115048228718447,
      "development_max_drawdown": -0.006524306859170936,
      "development_sharpe": 0.1396303247285991,
      "development_annual_turnover": 2.6174392036302767,
      "development_average_gross": 0.024973172419287405,
      "development_max_gross": 0.6281061871444479,
      "development_costs": 78.86860252018661,
      "development_funding_pnl": 6.942967807484081,
      "development_trade_count": 8,
      "development_forced_exits": 0,
      "development_observations_per_year": 8765.82
    },
    {
      "policy": "funding_adjusted_calendar_carry_l336_z4_e35_h168",
      "family": "funding_adjusted_calendar_carry",
      "lookback_hours": 336,
      "entry_abs_z": 4.0,
      "minimum_expected_edge_bps": 35.0,
      "hold_hours": 168,
      "promotable_family": true,
      "eligible_development": false,
      "all_development_years_positive": false,
      "btc_development_pnl": -10.870872541765493,
      "eth_development_pnl": 35.21865456242813,
      "score": 0.007228174018855559,
      "development_total_return": 0.002434778202066168,
      "development_cagr": 0.0008115048228718447,
      "development_max_drawdown": -0.006524306859170936,
      "development_sharpe": 0.1396303247285991,
      "development_annual_turnover": 2.6174392036302767,
      "development_average_gross": 0.024973172419287405,
      "development_max_gross": 0.6281061871444479,
      "development_costs": 78.86860252018661,
      "development_funding_pnl": 6.942967807484081,
      "development_trade_count": 8,
      "development_forced_exits": 0,
      "development_observations_per_year": 8765.82
    },
    {
      "policy": "funding_adjusted_calendar_carry_l168_z4_e35_h72",
      "family": "funding_adjusted_calendar_carry",
      "lookback_hours": 168,
      "entry_abs_z": 4.0,
      "minimum_expected_edge_bps": 35.0,
      "hold_hours": 72,
      "promotable_family": true,
      "eligible_development": false,
      "all_development_years_positive": false,
      "btc_development_pnl": -53.346230917653884,
      "eth_development_pnl": 69.53436948298076,
      "score": 0.0020588011819577456,
      "development_total_return": 0.0016188138565327304,
      "development_cagr": 0.0005396926569014582,
      "development_max_drawdown": -0.011027965227663694,
      "development_sharpe": 0.08820704914695811,
      "development_annual_turnover": 5.3410358019896575,
      "development_average_gross": 0.022121933633980205,
      "development_max_gross": 0.6281061871444478,
      "development_costs": 161.20546409638862,
      "development_funding_pnl": 18.61403648373394,
      "development_trade_count": 16,
      "development_forced_exits": 0,
      "development_observations_per_year": 8765.82
    },
    {
      "policy": "front_next_curve_convergence_l168_z4_e20_h24",
      "family": "front_next_curve_convergence",
      "lookback_hours": 168,
      "entry_abs_z": 4.0,
      "minimum_expected_edge_bps": 20.0,
      "hold_hours": 24,
      "promotable_family": true,
      "eligible_development": false,
      "all_development_years_positive": false,
      "btc_development_pnl": 0.0,
      "eth_development_pnl": 0.0,
      "score": 0.0,
      "development_total_return": 0.0,
      "development_cagr": 0.0,
      "development_max_drawdown": 0.0,
      "development_sharpe": 0.0,
      "development_annual_turnover": 0.0,
      "development_average_gross": 0.0,
      "development_max_gross": 0.0,
      "development_costs": 0.0,
      "development_funding_pnl": 0.0,
      "development_trade_count": 0,
      "development_forced_exits": 0,
      "development_observations_per_year": 8765.82
    },
    {
      "policy": "front_next_curve_convergence_l168_z4_e20_h72",
      "family": "front_next_curve_convergence",
      "lookback_hours": 168,
      "entry_abs_z": 4.0,
      "minimum_expected_edge_bps": 20.0,
      "hold_hours": 72,
      "promotable_family": true,
      "eligible_development": false,
      "all_development_years_positive": false,
      "btc_development_pnl": 0.0,
      "eth_development_pnl": 0.0,
      "score": 0.0,
      "development_total_return": 0.0,
      "development_cagr": 0.0,
      "development_max_drawdown": 0.0,
      "development_sharpe": 0.0,
      "development_annual_turnover": 0.0,
      "development_average_gross": 0.0,
      "development_max_gross": 0.0,
      "development_costs": 0.0,
      "development_funding_pnl": 0.0,
      "development_trade_count": 0,
      "development_forced_exits": 0,
      "development_observations_per_year": 8765.82
    },
    {
      "policy": "front_next_curve_convergence_l168_z4_e20_h168",
      "family": "front_next_curve_convergence",
      "lookback_hours": 168,
      "entry_abs_z": 4.0,
      "minimum_expected_edge_bps": 20.0,
      "hold_hours": 168,
      "promotable_family": true,
      "eligible_development": false,
      "all_development_years_positive": false,
      "btc_development_pnl": 0.0,
      "eth_development_pnl": 0.0,
      "score": 0.0,
      "development_total_return": 0.0,
      "development_cagr": 0.0,
      "development_max_drawdown": 0.0,
      "development_sharpe": 0.0,
      "development_annual_turnover": 0.0,
      "development_average_gross": 0.0,
      "development_max_gross": 0.0,
      "development_costs": 0.0,
      "development_funding_pnl": 0.0,
      "development_trade_count": 0,
      "development_forced_exits": 0,
      "development_observations_per_year": 8765.82
    },
    {
      "policy": "front_next_curve_convergence_l168_z4_e35_h24",
      "family": "front_next_curve_convergence",
      "lookback_hours": 168,
      "entry_abs_z": 4.0,
      "minimum_expected_edge_bps": 35.0,
      "hold_hours": 24,
      "promotable_family": true,
      "eligible_development": false,
      "all_development_years_positive": false,
      "btc_development_pnl": 0.0,
      "eth_development_pnl": 0.0,
      "score": 0.0,
      "development_total_return": 0.0,
      "development_cagr": 0.0,
      "development_max_drawdown": 0.0,
      "development_sharpe": 0.0,
      "development_annual_turnover": 0.0,
      "development_average_gross": 0.0,
      "development_max_gross": 0.0,
      "development_costs": 0.0,
      "development_funding_pnl": 0.0,
      "development_trade_count": 0,
      "development_forced_exits": 0,
      "development_observations_per_year": 8765.82
    },
    {
      "policy": "front_next_curve_convergence_l168_z4_e35_h72",
      "family": "front_next_curve_convergence",
      "lookback_hours": 168,
      "entry_abs_z": 4.0,
      "minimum_expected_edge_bps": 35.0,
      "hold_hours": 72,
      "promotable_family": true,
      "eligible_development": false,
      "all_development_years_positive": false,
      "btc_development_pnl": 0.0,
      "eth_development_pnl": 0.0,
      "score": 0.0,
      "development_total_return": 0.0,
      "development_cagr": 0.0,
      "development_max_drawdown": 0.0,
      "development_sharpe": 0.0,
      "development_annual_turnover": 0.0,
      "development_average_gross": 0.0,
      "development_max_gross": 0.0,
      "development_costs": 0.0,
      "development_funding_pnl": 0.0,
      "development_trade_count": 0,
      "development_forced_exits": 0,
      "development_observations_per_year": 8765.82
    }
  ],
  "provenance_sha256": "17c3077257d894150baf46cf631a7d7b611ad94522ce63674ea8b495614792ea"
}
