loading BTC spot/perp
loading ETH spot/perp
/home/runner/work/fin/fin/research/active_v213_v220/run_research.py:85: UserWarning: Converting to PeriodArray/Index representation will drop timezone information.
  frame["month"] = frame.timestamp.dt.to_period("M")
/home/runner/work/fin/fin/research/active_v213_v220/run_research.py:85: UserWarning: Converting to PeriodArray/Index representation will drop timezone information.
  frame["month"] = frame.timestamp.dt.to_period("M")
processed 12/144 policies
processed 24/144 policies
processed 36/144 policies
processed 48/144 policies
processed 60/144 policies
processed 72/144 policies
processed 84/144 policies
processed 96/144 policies
processed 108/144 policies
processed 120/144 policies
processed 132/144 policies
processed 144/144 policies
{
  "candidate": "ACTIVE_V213_SPOT_PERP_LEAD_LAG",
  "status": "rejected_before_validation",
  "eligible_policy_count": 0,
  "standalone_selection_passed": false,
  "integration_permitted": false,
  "promoted_candidates": [],
  "live_ready": false,
  "real_leverage_authorized": false,
  "profitability_proven": false,
  "selection": {
    "candidate": "ACTIVE_V213_SPOT_PERP_LEAD_LAG",
    "selection_cutoff": "2023-12-31T23:59:59Z",
    "selection_uses_2024": false,
    "selection_uses_2025": false,
    "selection_uses_2026": false,
    "program_level_holdout_pristine": false,
    "policy_count": 144,
    "eligible_policy_count": 0,
    "development_gates": {
      "cagr_min": 0.05,
      "sharpe_min": 1.0,
      "max_drawdown_min": -0.12,
      "closed_trades_min": 150,
      "annual_turnover_max": 250.0,
      "all_calendar_years_positive": true,
      "btc_pnl_positive": true,
      "eth_pnl_positive": true
    },
    "post_selection_gates": {
      "validation_return_positive": true,
      "holdout_return_positive": true,
      "final_return_positive": true,
      "severe_full_cagr_positive": true,
      "latency_full_cagr_positive": true,
      "worst_calendar_quarter_min": -0.08,
      "top_month_positive_pnl_share_max": 0.3,
      "unexplained_events_max": 0
    },
    "coverage_gate": {
      "candidate": "V213_SPOT_PERP_PANEL_COVERAGE",
      "required_month_coverage": 0.95,
      "required_full_month_share": 0.9,
      "assets": {
        "BTC": {
          "periods": {
            "development": {
              "months": 36,
              "full_months": 36,
              "required_full_months": 33,
              "minimum_coverage": 0.9900462962962963,
              "median_coverage": 1.0,
              "passed": true
            },
            "validation": {
              "months": 12,
              "full_months": 12,
              "required_full_months": 11,
              "minimum_coverage": 0.9982078853046595,
              "median_coverage": 1.0,
              "passed": true
            },
            "holdout": {
              "months": 12,
              "full_months": 12,
              "required_full_months": 11,
              "minimum_coverage": 0.9996639784946236,
              "median_coverage": 1.0,
              "passed": true
            },
            "final": {
              "months": 6,
              "full_months": 6,
              "required_full_months": 6,
              "minimum_coverage": 1.0,
              "median_coverage": 1.0,
              "passed": true
            }
          },
          "spot_valid_months": 66,
          "perp_valid_months": 66,
          "archive_gate_passed": true
        },
        "ETH": {
          "periods": {
            "development": {
              "months": 36,
              "full_months": 36,
              "required_full_months": 33,
              "minimum_coverage": 0.9900462962962963,
              "median_coverage": 1.0,
              "passed": true
            },
            "validation": {
              "months": 12,
              "full_months": 12,
              "required_full_months": 11,
              "minimum_coverage": 0.9982078853046595,
              "median_coverage": 1.0,
              "passed": true
            },
            "holdout": {
              "months": 12,
              "full_months": 12,
              "required_full_months": 11,
              "minimum_coverage": 0.9996639784946236,
              "median_coverage": 1.0,
              "passed": true
            },
            "final": {
              "months": 6,
              "full_months": 6,
              "required_full_months": 6,
              "minimum_coverage": 1.0,
              "median_coverage": 1.0,
              "passed": true
            }
          },
          "spot_valid_months": 66,
          "perp_valid_months": 66,
          "archive_gate_passed": true
        }
      },
      "passed": true
    },
    "ranking_sha256": "5a559a2bbad3bd84d9df9d8bed38a695121143f310734120662efffac2dbcd3a",
    "design_sha256": "fc542df482ed16307208c5a69978c695254f79d1b068304c9a7197ff0038479f",
    "selected": null,
    "selection_proof_sha256": "6aa692693f2d44203fb0cef5479eda457123e49ac1a6e6a43d87513221b106e2"
  },
  "coverage_gate": {
    "candidate": "V213_SPOT_PERP_PANEL_COVERAGE",
    "required_month_coverage": 0.95,
    "required_full_month_share": 0.9,
    "assets": {
      "BTC": {
        "periods": {
          "development": {
            "months": 36,
            "full_months": 36,
            "required_full_months": 33,
            "minimum_coverage": 0.9900462962962963,
            "median_coverage": 1.0,
            "passed": true
          },
          "validation": {
            "months": 12,
            "full_months": 12,
            "required_full_months": 11,
            "minimum_coverage": 0.9982078853046595,
            "median_coverage": 1.0,
            "passed": true
          },
          "holdout": {
            "months": 12,
            "full_months": 12,
            "required_full_months": 11,
            "minimum_coverage": 0.9996639784946236,
            "median_coverage": 1.0,
            "passed": true
          },
          "final": {
            "months": 6,
            "full_months": 6,
            "required_full_months": 6,
            "minimum_coverage": 1.0,
            "median_coverage": 1.0,
            "passed": true
          }
        },
        "spot_valid_months": 66,
        "perp_valid_months": 66,
        "archive_gate_passed": true
      },
      "ETH": {
        "periods": {
          "development": {
            "months": 36,
            "full_months": 36,
            "required_full_months": 33,
            "minimum_coverage": 0.9900462962962963,
            "median_coverage": 1.0,
            "passed": true
          },
          "validation": {
            "months": 12,
            "full_months": 12,
            "required_full_months": 11,
            "minimum_coverage": 0.9982078853046595,
            "median_coverage": 1.0,
            "passed": true
          },
          "holdout": {
            "months": 12,
            "full_months": 12,
            "required_full_months": 11,
            "minimum_coverage": 0.9996639784946236,
            "median_coverage": 1.0,
            "passed": true
          },
          "final": {
            "months": 6,
            "full_months": 6,
            "required_full_months": 6,
            "minimum_coverage": 1.0,
            "median_coverage": 1.0,
            "passed": true
          }
        },
        "spot_valid_months": 66,
        "perp_valid_months": 66,
        "archive_gate_passed": true
      }
    },
    "passed": true
  },
  "development_diagnostics": [
    {
      "policy": "perp_unconfirmed_reversal_s2.5_g0.5_h1_p1",
      "family": "perp_unconfirmed_reversal",
      "shock_z": 2.5,
      "gap_z": 0.5,
      "hold_bars": 1,
      "persistence": 1,
      "eligible_development": false,
      "all_development_years_positive": true,
      "btc_development_pnl": 60.611664654890774,
      "eth_development_pnl": 11.375438141749328,
      "score": 0.057225816201901494,
      "development_total_return": 0.007198710279664011,
      "development_cagr": 0.002395435007269686,
      "development_max_drawdown": -0.00012102872701058587,
      "development_sharpe": 1.1000589687461217,
      "development_annual_turnover": 0.8023218498661224,
      "development_average_gross": 3.822158556493203e-06,
      "development_max_gross": 0.2019786996713858,
      "development_costs": 14.498323092076763,
      "development_trade_count": 6,
      "development_forced_exits": 0,
      "development_unexplained_events": 0,
      "development_observations_per_year": 105189.84
    },
    {
      "policy": "perp_unconfirmed_reversal_s2.5_g0.5_h3_p1",
      "family": "perp_unconfirmed_reversal",
      "shock_z": 2.5,
      "gap_z": 0.5,
      "hold_bars": 3,
      "persistence": 1,
      "eligible_development": false,
      "all_development_years_positive": false,
      "btc_development_pnl": 66.7474315528998,
      "eth_development_pnl": 13.13829692901345,
      "score": 0.05466025316353571,
      "development_total_return": 0.007988572848191433,
      "development_cagr": 0.0026575733578817484,
      "development_max_drawdown": -0.0017551728294372682,
      "development_sharpe": 1.0467772231320505,
      "development_annual_turnover": 0.8033203400241621,
      "development_average_gross": 1.1483417751102093e-05,
      "development_max_gross": 0.2029564698864636,
      "development_costs": 14.529836180757012,
      "development_trade_count": 6,
      "development_forced_exits": 0,
      "development_unexplained_events": 0,
      "development_observations_per_year": 105189.84
    },
    {
      "policy": "perp_unconfirmed_reversal_s2_g0.5_h1_p1",
      "family": "perp_unconfirmed_reversal",
      "shock_z": 2.0,
      "gap_z": 0.5,
      "hold_bars": 1,
      "persistence": 1,
      "eligible_development": false,
      "all_development_years_positive": true,
      "btc_development_pnl": 33.01790880304179,
      "eth_development_pnl": 57.384804057746805,
      "score": 0.046220442894345626,
      "development_total_return": 0.009040271286078871,
      "development_cagr": 0.003006396984236437,
      "development_max_drawdown": -0.001058515873385124,
      "development_sharpe": 0.8744035518176908,
      "development_annual_turnover": 2.0014004671841783,
      "development_average_gross": 9.513502397053121e-06,
      "development_max_gross": 0.2019786996713857,
      "development_costs": 36.162405057546756,
      "development_trade_count": 15,
      "development_forced_exits": 0,
      "development_unexplained_events": 0,
      "development_observations_per_year": 105189.84
    },
    {
      "policy": "reversed_spot_lead_control_s1.5_g0.5_h1_p1",
      "family": "reversed_spot_lead_control",
      "shock_z": 1.5,
      "gap_z": 0.5,
      "hold_bars": 1,
      "persistence": 1,
      "eligible_development": false,
      "all_development_years_positive": false,
      "btc_development_pnl": 180.89572572625548,
      "eth_development_pnl": 76.22757391641426,
      "score": 0.046003724570862006,
      "development_total_return": 0.025712329964266978,
      "development_cagr": 0.008504047295406991,
      "development_max_drawdown": -0.01131623015066563,
      "development_sharpe": 0.7955863230466987,
      "development_annual_turnover": 5.740079309066812,
      "development_average_gross": 2.729792803949569e-05,
      "development_max_gross": 0.20913249773457213,
      "development_costs": 106.03662518737423,
      "development_trade_count": 43,
      "development_forced_exits": 0,
      "development_unexplained_events": 0,
      "development_observations_per_year": 105189.84
    },
    {
      "policy": "perp_unconfirmed_reversal_s2.5_g1_h1_p1",
      "family": "perp_unconfirmed_reversal",
      "shock_z": 2.5,
      "gap_z": 1.0,
      "hold_bars": 1,
      "persistence": 1,
      "eligible_development": false,
      "all_development_years_positive": false,
      "btc_development_pnl": 41.0663491374944,
      "eth_development_pnl": 0.0,
      "score": 0.040329174002492134,
      "development_total_return": 0.004106634913749518,
      "development_cagr": 0.0013679219198257098,
      "development_max_drawdown": -0.00012102872701058587,
      "development_sharpe": 0.7810725194678206,
      "development_annual_turnover": 0.40135509011775783,
      "development_average_gross": 1.9129187468953134e-06,
      "development_max_gross": 0.2019786996713858,
      "development_costs": 7.23895038409236,
      "development_trade_count": 3,
      "development_forced_exits": 0,
      "development_unexplained_events": 0,
      "development_observations_per_year": 105189.84
    },
    {
      "policy": "reversed_spot_lead_control_s1.5_g1_h1_p1",
      "family": "reversed_spot_lead_control",
      "shock_z": 1.5,
      "gap_z": 1.0,
      "hold_bars": 1,
      "persistence": 1,
      "eligible_development": false,
      "all_development_years_positive": false,
      "btc_development_pnl": 82.70241920487933,
      "eth_development_pnl": 57.293027823039665,
      "score": 0.03648919825839215,
      "development_total_return": 0.013999544702791855,
      "development_cagr": 0.004648014274309276,
      "development_max_drawdown": -0.002792321934774189,
      "development_sharpe": 0.6456274416197413,
      "development_annual_turnover": 0.8047795171338719,
      "development_average_gross": 3.845526627616718e-06,
      "development_max_gross": 0.20864257437078837,
      "development_costs": 14.658302435034212,
      "development_trade_count": 6,
      "development_forced_exits": 0,
      "development_unexplained_events": 0,
      "development_observations_per_year": 105189.84
    },
    {
      "policy": "reversed_spot_lead_control_s2.5_g0.5_h1_p1",
      "family": "reversed_spot_lead_control",
      "shock_z": 2.5,
      "gap_z": 0.5,
      "hold_bars": 1,
      "persistence": 1,
      "eligible_development": false,
      "all_development_years_positive": false,
      "btc_development_pnl": -19.460297025863838,
      "eth_development_pnl": 304.95256973293726,
      "score": 0.03599583010179858,
      "development_total_return": 0.0285492272707073,
      "development_cagr": 0.009433579464549258,
      "development_max_drawdown": -0.002108717151975026,
      "development_sharpe": 0.5370936412876283,
      "development_annual_turnover": 0.40779855967294687,
      "development_average_gross": 1.9743993151591124e-06,
      "development_max_gross": 0.22396200574423367,
      "development_costs": 7.520435264287851,
      "development_trade_count": 3,
      "development_forced_exits": 0,
      "development_unexplained_events": 0,
      "development_observations_per_year": 105189.84
    },
    {
      "policy": "perp_unconfirmed_reversal_s2.5_g0.5_h12_p1",
      "family": "perp_unconfirmed_reversal",
      "shock_z": 2.5,
      "gap_z": 0.5,
      "hold_bars": 12,
      "persistence": 1,
      "eligible_development": false,
      "all_development_years_positive": false,
      "btc_development_pnl": 60.659921547245176,
      "eth_development_pnl": 7.145496028297202,
      "score": 0.03398703074878916,
      "development_total_return": 0.006780541757554159,
      "development_cagr": 0.0022565984247491233,
      "development_max_drawdown": -0.005677457964303301,
      "development_sharpe": 0.6491806901071028,
      "development_annual_turnover": 0.8042819244238535,
      "development_average_gross": 4.599669942210295e-05,
      "development_max_gross": 0.2047549161418325,
      "development_costs": 14.556343579745779,
      "development_trade_count": 6,
      "development_forced_exits": 0,
      "development_unexplained_events": 0,
      "development_observations_per_year": 105189.84
    },
    {
      "policy": "perp_unconfirmed_reversal_s2_g1_h1_p1",
      "family": "perp_unconfirmed_reversal",
      "shock_z": 2.0,
      "gap_z": 1.0,
      "hold_bars": 1,
      "persistence": 1,
      "eligible_development": false,
      "all_development_years_positive": false,
      "btc_development_pnl": 32.26869213873397,
      "eth_development_pnl": 0.0,
      "score": 0.030645496901514992,
      "development_total_return": 0.0032268692138734956,
      "development_cagr": 0.0010751858297899375,
      "development_max_drawdown": -0.0009968112296663278,
      "development_sharpe": 0.5955383057096165,
      "development_annual_turnover": 0.5346154539456921,
      "development_average_gross": 2.54557298495798e-06,
      "development_max_gross": 0.2019786996713858,
      "development_costs": 9.644971326251397,
      "development_trade_count": 4,
      "development_forced_exits": 0,
      "development_unexplained_events": 0,
      "development_observations_per_year": 105189.84
    },
    {
      "policy": "spot_lead_continuation_s2_g1_h3_p1",
      "family": "spot_lead_continuation",
      "shock_z": 2.0,
      "gap_z": 1.0,
      "hold_bars": 3,
      "persistence": 1,
      "eligible_development": false,
      "all_development_years_positive": false,
      "btc_development_pnl": 213.40149654668312,
      "eth_development_pnl": 0.0,
      "score": 0.029853996462385044,
      "development_total_return": 0.02134014965466835,
      "development_cagr": 0.007068106319459533,
      "development_max_drawdown": -0.011009563909774478,
      "development_sharpe": 0.47930412197748334,
      "development_annual_turnover": 0.39179782485604864,
      "development_average_gross": 5.664119861615178e-06,
      "development_max_gross": 0.21323721263016843,
      "development_costs": 7.166587064141421,
      "development_trade_count": 3,
      "development_forced_exits": 0,
      "development_unexplained_events": 0,
      "development_observations_per_year": 105189.84
    },
    {
      "policy": "spot_lead_continuation_s2.5_g0.5_h3_p1",
      "family": "spot_lead_continuation",
      "shock_z": 2.5,
      "gap_z": 0.5,
      "hold_bars": 3,
      "persistence": 1,
      "eligible_development": false,
      "all_development_years_positive": false,
      "btc_development_pnl": 9.349765964614562,
      "eth_development_pnl": 411.7553669634017,
      "score": 0.028657994552041127,
      "development_total_return": 0.04211051329280169,
      "development_cagr": 0.013853594512626799,
      "development_max_drawdown": -0.030962729970326452,
      "development_sharpe": 0.35954829991128584,
      "development_annual_turnover": 0.38370979558660984,
      "development_average_gross": 5.738435049433362e-06,
      "development_max_gross": 0.23821862905567878,
      "development_costs": 7.137406606218596,
      "development_trade_count": 3,
      "development_forced_exits": 0,
      "development_unexplained_events": 0,
      "development_observations_per_year": 105189.84
    },
    {
      "policy": "perp_unconfirmed_reversal_s2.5_g1_h12_p1",
      "family": "perp_unconfirmed_reversal",
      "shock_z": 2.5,
      "gap_z": 1.0,
      "hold_bars": 12,
      "persistence": 1,
      "eligible_development": false,
      "all_development_years_positive": false,
      "btc_development_pnl": 48.683735741855344,
      "eth_development_pnl": 0.0,
      "score": 0.028543324178000557,
      "development_total_return": 0.004868373574185458,
      "development_cagr": 0.0016212472677621381,
      "development_max_drawdown": -0.0038295387876134956,
      "development_sharpe": 0.5477142441811802,
      "development_annual_turnover": 0.40340710029621774,
      "development_average_gross": 2.309727061589262e-05,
      "development_max_gross": 0.2047549161418325,
      "development_costs": 7.285743864082629,
      "development_trade_count": 3,
      "development_forced_exits": 0,
      "development_unexplained_events": 0,
      "development_observations_per_year": 105189.84
    }
  ],
  "provenance_sha256": "d53d3ba059c5b314447ca8bcc754f8309e516820c5c32db3fe6ea12a825cc942"
}
