/home/runner/work/fin/fin/research/active_v9/data.py:18: UserWarning: Converting to Period representation will drop timezone information.
  x=utc(a).to_period('M').to_timestamp().tz_localize('UTC');e=utc(b)
/home/runner/work/fin/fin/research/active_v9/data.py:18: UserWarning: Converting to Period representation will drop timezone information.
  x=utc(a).to_period('M').to_timestamp().tz_localize('UTC');e=utc(b)
archives 200/2028
archives 400/2028
archives 600/2028
archives 800/2028
archives 1000/2028
archives 1200/2028
archives 1400/2028
archives 1600/2028
archives 1800/2028
archives 2000/2028
archives 2028/2028
archives 200/2028
archives 400/2028
archives 600/2028
archives 800/2028
archives 1000/2028
archives 1200/2028
archives 1400/2028
archives 1600/2028
archives 1800/2028
archives 2000/2028
archives 2028/2028
{
  "candidate": "ACTIVE_V285_HOURLY_GROSS_CONTROLLED_LOW_SKEW",
  "status": "rejected_before_oos",
  "development_reproof_passed": false,
  "oos_opened": false,
  "standalone_selection_passed": false,
  "integration_permitted": false,
  "promoted_candidates": [],
  "live_ready": false,
  "real_leverage_authorized": false,
  "profitability_proven": false,
  "selection": {
    "candidate": "ACTIVE_V285_HOURLY_GROSS_CONTROLLED_LOW_SKEW",
    "source_policy": "low_idiosyncratic_skewness_l180_k3_r28_beta",
    "source_evidence": {
      "v269_workflow_run": 30252073440,
      "v269_artifact": 8647414440,
      "v269_artifact_digest": "sha256:d1c62d3f0a3b741357020f4ee76eaa86c35bf87d6c04b14da0e01138c62ad1e9",
      "v277_workflow_run": 30252852852,
      "v277_artifact": 8647694050,
      "v277_artifact_digest": "sha256:8869135f97ffc141fa8e85c5f58ab8c4d9b04bb2890967da8eb6a63814c3627c"
    },
    "source_verification": {
      "v269_source_row": {
        "policy": "low_idiosyncratic_skewness_l180_k3_r28_beta",
        "family": "low_idiosyncratic_skewness",
        "lookback_days": 180,
        "long_short_k": 3,
        "rebalance_days": 28,
        "neutralization": "beta",
        "promotable_family": true,
        "eligible_development": false,
        "all_development_years_positive": true,
        "long_leg_pnl": 5983.27853008176,
        "short_leg_pnl": 1874.7632880951803,
        "symbol_count_traded": 13,
        "symbols_traded": "ADAUSDT+BCHUSDT+BNBUSDT+BTCUSDT+DOGEUSDT+DOTUSDT+EOSUSDT+ETHUSDT+LINKUSDT+LTCUSDT+SOLUSDT+TRXUSDT+XRPUSDT",
        "top_positive_asset_pnl_share": 0.267115625690457,
        "asset_pnl_json": "{\"ADAUSDT\": 1437.9447221513328, \"BCHUSDT\": -1159.6622954037684, \"BNBUSDT\": 907.7557217112762, \"BTCUSDT\": -100.80642379982032, \"DOGEUSDT\": 963.1570353471409, \"DOTUSDT\": 2462.8490137049043, \"EOSUSDT\": 1351.9561365332263, \"ETHUSDT\": 706.931697139043, \"LINKUSDT\": -19.462706281362852, \"LTCUSDT\": 236.15488815869486, \"SOLUSDT\": -82.18752880805116, \"TRXUSDT\": 6.721396135251009, \"XRPUSDT\": 1146.6901615890297}",
        "score": 0.3019000374449305,
        "development_total_return": 0.7858041818176926,
        "development_cagr": 0.2136044663645637,
        "development_max_drawdown": -0.0796754697228585,
        "development_sharpe": 1.681516561448036,
        "development_annual_turnover": 4.379059865247066,
        "development_average_gross": 0.4841675692692131,
        "development_max_gross": 0.7422418153574422,
        "development_costs": 575.0592653177613,
        "development_funding_pnl": 99.75687904576984,
        "development_rebalance_events": 38,
        "development_forced_exits": 1
      },
      "v269_summary_sha256": "f5d92f6acbc5019f72207adeefb0a9e01b23619bdecaab07a6b8a98455d6b159",
      "v269_ranking_file_sha256": "00a37e0175ba894b2d8d365ac1680c4ac8201b7625e084f5e3079e451c7ca023",
      "v277_summary_sha256": "35e3c744ecbdae46791612aebf8d8fb50112fb2da5452749b7b9be9d8e8209aa"
    },
    "daily_target_gross": 0.5,
    "soft_gross_trigger": 0.6,
    "hard_hourly_close_gross": 0.7,
    "neighboring_triggers_tested": 0,
    "selection_uses_2024": false,
    "selection_uses_2025": false,
    "selection_uses_2026": false,
    "program_level_holdout_pristine": false,
    "development_metrics": {
      "total_return": -0.21118812658562525,
      "cagr": -0.076081445329503,
      "max_drawdown": -0.38344746493889403,
      "sharpe": -0.25789890533292265,
      "annual_turnover": 5.068765143932985,
      "average_gross": 0.4716393448714289,
      "max_gross": 0.7993552655254407,
      "max_stress_gross": 0.8784307132732427,
      "costs": 414.15460398870755,
      "funding_pnl": 62.882958086633,
      "daily_rebalance_events": 38,
      "risk_reduction_events": 21,
      "forced_exits": 3
    },
    "development_diagnostics": {
      "asset_pnl": {
        "BTCUSDT": 694.3734680758745,
        "ETHUSDT": -1042.664744856161,
        "BNBUSDT": 310.8126436055288,
        "XRPUSDT": 1070.621915293838,
        "ADAUSDT": 109.71315215370512,
        "LTCUSDT": 380.4318316330959,
        "BCHUSDT": 688.360424015504,
        "EOSUSDT": -434.9548761465322,
        "DOGEUSDT": -3203.6979979293237,
        "LINKUSDT": -566.9999588120864,
        "DOTUSDT": -78.75376990227147,
        "TRXUSDT": 80.94203926295275,
        "SOLUSDT": -120.06539225106127
      },
      "long_leg_pnl": 3338.2917973426866,
      "short_leg_pnl": -5450.173063199624,
      "symbols_traded": [
        "ADAUSDT",
        "BCHUSDT",
        "BNBUSDT",
        "BTCUSDT",
        "DOGEUSDT",
        "DOTUSDT",
        "EOSUSDT",
        "ETHUSDT",
        "LINKUSDT",
        "LTCUSDT",
        "SOLUSDT",
        "TRXUSDT",
        "XRPUSDT"
      ],
      "symbol_count_traded": 13,
      "forced_exit_count": 3,
      "daily_rebalance_events": 38,
      "risk_reduction_events": 21,
      "top_positive_asset_pnl_share": 0.32100147158947073
    },
    "development_annual_returns": [
      {
        "year": 2021,
        "return": -0.16660309609353263
      },
      {
        "year": 2022,
        "return": 0.08141749270754062
      },
      {
        "year": 2023,
        "return": -0.1247579673280782
      }
    ],
    "development_gate_results": {
      "cagr": false,
      "sharpe": false,
      "max_drawdown": false,
      "rebalance_events": true,
      "annual_turnover": true,
      "max_hourly_close_gross": false,
      "max_adverse_intrahour_stress_gross": false,
      "all_development_years_positive": false,
      "net_long_leg_pnl_positive": true,
      "net_short_leg_pnl_positive": false,
      "symbols_traded": true,
      "concentration": true
    },
    "development_reproof_passed": false,
    "coverage_gate": {
      "candidate": "V285_COMBINED_DAILY_HOURLY_COVERAGE",
      "daily_gate": {
        "candidate": "V285_DAILY_SIGNAL_DATA_COVERAGE",
        "fixed_universe_size": 13,
        "minimum_price_active_month_share": 0.95,
        "minimum_funding_active_month_share": 0.9,
        "minimum_observation_share": 0.98,
        "minimum_development_price_months": 34,
        "details": {
          "BTCUSDT": {
            "first_price_month": "2020-01",
            "last_price_month": "2026-06",
            "active_month_count": 78,
            "price_active_month_share": 1.0,
            "funding_active_month_share": 1.0,
            "development_price_months": 36,
            "observation_share": 1.0,
            "rows": 2373,
            "timestamp_min": "2020-01-01T00:00:00+00:00",
            "timestamp_max": "2026-06-30T00:00:00+00:00",
            "latest_required": true,
            "latest_present": true,
            "passed": true
          },
          "ETHUSDT": {
            "first_price_month": "2020-01",
            "last_price_month": "2026-06",
            "active_month_count": 78,
            "price_active_month_share": 1.0,
            "funding_active_month_share": 1.0,
            "development_price_months": 36,
            "observation_share": 1.0,
            "rows": 2373,
            "timestamp_min": "2020-01-01T00:00:00+00:00",
            "timestamp_max": "2026-06-30T00:00:00+00:00",
            "latest_required": true,
            "latest_present": true,
            "passed": true
          },
          "BNBUSDT": {
            "first_price_month": "2020-02",
            "last_price_month": "2026-06",
            "active_month_count": 77,
            "price_active_month_share": 1.0,
            "funding_active_month_share": 1.0,
            "development_price_months": 36,
            "observation_share": 1.0,
            "rows": 2333,
            "timestamp_min": "2020-02-10T00:00:00+00:00",
            "timestamp_max": "2026-06-30T00:00:00+00:00",
            "latest_required": false,
            "latest_present": true,
            "passed": true
          },
          "XRPUSDT": {
            "first_price_month": "2020-01",
            "last_price_month": "2026-06",
            "active_month_count": 78,
            "price_active_month_share": 1.0,
            "funding_active_month_share": 1.0,
            "development_price_months": 36,
            "observation_share": 0.9978885135135135,
            "rows": 2363,
            "timestamp_min": "2020-01-06T00:00:00+00:00",
            "timestamp_max": "2026-06-30T00:00:00+00:00",
            "latest_required": false,
            "latest_present": true,
            "passed": true
          },
          "ADAUSDT": {
            "first_price_month": "2020-01",
            "last_price_month": "2026-06",
            "active_month_count": 78,
            "price_active_month_share": 1.0,
            "funding_active_month_share": 1.0,
            "development_price_months": 36,
            "observation_share": 1.0,
            "rows": 2343,
            "timestamp_min": "2020-01-31T00:00:00+00:00",
            "timestamp_max": "2026-06-30T00:00:00+00:00",
            "latest_required": false,
            "latest_present": true,
            "passed": true
          },
          "LTCUSDT": {
            "first_price_month": "2020-01",
            "last_price_month": "2026-06",
            "active_month_count": 78,
            "price_active_month_share": 1.0,
            "funding_active_month_share": 1.0,
            "development_price_months": 36,
            "observation_share": 0.9978858350951374,
            "rows": 2360,
            "timestamp_min": "2020-01-09T00:00:00+00:00",
            "timestamp_max": "2026-06-30T00:00:00+00:00",
            "latest_required": false,
            "latest_present": true,
            "passed": true
          },
          "BCHUSDT": {
            "first_price_month": "2020-01",
            "last_price_month": "2026-06",
            "active_month_count": 78,
            "price_active_month_share": 1.0,
            "funding_active_month_share": 1.0,
            "development_price_months": 36,
            "observation_share": 1.0,
            "rows": 2373,
            "timestamp_min": "2020-01-01T00:00:00+00:00",
            "timestamp_max": "2026-06-30T00:00:00+00:00",
            "latest_required": false,
            "latest_present": true,
            "passed": true
          },
          "EOSUSDT": {
            "first_price_month": "2020-01",
            "last_price_month": "2025-05",
            "active_month_count": 65,
            "price_active_month_share": 1.0,
            "funding_active_month_share": 1.0,
            "development_price_months": 36,
            "observation_share": 1.0,
            "rows": 1961,
            "timestamp_min": "2020-01-08T00:00:00+00:00",
            "timestamp_max": "2025-05-21T00:00:00+00:00",
            "latest_required": false,
            "latest_present": false,
            "passed": true
          },
          "DOGEUSDT": {
            "first_price_month": "2020-07",
            "last_price_month": "2026-06",
            "active_month_count": 72,
            "price_active_month_share": 1.0,
            "funding_active_month_share": 1.0,
            "development_price_months": 36,
            "observation_share": 1.0,
            "rows": 2182,
            "timestamp_min": "2020-07-10T00:00:00+00:00",
            "timestamp_max": "2026-06-30T00:00:00+00:00",
            "latest_required": false,
            "latest_present": true,
            "passed": true
          },
          "LINKUSDT": {
            "first_price_month": "2020-01",
            "last_price_month": "2026-06",
            "active_month_count": 78,
            "price_active_month_share": 1.0,
            "funding_active_month_share": 1.0,
            "development_price_months": 36,
            "observation_share": 1.0,
            "rows": 2357,
            "timestamp_min": "2020-01-17T00:00:00+00:00",
            "timestamp_max": "2026-06-30T00:00:00+00:00",
            "latest_required": false,
            "latest_present": true,
            "passed": true
          },
          "DOTUSDT": {
            "first_price_month": "2020-08",
            "last_price_month": "2026-06",
            "active_month_count": 71,
            "price_active_month_share": 1.0,
            "funding_active_month_share": 1.0,
            "development_price_months": 36,
            "observation_share": 1.0,
            "rows": 2139,
            "timestamp_min": "2020-08-22T00:00:00+00:00",
            "timestamp_max": "2026-06-30T00:00:00+00:00",
            "latest_required": false,
            "latest_present": true,
            "passed": true
          },
          "TRXUSDT": {
            "first_price_month": "2020-01",
            "last_price_month": "2026-06",
            "active_month_count": 78,
            "price_active_month_share": 1.0,
            "funding_active_month_share": 1.0,
            "development_price_months": 36,
            "observation_share": 0.9978804578211107,
            "rows": 2354,
            "timestamp_min": "2020-01-15T00:00:00+00:00",
            "timestamp_max": "2026-06-30T00:00:00+00:00",
            "latest_required": false,
            "latest_present": true,
            "passed": true
          },
          "SOLUSDT": {
            "first_price_month": "2020-09",
            "last_price_month": "2026-06",
            "active_month_count": 70,
            "price_active_month_share": 1.0,
            "funding_active_month_share": 1.0,
            "development_price_months": 36,
            "observation_share": 0.9976370510396976,
            "rows": 2111,
            "timestamp_min": "2020-09-14T00:00:00+00:00",
            "timestamp_max": "2026-06-30T00:00:00+00:00",
            "latest_required": false,
            "latest_present": true,
            "passed": true
          }
        },
        "passed": true,
        "survivor_replacement_permitted": false
      },
      "hourly_gate": {
        "candidate": "V285_HOURLY_EXECUTION_DATA_COVERAGE",
        "fixed_universe_size": 13,
        "minimum_price_active_month_share": 0.95,
        "minimum_funding_active_month_share": 0.9,
        "minimum_observation_share": 0.98,
        "minimum_development_price_months": 34,
        "details": {
          "BTCUSDT": {
            "first_price_month": "2020-01",
            "last_price_month": "2026-06",
            "active_month_count": 78,
            "price_active_month_share": 1.0,
            "funding_active_month_share": 1.0,
            "development_price_months": 36,
            "observation_share": 1.0,
            "rows": 56952,
            "timestamp_min": "2020-01-01T00:00:00+00:00",
            "timestamp_max": "2026-06-30T23:00:00+00:00",
            "latest_required": true,
            "latest_present": true,
            "passed": true
          },
          "ETHUSDT": {
            "first_price_month": "2020-01",
            "last_price_month": "2026-06",
            "active_month_count": 78,
            "price_active_month_share": 1.0,
            "funding_active_month_share": 1.0,
            "development_price_months": 36,
            "observation_share": 1.0,
            "rows": 56952,
            "timestamp_min": "2020-01-01T00:00:00+00:00",
            "timestamp_max": "2026-06-30T23:00:00+00:00",
            "latest_required": true,
            "latest_present": true,
            "passed": true
          },
          "BNBUSDT": {
            "first_price_month": "2020-02",
            "last_price_month": "2026-06",
            "active_month_count": 77,
            "price_active_month_share": 1.0,
            "funding_active_month_share": 1.0,
            "development_price_months": 36,
            "observation_share": 1.0,
            "rows": 55984,
            "timestamp_min": "2020-02-10T08:00:00+00:00",
            "timestamp_max": "2026-06-30T23:00:00+00:00",
            "latest_required": false,
            "latest_present": true,
            "passed": true
          },
          "XRPUSDT": {
            "first_price_month": "2020-01",
            "last_price_month": "2026-06",
            "active_month_count": 78,
            "price_active_month_share": 1.0,
            "funding_active_month_share": 1.0,
            "development_price_months": 36,
            "observation_share": 0.9978882162466564,
            "rows": 56704,
            "timestamp_min": "2020-01-06T08:00:00+00:00",
            "timestamp_max": "2026-06-30T23:00:00+00:00",
            "latest_required": false,
            "latest_present": true,
            "passed": true
          },
          "ADAUSDT": {
            "first_price_month": "2020-01",
            "last_price_month": "2026-06",
            "active_month_count": 78,
            "price_active_month_share": 1.0,
            "funding_active_month_share": 1.0,
            "development_price_months": 36,
            "observation_share": 1.0,
            "rows": 56224,
            "timestamp_min": "2020-01-31T08:00:00+00:00",
            "timestamp_max": "2026-06-30T23:00:00+00:00",
            "latest_required": false,
            "latest_present": true,
            "passed": true
          },
          "LTCUSDT": {
            "first_price_month": "2020-01",
            "last_price_month": "2026-06",
            "active_month_count": 78,
            "price_active_month_share": 1.0,
            "funding_active_month_share": 1.0,
            "development_price_months": 36,
            "observation_share": 0.9978855370735833,
            "rows": 56632,
            "timestamp_min": "2020-01-09T08:00:00+00:00",
            "timestamp_max": "2026-06-30T23:00:00+00:00",
            "latest_required": false,
            "latest_present": true,
            "passed": true
          },
          "BCHUSDT": {
            "first_price_month": "2020-01",
            "last_price_month": "2026-06",
            "active_month_count": 78,
            "price_active_month_share": 1.0,
            "funding_active_month_share": 1.0,
            "development_price_months": 36,
            "observation_share": 1.0,
            "rows": 56952,
            "timestamp_min": "2020-01-01T00:00:00+00:00",
            "timestamp_max": "2026-06-30T23:00:00+00:00",
            "latest_required": false,
            "latest_present": true,
            "passed": true
          },
          "EOSUSDT": {
            "first_price_month": "2020-01",
            "last_price_month": "2025-05",
            "active_month_count": 65,
            "price_active_month_share": 1.0,
            "funding_active_month_share": 1.0,
            "development_price_months": 36,
            "observation_share": 1.0,
            "rows": 47042,
            "timestamp_min": "2020-01-08T08:00:00+00:00",
            "timestamp_max": "2025-05-21T09:00:00+00:00",
            "latest_required": false,
            "latest_present": false,
            "passed": true
          },
          "DOGEUSDT": {
            "first_price_month": "2020-07",
            "last_price_month": "2026-06",
            "active_month_count": 72,
            "price_active_month_share": 1.0,
            "funding_active_month_share": 1.0,
            "development_price_months": 36,
            "observation_share": 1.0,
            "rows": 52359,
            "timestamp_min": "2020-07-10T09:00:00+00:00",
            "timestamp_max": "2026-06-30T23:00:00+00:00",
            "latest_required": false,
            "latest_present": true,
            "passed": true
          },
          "LINKUSDT": {
            "first_price_month": "2020-01",
            "last_price_month": "2026-06",
            "active_month_count": 78,
            "price_active_month_share": 1.0,
            "funding_active_month_share": 1.0,
            "development_price_months": 36,
            "observation_share": 1.0,
            "rows": 56560,
            "timestamp_min": "2020-01-17T08:00:00+00:00",
            "timestamp_max": "2026-06-30T23:00:00+00:00",
            "latest_required": false,
            "latest_present": true,
            "passed": true
          },
          "DOTUSDT": {
            "first_price_month": "2020-08",
            "last_price_month": "2026-06",
            "active_month_count": 71,
            "price_active_month_share": 1.0,
            "funding_active_month_share": 1.0,
            "development_price_months": 36,
            "observation_share": 1.0,
            "rows": 51329,
            "timestamp_min": "2020-08-22T07:00:00+00:00",
            "timestamp_max": "2026-06-30T23:00:00+00:00",
            "latest_required": false,
            "latest_present": true,
            "passed": true
          },
          "TRXUSDT": {
            "first_price_month": "2020-01",
            "last_price_month": "2026-06",
            "active_month_count": 78,
            "price_active_month_share": 1.0,
            "funding_active_month_share": 1.0,
            "development_price_months": 36,
            "observation_share": 0.997880158281515,
            "rows": 56488,
            "timestamp_min": "2020-01-15T08:00:00+00:00",
            "timestamp_max": "2026-06-30T23:00:00+00:00",
            "latest_required": false,
            "latest_present": true,
            "passed": true
          },
          "SOLUSDT": {
            "first_price_month": "2020-09",
            "last_price_month": "2026-06",
            "active_month_count": 70,
            "price_active_month_share": 1.0,
            "funding_active_month_share": 1.0,
            "development_price_months": 36,
            "observation_share": 0.9976367252890088,
            "rows": 50657,
            "timestamp_min": "2020-09-14T07:00:00+00:00",
            "timestamp_max": "2026-06-30T23:00:00+00:00",
            "latest_required": false,
            "latest_present": true,
            "passed": true
          }
        },
        "passed": true,
        "survivor_replacement_permitted": false
      },
      "passed": true
    },
    "design_sha256": "f8c4992e7b6e00788e58da1f9e8363078b77b97762d1e3e18b99208503f500ba",
    "selection_proof_sha256": "5cd071d877faba09fdea093a49c6e0ee6b374399ba56462d3f0a4cb47494bc71"
  },
  "coverage_gate": {
    "candidate": "V285_COMBINED_DAILY_HOURLY_COVERAGE",
    "daily_gate": {
      "candidate": "V285_DAILY_SIGNAL_DATA_COVERAGE",
      "fixed_universe_size": 13,
      "minimum_price_active_month_share": 0.95,
      "minimum_funding_active_month_share": 0.9,
      "minimum_observation_share": 0.98,
      "minimum_development_price_months": 34,
      "details": {
        "BTCUSDT": {
          "first_price_month": "2020-01",
          "last_price_month": "2026-06",
          "active_month_count": 78,
          "price_active_month_share": 1.0,
          "funding_active_month_share": 1.0,
          "development_price_months": 36,
          "observation_share": 1.0,
          "rows": 2373,
          "timestamp_min": "2020-01-01T00:00:00+00:00",
          "timestamp_max": "2026-06-30T00:00:00+00:00",
          "latest_required": true,
          "latest_present": true,
          "passed": true
        },
        "ETHUSDT": {
          "first_price_month": "2020-01",
          "last_price_month": "2026-06",
          "active_month_count": 78,
          "price_active_month_share": 1.0,
          "funding_active_month_share": 1.0,
          "development_price_months": 36,
          "observation_share": 1.0,
          "rows": 2373,
          "timestamp_min": "2020-01-01T00:00:00+00:00",
          "timestamp_max": "2026-06-30T00:00:00+00:00",
          "latest_required": true,
          "latest_present": true,
          "passed": true
        },
        "BNBUSDT": {
          "first_price_month": "2020-02",
          "last_price_month": "2026-06",
          "active_month_count": 77,
          "price_active_month_share": 1.0,
          "funding_active_month_share": 1.0,
          "development_price_months": 36,
          "observation_share": 1.0,
          "rows": 2333,
          "timestamp_min": "2020-02-10T00:00:00+00:00",
          "timestamp_max": "2026-06-30T00:00:00+00:00",
          "latest_required": false,
          "latest_present": true,
          "passed": true
        },
        "XRPUSDT": {
          "first_price_month": "2020-01",
          "last_price_month": "2026-06",
          "active_month_count": 78,
          "price_active_month_share": 1.0,
          "funding_active_month_share": 1.0,
          "development_price_months": 36,
          "observation_share": 0.9978885135135135,
          "rows": 2363,
          "timestamp_min": "2020-01-06T00:00:00+00:00",
          "timestamp_max": "2026-06-30T00:00:00+00:00",
          "latest_required": false,
          "latest_present": true,
          "passed": true
        },
        "ADAUSDT": {
          "first_price_month": "2020-01",
          "last_price_month": "2026-06",
          "active_month_count": 78,
          "price_active_month_share": 1.0,
          "funding_active_month_share": 1.0,
          "development_price_months": 36,
          "observation_share": 1.0,
          "rows": 2343,
          "timestamp_min": "2020-01-31T00:00:00+00:00",
          "timestamp_max": "2026-06-30T00:00:00+00:00",
          "latest_required": false,
          "latest_present": true,
          "passed": true
        },
        "LTCUSDT": {
          "first_price_month": "2020-01",
          "last_price_month": "2026-06",
          "active_month_count": 78,
          "price_active_month_share": 1.0,
          "funding_active_month_share": 1.0,
          "development_price_months": 36,
          "observation_share": 0.9978858350951374,
          "rows": 2360,
          "timestamp_min": "2020-01-09T00:00:00+00:00",
          "timestamp_max": "2026-06-30T00:00:00+00:00",
          "latest_required": false,
          "latest_present": true,
          "passed": true
        },
        "BCHUSDT": {
          "first_price_month": "2020-01",
          "last_price_month": "2026-06",
          "active_month_count": 78,
          "price_active_month_share": 1.0,
          "funding_active_month_share": 1.0,
          "development_price_months": 36,
          "observation_share": 1.0,
          "rows": 2373,
          "timestamp_min": "2020-01-01T00:00:00+00:00",
          "timestamp_max": "2026-06-30T00:00:00+00:00",
          "latest_required": false,
          "latest_present": true,
          "passed": true
        },
        "EOSUSDT": {
          "first_price_month": "2020-01",
          "last_price_month": "2025-05",
          "active_month_count": 65,
          "price_active_month_share": 1.0,
          "funding_active_month_share": 1.0,
          "development_price_months": 36,
          "observation_share": 1.0,
          "rows": 1961,
          "timestamp_min": "2020-01-08T00:00:00+00:00",
          "timestamp_max": "2025-05-21T00:00:00+00:00",
          "latest_required": false,
          "latest_present": false,
          "passed": true
        },
        "DOGEUSDT": {
          "first_price_month": "2020-07",
          "last_price_month": "2026-06",
          "active_month_count": 72,
          "price_active_month_share": 1.0,
          "funding_active_month_share": 1.0,
          "development_price_months": 36,
          "observation_share": 1.0,
          "rows": 2182,
          "timestamp_min": "2020-07-10T00:00:00+00:00",
          "timestamp_max": "2026-06-30T00:00:00+00:00",
          "latest_required": false,
          "latest_present": true,
          "passed": true
        },
        "LINKUSDT": {
          "first_price_month": "2020-01",
          "last_price_month": "2026-06",
          "active_month_count": 78,
          "price_active_month_share": 1.0,
          "funding_active_month_share": 1.0,
          "development_price_months": 36,
          "observation_share": 1.0,
          "rows": 2357,
          "timestamp_min": "2020-01-17T00:00:00+00:00",
          "timestamp_max": "2026-06-30T00:00:00+00:00",
          "latest_required": false,
          "latest_present": true,
          "passed": true
        },
        "DOTUSDT": {
          "first_price_month": "2020-08",
          "last_price_month": "2026-06",
          "active_month_count": 71,
          "price_active_month_share": 1.0,
          "funding_active_month_share": 1.0,
          "development_price_months": 36,
          "observation_share": 1.0,
          "rows": 2139,
          "timestamp_min": "2020-08-22T00:00:00+00:00",
          "timestamp_max": "2026-06-30T00:00:00+00:00",
          "latest_required": false,
          "latest_present": true,
          "passed": true
        },
        "TRXUSDT": {
          "first_price_month": "2020-01",
          "last_price_month": "2026-06",
          "active_month_count": 78,
          "price_active_month_share": 1.0,
          "funding_active_month_share": 1.0,
          "development_price_months": 36,
          "observation_share": 0.9978804578211107,
          "rows": 2354,
          "timestamp_min": "2020-01-15T00:00:00+00:00",
          "timestamp_max": "2026-06-30T00:00:00+00:00",
          "latest_required": false,
          "latest_present": true,
          "passed": true
        },
        "SOLUSDT": {
          "first_price_month": "2020-09",
          "last_price_month": "2026-06",
          "active_month_count": 70,
          "price_active_month_share": 1.0,
          "funding_active_month_share": 1.0,
          "development_price_months": 36,
          "observation_share": 0.9976370510396976,
          "rows": 2111,
          "timestamp_min": "2020-09-14T00:00:00+00:00",
          "timestamp_max": "2026-06-30T00:00:00+00:00",
          "latest_required": false,
          "latest_present": true,
          "passed": true
        }
      },
      "passed": true,
      "survivor_replacement_permitted": false
    },
    "hourly_gate": {
      "candidate": "V285_HOURLY_EXECUTION_DATA_COVERAGE",
      "fixed_universe_size": 13,
      "minimum_price_active_month_share": 0.95,
      "minimum_funding_active_month_share": 0.9,
      "minimum_observation_share": 0.98,
      "minimum_development_price_months": 34,
      "details": {
        "BTCUSDT": {
          "first_price_month": "2020-01",
          "last_price_month": "2026-06",
          "active_month_count": 78,
          "price_active_month_share": 1.0,
          "funding_active_month_share": 1.0,
          "development_price_months": 36,
          "observation_share": 1.0,
          "rows": 56952,
          "timestamp_min": "2020-01-01T00:00:00+00:00",
          "timestamp_max": "2026-06-30T23:00:00+00:00",
          "latest_required": true,
          "latest_present": true,
          "passed": true
        },
        "ETHUSDT": {
          "first_price_month": "2020-01",
          "last_price_month": "2026-06",
          "active_month_count": 78,
          "price_active_month_share": 1.0,
          "funding_active_month_share": 1.0,
          "development_price_months": 36,
          "observation_share": 1.0,
          "rows": 56952,
          "timestamp_min": "2020-01-01T00:00:00+00:00",
          "timestamp_max": "2026-06-30T23:00:00+00:00",
          "latest_required": true,
          "latest_present": true,
          "passed": true
        },
        "BNBUSDT": {
          "first_price_month": "2020-02",
          "last_price_month": "2026-06",
          "active_month_count": 77,
          "price_active_month_share": 1.0,
          "funding_active_month_share": 1.0,
          "development_price_months": 36,
          "observation_share": 1.0,
          "rows": 55984,
          "timestamp_min": "2020-02-10T08:00:00+00:00",
          "timestamp_max": "2026-06-30T23:00:00+00:00",
          "latest_required": false,
          "latest_present": true,
          "passed": true
        },
        "XRPUSDT": {
          "first_price_month": "2020-01",
          "last_price_month": "2026-06",
          "active_month_count": 78,
          "price_active_month_share": 1.0,
          "funding_active_month_share": 1.0,
          "development_price_months": 36,
          "observation_share": 0.9978882162466564,
          "rows": 56704,
          "timestamp_min": "2020-01-06T08:00:00+00:00",
          "timestamp_max": "2026-06-30T23:00:00+00:00",
          "latest_required": false,
          "latest_present": true,
          "passed": true
        },
        "ADAUSDT": {
          "first_price_month": "2020-01",
          "last_price_month": "2026-06",
          "active_month_count": 78,
          "price_active_month_share": 1.0,
          "funding_active_month_share": 1.0,
          "development_price_months": 36,
          "observation_share": 1.0,
          "rows": 56224,
          "timestamp_min": "2020-01-31T08:00:00+00:00",
          "timestamp_max": "2026-06-30T23:00:00+00:00",
          "latest_required": false,
          "latest_present": true,
          "passed": true
        },
        "LTCUSDT": {
          "first_price_month": "2020-01",
          "last_price_month": "2026-06",
          "active_month_count": 78,
          "price_active_month_share": 1.0,
          "funding_active_month_share": 1.0,
          "development_price_months": 36,
          "observation_share": 0.9978855370735833,
          "rows": 56632,
          "timestamp_min": "2020-01-09T08:00:00+00:00",
          "timestamp_max": "2026-06-30T23:00:00+00:00",
          "latest_required": false,
          "latest_present": true,
          "passed": true
        },
        "BCHUSDT": {
          "first_price_month": "2020-01",
          "last_price_month": "2026-06",
          "active_month_count": 78,
          "price_active_month_share": 1.0,
          "funding_active_month_share": 1.0,
          "development_price_months": 36,
          "observation_share": 1.0,
          "rows": 56952,
          "timestamp_min": "2020-01-01T00:00:00+00:00",
          "timestamp_max": "2026-06-30T23:00:00+00:00",
          "latest_required": false,
          "latest_present": true,
          "passed": true
        },
        "EOSUSDT": {
          "first_price_month": "2020-01",
          "last_price_month": "2025-05",
          "active_month_count": 65,
          "price_active_month_share": 1.0,
          "funding_active_month_share": 1.0,
          "development_price_months": 36,
          "observation_share": 1.0,
          "rows": 47042,
          "timestamp_min": "2020-01-08T08:00:00+00:00",
          "timestamp_max": "2025-05-21T09:00:00+00:00",
          "latest_required": false,
          "latest_present": false,
          "passed": true
        },
        "DOGEUSDT": {
          "first_price_month": "2020-07",
          "last_price_month": "2026-06",
          "active_month_count": 72,
          "price_active_month_share": 1.0,
          "funding_active_month_share": 1.0,
          "development_price_months": 36,
          "observation_share": 1.0,
          "rows": 52359,
          "timestamp_min": "2020-07-10T09:00:00+00:00",
          "timestamp_max": "2026-06-30T23:00:00+00:00",
          "latest_required": false,
          "latest_present": true,
          "passed": true
        },
        "LINKUSDT": {
          "first_price_month": "2020-01",
          "last_price_month": "2026-06",
          "active_month_count": 78,
          "price_active_month_share": 1.0,
          "funding_active_month_share": 1.0,
          "development_price_months": 36,
          "observation_share": 1.0,
          "rows": 56560,
          "timestamp_min": "2020-01-17T08:00:00+00:00",
          "timestamp_max": "2026-06-30T23:00:00+00:00",
          "latest_required": false,
          "latest_present": true,
          "passed": true
        },
        "DOTUSDT": {
          "first_price_month": "2020-08",
          "last_price_month": "2026-06",
          "active_month_count": 71,
          "price_active_month_share": 1.0,
          "funding_active_month_share": 1.0,
          "development_price_months": 36,
          "observation_share": 1.0,
          "rows": 51329,
          "timestamp_min": "2020-08-22T07:00:00+00:00",
          "timestamp_max": "2026-06-30T23:00:00+00:00",
          "latest_required": false,
          "latest_present": true,
          "passed": true
        },
        "TRXUSDT": {
          "first_price_month": "2020-01",
          "last_price_month": "2026-06",
          "active_month_count": 78,
          "price_active_month_share": 1.0,
          "funding_active_month_share": 1.0,
          "development_price_months": 36,
          "observation_share": 0.997880158281515,
          "rows": 56488,
          "timestamp_min": "2020-01-15T08:00:00+00:00",
          "timestamp_max": "2026-06-30T23:00:00+00:00",
          "latest_required": false,
          "latest_present": true,
          "passed": true
        },
        "SOLUSDT": {
          "first_price_month": "2020-09",
          "last_price_month": "2026-06",
          "active_month_count": 70,
          "price_active_month_share": 1.0,
          "funding_active_month_share": 1.0,
          "development_price_months": 36,
          "observation_share": 0.9976367252890088,
          "rows": 50657,
          "timestamp_min": "2020-09-14T07:00:00+00:00",
          "timestamp_max": "2026-06-30T23:00:00+00:00",
          "latest_required": false,
          "latest_present": true,
          "passed": true
        }
      },
      "passed": true,
      "survivor_replacement_permitted": false
    },
    "passed": true
  },
  "development_metrics": {
    "total_return": -0.21118812658562525,
    "cagr": -0.076081445329503,
    "max_drawdown": -0.38344746493889403,
    "sharpe": -0.25789890533292265,
    "annual_turnover": 5.068765143932985,
    "average_gross": 0.4716393448714289,
    "max_gross": 0.7993552655254407,
    "max_stress_gross": 0.8784307132732427,
    "costs": 414.15460398870755,
    "funding_pnl": 62.882958086633,
    "daily_rebalance_events": 38,
    "risk_reduction_events": 21,
    "forced_exits": 3
  },
  "development_diagnostics": {
    "asset_pnl": {
      "BTCUSDT": 694.3734680758745,
      "ETHUSDT": -1042.664744856161,
      "BNBUSDT": 310.8126436055288,
      "XRPUSDT": 1070.621915293838,
      "ADAUSDT": 109.71315215370512,
      "LTCUSDT": 380.4318316330959,
      "BCHUSDT": 688.360424015504,
      "EOSUSDT": -434.9548761465322,
      "DOGEUSDT": -3203.6979979293237,
      "LINKUSDT": -566.9999588120864,
      "DOTUSDT": -78.75376990227147,
      "TRXUSDT": 80.94203926295275,
      "SOLUSDT": -120.06539225106127
    },
    "long_leg_pnl": 3338.2917973426866,
    "short_leg_pnl": -5450.173063199624,
    "symbols_traded": [
      "ADAUSDT",
      "BCHUSDT",
      "BNBUSDT",
      "BTCUSDT",
      "DOGEUSDT",
      "DOTUSDT",
      "EOSUSDT",
      "ETHUSDT",
      "LINKUSDT",
      "LTCUSDT",
      "SOLUSDT",
      "TRXUSDT",
      "XRPUSDT"
    ],
    "symbol_count_traded": 13,
    "forced_exit_count": 3,
    "daily_rebalance_events": 38,
    "risk_reduction_events": 21,
    "top_positive_asset_pnl_share": 0.32100147158947073
  },
  "failed_development_gates": [
    "cagr",
    "sharpe",
    "max_drawdown",
    "max_hourly_close_gross",
    "max_adverse_intrahour_stress_gross",
    "all_development_years_positive",
    "net_short_leg_pnl_positive"
  ]
}
