/home/runner/work/fin/fin/research/active_v9/data.py:18: UserWarning: Converting to Period representation will drop timezone information.
  x=utc(a).to_period('M').to_timestamp().tz_localize('UTC');e=utc(b)
archives 200/2028
archives 400/2028
archives 600/2028
archives 800/2028
archives 1000/2028
archives 1200/2028
archives 1400/2028
archives 1600/2028
archives 1800/2028
archives 2000/2028
archives 2028/2028
processed 24/144 policies
processed 48/144 policies
processed 72/144 policies
processed 96/144 policies
processed 120/144 policies
processed 144/144 policies
{
  "candidate": "ACTIVE_V397_CRYPTO_DISPERSION_SENSITIVITY",
  "status": "rejected_before_validation",
  "eligible_policy_count": 0,
  "standalone_selection_passed": false,
  "integration_permitted": false,
  "promoted_candidates": [],
  "live_ready": false,
  "real_leverage_authorized": false,
  "profitability_proven": false,
  "selection": {
    "candidate": "ACTIVE_V397_CRYPTO_DISPERSION_SENSITIVITY",
    "selection_cutoff": "2023-12-31T23:59:59Z",
    "selection_uses_2024": false,
    "selection_uses_2025": false,
    "selection_uses_2026": false,
    "program_level_holdout_pristine": false,
    "policy_count": 144,
    "promotable_policy_count": 108,
    "eligible_policy_count": 0,
    "development_gates": {
      "cagr_min": 0.05,
      "sharpe_min": 1.0,
      "max_drawdown_min": -0.15,
      "rebalance_events_min": 24,
      "annual_turnover_max": 20.0,
      "max_realized_gross": 0.7,
      "all_development_years_positive": true,
      "net_long_leg_pnl_positive": true,
      "net_short_leg_pnl_positive": true,
      "symbols_traded_min": 10,
      "top_positive_asset_pnl_share_max": 0.35
    },
    "post_selection_gates": {
      "validation_return_positive": true,
      "holdout_return_positive": true,
      "final_return_positive": true,
      "full_cagr_min": 0.06,
      "full_sharpe_min": 0.8,
      "full_max_drawdown_min": -0.15,
      "severe_full_cagr_positive": true,
      "extreme_full_cagr_positive": true,
      "latency_full_cagr_positive": true,
      "worst_calendar_year_min": -0.1,
      "full_long_leg_pnl_positive": true,
      "full_short_leg_pnl_positive": true,
      "top_positive_asset_pnl_share_max": 0.35,
      "forced_exit_count_max": 4
    },
    "coverage_gate": {
      "candidate": "V269_FIXED_UNIVERSE_DATA_COVERAGE",
      "fixed_universe_size": 13,
      "minimum_price_active_month_share": 0.95,
      "minimum_funding_active_month_share": 0.9,
      "minimum_development_price_months": 34,
      "details": {
        "BTCUSDT": {
          "first_price_month": "2020-01",
          "last_price_month": "2026-06",
          "active_month_count": 78,
          "price_active_month_share": 1.0,
          "funding_active_month_share": 1.0,
          "development_price_months": 36,
          "latest_required": true,
          "latest_present": true,
          "rows": 2373,
          "timestamp_min": "2020-01-01T00:00:00+00:00",
          "timestamp_max": "2026-06-30T00:00:00+00:00",
          "passed": true
        },
        "ETHUSDT": {
          "first_price_month": "2020-01",
          "last_price_month": "2026-06",
          "active_month_count": 78,
          "price_active_month_share": 1.0,
          "funding_active_month_share": 1.0,
          "development_price_months": 36,
          "latest_required": true,
          "latest_present": true,
          "rows": 2373,
          "timestamp_min": "2020-01-01T00:00:00+00:00",
          "timestamp_max": "2026-06-30T00:00:00+00:00",
          "passed": true
        },
        "BNBUSDT": {
          "first_price_month": "2020-02",
          "last_price_month": "2026-06",
          "active_month_count": 77,
          "price_active_month_share": 1.0,
          "funding_active_month_share": 1.0,
          "development_price_months": 36,
          "latest_required": false,
          "latest_present": true,
          "rows": 2333,
          "timestamp_min": "2020-02-10T00:00:00+00:00",
          "timestamp_max": "2026-06-30T00:00:00+00:00",
          "passed": true
        },
        "XRPUSDT": {
          "first_price_month": "2020-01",
          "last_price_month": "2026-06",
          "active_month_count": 78,
          "price_active_month_share": 1.0,
          "funding_active_month_share": 1.0,
          "development_price_months": 36,
          "latest_required": false,
          "latest_present": true,
          "rows": 2363,
          "timestamp_min": "2020-01-06T00:00:00+00:00",
          "timestamp_max": "2026-06-30T00:00:00+00:00",
          "passed": true
        },
        "ADAUSDT": {
          "first_price_month": "2020-01",
          "last_price_month": "2026-06",
          "active_month_count": 78,
          "price_active_month_share": 1.0,
          "funding_active_month_share": 1.0,
          "development_price_months": 36,
          "latest_required": false,
          "latest_present": true,
          "rows": 2343,
          "timestamp_min": "2020-01-31T00:00:00+00:00",
          "timestamp_max": "2026-06-30T00:00:00+00:00",
          "passed": true
        },
        "LTCUSDT": {
          "first_price_month": "2020-01",
          "last_price_month": "2026-06",
          "active_month_count": 78,
          "price_active_month_share": 1.0,
          "funding_active_month_share": 1.0,
          "development_price_months": 36,
          "latest_required": false,
          "latest_present": true,
          "rows": 2360,
          "timestamp_min": "2020-01-09T00:00:00+00:00",
          "timestamp_max": "2026-06-30T00:00:00+00:00",
          "passed": true
        },
        "BCHUSDT": {
          "first_price_month": "2020-01",
          "last_price_month": "2026-06",
          "active_month_count": 78,
          "price_active_month_share": 1.0,
          "funding_active_month_share": 1.0,
          "development_price_months": 36,
          "latest_required": false,
          "latest_present": true,
          "rows": 2373,
          "timestamp_min": "2020-01-01T00:00:00+00:00",
          "timestamp_max": "2026-06-30T00:00:00+00:00",
          "passed": true
        },
        "EOSUSDT": {
          "first_price_month": "2020-01",
          "last_price_month": "2025-05",
          "active_month_count": 65,
          "price_active_month_share": 1.0,
          "funding_active_month_share": 1.0,
          "development_price_months": 36,
          "latest_required": false,
          "latest_present": false,
          "rows": 1961,
          "timestamp_min": "2020-01-08T00:00:00+00:00",
          "timestamp_max": "2025-05-21T00:00:00+00:00",
          "passed": true
        },
        "DOGEUSDT": {
          "first_price_month": "2020-07",
          "last_price_month": "2026-06",
          "active_month_count": 72,
          "price_active_month_share": 1.0,
          "funding_active_month_share": 1.0,
          "development_price_months": 36,
          "latest_required": false,
          "latest_present": true,
          "rows": 2182,
          "timestamp_min": "2020-07-10T00:00:00+00:00",
          "timestamp_max": "2026-06-30T00:00:00+00:00",
          "passed": true
        },
        "LINKUSDT": {
          "first_price_month": "2020-01",
          "last_price_month": "2026-06",
          "active_month_count": 78,
          "price_active_month_share": 1.0,
          "funding_active_month_share": 1.0,
          "development_price_months": 36,
          "latest_required": false,
          "latest_present": true,
          "rows": 2357,
          "timestamp_min": "2020-01-17T00:00:00+00:00",
          "timestamp_max": "2026-06-30T00:00:00+00:00",
          "passed": true
        },
        "DOTUSDT": {
          "first_price_month": "2020-08",
          "last_price_month": "2026-06",
          "active_month_count": 71,
          "price_active_month_share": 1.0,
          "funding_active_month_share": 1.0,
          "development_price_months": 36,
          "latest_required": false,
          "latest_present": true,
          "rows": 2139,
          "timestamp_min": "2020-08-22T00:00:00+00:00",
          "timestamp_max": "2026-06-30T00:00:00+00:00",
          "passed": true
        },
        "TRXUSDT": {
          "first_price_month": "2020-01",
          "last_price_month": "2026-06",
          "active_month_count": 78,
          "price_active_month_share": 1.0,
          "funding_active_month_share": 1.0,
          "development_price_months": 36,
          "latest_required": false,
          "latest_present": true,
          "rows": 2354,
          "timestamp_min": "2020-01-15T00:00:00+00:00",
          "timestamp_max": "2026-06-30T00:00:00+00:00",
          "passed": true
        },
        "SOLUSDT": {
          "first_price_month": "2020-09",
          "last_price_month": "2026-06",
          "active_month_count": 70,
          "price_active_month_share": 1.0,
          "funding_active_month_share": 1.0,
          "development_price_months": 36,
          "latest_required": false,
          "latest_present": true,
          "rows": 2111,
          "timestamp_min": "2020-09-14T00:00:00+00:00",
          "timestamp_max": "2026-06-30T00:00:00+00:00",
          "passed": true
        }
      },
      "passed": true,
      "survivor_replacement_permitted": false
    },
    "ranking_sha256": "6f8b0fc67727a2a3878970b4324bef1591f3cec20a48f24c2c69709352f44f20",
    "design_sha256": "7cc8b858ebca0006f095f975e31f6b1829e154688638378320f90b2a0495858e",
    "selected": null,
    "selection_proof_sha256": "874c7afeca0685acf31a62bd3383855769c0c38ee80f5890dba5500ffa93cbad"
  },
  "coverage_gate": {
    "candidate": "V269_FIXED_UNIVERSE_DATA_COVERAGE",
    "fixed_universe_size": 13,
    "minimum_price_active_month_share": 0.95,
    "minimum_funding_active_month_share": 0.9,
    "minimum_development_price_months": 34,
    "details": {
      "BTCUSDT": {
        "first_price_month": "2020-01",
        "last_price_month": "2026-06",
        "active_month_count": 78,
        "price_active_month_share": 1.0,
        "funding_active_month_share": 1.0,
        "development_price_months": 36,
        "latest_required": true,
        "latest_present": true,
        "rows": 2373,
        "timestamp_min": "2020-01-01T00:00:00+00:00",
        "timestamp_max": "2026-06-30T00:00:00+00:00",
        "passed": true
      },
      "ETHUSDT": {
        "first_price_month": "2020-01",
        "last_price_month": "2026-06",
        "active_month_count": 78,
        "price_active_month_share": 1.0,
        "funding_active_month_share": 1.0,
        "development_price_months": 36,
        "latest_required": true,
        "latest_present": true,
        "rows": 2373,
        "timestamp_min": "2020-01-01T00:00:00+00:00",
        "timestamp_max": "2026-06-30T00:00:00+00:00",
        "passed": true
      },
      "BNBUSDT": {
        "first_price_month": "2020-02",
        "last_price_month": "2026-06",
        "active_month_count": 77,
        "price_active_month_share": 1.0,
        "funding_active_month_share": 1.0,
        "development_price_months": 36,
        "latest_required": false,
        "latest_present": true,
        "rows": 2333,
        "timestamp_min": "2020-02-10T00:00:00+00:00",
        "timestamp_max": "2026-06-30T00:00:00+00:00",
        "passed": true
      },
      "XRPUSDT": {
        "first_price_month": "2020-01",
        "last_price_month": "2026-06",
        "active_month_count": 78,
        "price_active_month_share": 1.0,
        "funding_active_month_share": 1.0,
        "development_price_months": 36,
        "latest_required": false,
        "latest_present": true,
        "rows": 2363,
        "timestamp_min": "2020-01-06T00:00:00+00:00",
        "timestamp_max": "2026-06-30T00:00:00+00:00",
        "passed": true
      },
      "ADAUSDT": {
        "first_price_month": "2020-01",
        "last_price_month": "2026-06",
        "active_month_count": 78,
        "price_active_month_share": 1.0,
        "funding_active_month_share": 1.0,
        "development_price_months": 36,
        "latest_required": false,
        "latest_present": true,
        "rows": 2343,
        "timestamp_min": "2020-01-31T00:00:00+00:00",
        "timestamp_max": "2026-06-30T00:00:00+00:00",
        "passed": true
      },
      "LTCUSDT": {
        "first_price_month": "2020-01",
        "last_price_month": "2026-06",
        "active_month_count": 78,
        "price_active_month_share": 1.0,
        "funding_active_month_share": 1.0,
        "development_price_months": 36,
        "latest_required": false,
        "latest_present": true,
        "rows": 2360,
        "timestamp_min": "2020-01-09T00:00:00+00:00",
        "timestamp_max": "2026-06-30T00:00:00+00:00",
        "passed": true
      },
      "BCHUSDT": {
        "first_price_month": "2020-01",
        "last_price_month": "2026-06",
        "active_month_count": 78,
        "price_active_month_share": 1.0,
        "funding_active_month_share": 1.0,
        "development_price_months": 36,
        "latest_required": false,
        "latest_present": true,
        "rows": 2373,
        "timestamp_min": "2020-01-01T00:00:00+00:00",
        "timestamp_max": "2026-06-30T00:00:00+00:00",
        "passed": true
      },
      "EOSUSDT": {
        "first_price_month": "2020-01",
        "last_price_month": "2025-05",
        "active_month_count": 65,
        "price_active_month_share": 1.0,
        "funding_active_month_share": 1.0,
        "development_price_months": 36,
        "latest_required": false,
        "latest_present": false,
        "rows": 1961,
        "timestamp_min": "2020-01-08T00:00:00+00:00",
        "timestamp_max": "2025-05-21T00:00:00+00:00",
        "passed": true
      },
      "DOGEUSDT": {
        "first_price_month": "2020-07",
        "last_price_month": "2026-06",
        "active_month_count": 72,
        "price_active_month_share": 1.0,
        "funding_active_month_share": 1.0,
        "development_price_months": 36,
        "latest_required": false,
        "latest_present": true,
        "rows": 2182,
        "timestamp_min": "2020-07-10T00:00:00+00:00",
        "timestamp_max": "2026-06-30T00:00:00+00:00",
        "passed": true
      },
      "LINKUSDT": {
        "first_price_month": "2020-01",
        "last_price_month": "2026-06",
        "active_month_count": 78,
        "price_active_month_share": 1.0,
        "funding_active_month_share": 1.0,
        "development_price_months": 36,
        "latest_required": false,
        "latest_present": true,
        "rows": 2357,
        "timestamp_min": "2020-01-17T00:00:00+00:00",
        "timestamp_max": "2026-06-30T00:00:00+00:00",
        "passed": true
      },
      "DOTUSDT": {
        "first_price_month": "2020-08",
        "last_price_month": "2026-06",
        "active_month_count": 71,
        "price_active_month_share": 1.0,
        "funding_active_month_share": 1.0,
        "development_price_months": 36,
        "latest_required": false,
        "latest_present": true,
        "rows": 2139,
        "timestamp_min": "2020-08-22T00:00:00+00:00",
        "timestamp_max": "2026-06-30T00:00:00+00:00",
        "passed": true
      },
      "TRXUSDT": {
        "first_price_month": "2020-01",
        "last_price_month": "2026-06",
        "active_month_count": 78,
        "price_active_month_share": 1.0,
        "funding_active_month_share": 1.0,
        "development_price_months": 36,
        "latest_required": false,
        "latest_present": true,
        "rows": 2354,
        "timestamp_min": "2020-01-15T00:00:00+00:00",
        "timestamp_max": "2026-06-30T00:00:00+00:00",
        "passed": true
      },
      "SOLUSDT": {
        "first_price_month": "2020-09",
        "last_price_month": "2026-06",
        "active_month_count": 70,
        "price_active_month_share": 1.0,
        "funding_active_month_share": 1.0,
        "development_price_months": 36,
        "latest_required": false,
        "latest_present": true,
        "rows": 2111,
        "timestamp_min": "2020-09-14T00:00:00+00:00",
        "timestamp_max": "2026-06-30T00:00:00+00:00",
        "passed": true
      }
    },
    "passed": true,
    "survivor_replacement_permitted": false
  },
  "development_diagnostics": [
    {
      "policy": "low_high_dispersion_participation_l240_k3_r56_beta",
      "family": "low_high_dispersion_participation",
      "lookback_days": 240,
      "long_short_k": 3,
      "rebalance_days": 56,
      "neutralization": "beta",
      "promotable_family": true,
      "eligible_development": false,
      "all_development_years_positive": false,
      "long_leg_pnl": 8347.42967720619,
      "short_leg_pnl": -5296.668170975215,
      "symbol_count_traded": 13,
      "symbols_traded": "ADAUSDT+BCHUSDT+BNBUSDT+BTCUSDT+DOGEUSDT+DOTUSDT+EOSUSDT+ETHUSDT+LINKUSDT+LTCUSDT+SOLUSDT+TRXUSDT+XRPUSDT",
      "top_positive_asset_pnl_share": 0.33207361538328595,
      "asset_pnl_json": "{\"ADAUSDT\": -123.18543616513354, \"BCHUSDT\": 38.25142027612254, \"BNBUSDT\": 2570.964880492575, \"BTCUSDT\": 1486.0190257142847, \"DOGEUSDT\": -429.01450804419073, \"DOTUSDT\": 503.48428216568385, \"EOSUSDT\": -144.37420743360045, \"ETHUSDT\": 1102.9958624637354, \"LINKUSDT\": -182.864031928971, \"LTCUSDT\": 475.97971532814, \"SOLUSDT\": -1527.700178951175, \"TRXUSDT\": 1564.458243982157, \"XRPUSDT\": -2284.25356166867}",
      "score": 0.1091258354765603,
      "development_total_return": 0.3050761506230908,
      "development_cagr": 0.09296473645598735,
      "development_max_drawdown": -0.19631976932964879,
      "development_sharpe": 0.7122387863742426,
      "development_annual_turnover": 2.1792931672837406,
      "development_average_gross": 0.2853939146885684,
      "development_max_gross": 0.7962604629340951,
      "development_costs": 240.64251239264084,
      "development_funding_pnl": 11.063298227502571,
      "development_rebalance_events": 16,
      "development_forced_exits": 0
    },
    {
      "policy": "low_residual_dispersion_beta_l240_k3_r56_beta",
      "family": "low_residual_dispersion_beta",
      "lookback_days": 240,
      "long_short_k": 3,
      "rebalance_days": 56,
      "neutralization": "beta",
      "promotable_family": true,
      "eligible_development": false,
      "all_development_years_positive": true,
      "long_leg_pnl": 4948.187479183199,
      "short_leg_pnl": -2452.604867499627,
      "symbol_count_traded": 13,
      "symbols_traded": "ADAUSDT+BCHUSDT+BNBUSDT+BTCUSDT+DOGEUSDT+DOTUSDT+EOSUSDT+ETHUSDT+LINKUSDT+LTCUSDT+SOLUSDT+TRXUSDT+XRPUSDT",
      "top_positive_asset_pnl_share": 0.3633651593744435,
      "asset_pnl_json": "{\"ADAUSDT\": 143.6682571629438, \"BCHUSDT\": 11.419679110284864, \"BNBUSDT\": 2145.7539370410254, \"BTCUSDT\": 935.8424897275739, \"DOGEUSDT\": 330.53850270275933, \"DOTUSDT\": 270.37638494896333, \"EOSUSDT\": 1054.4269984574319, \"ETHUSDT\": 735.0682259258107, \"LINKUSDT\": -148.3723639356858, \"LTCUSDT\": 278.1330396774519, \"SOLUSDT\": -393.43996766221915, \"TRXUSDT\": -511.91576607538457, \"XRPUSDT\": -2355.9168053974013}",
      "score": 0.08119986959832129,
      "development_total_return": 0.24955826116835178,
      "development_cagr": 0.07721675150943996,
      "development_max_drawdown": -0.24505675439511665,
      "development_sharpe": 0.6067199150051693,
      "development_annual_turnover": 2.045629564629585,
      "development_average_gross": 0.39196427787234395,
      "development_max_gross": 0.7995225750850021,
      "development_costs": 208.02844688141903,
      "development_funding_pnl": 242.50503821686286,
      "development_rebalance_events": 21,
      "development_forced_exits": 1
    },
    {
      "policy": "low_high_dispersion_participation_l240_k4_r56_beta",
      "family": "low_high_dispersion_participation",
      "lookback_days": 240,
      "long_short_k": 4,
      "rebalance_days": 56,
      "neutralization": "beta",
      "promotable_family": true,
      "eligible_development": false,
      "all_development_years_positive": true,
      "long_leg_pnl": 7373.362944689592,
      "short_leg_pnl": -5353.550619885075,
      "symbol_count_traded": 13,
      "symbols_traded": "ADAUSDT+BCHUSDT+BNBUSDT+BTCUSDT+DOGEUSDT+DOTUSDT+EOSUSDT+ETHUSDT+LINKUSDT+LTCUSDT+SOLUSDT+TRXUSDT+XRPUSDT",
      "top_positive_asset_pnl_share": 0.29419208486153076,
      "asset_pnl_json": "{\"ADAUSDT\": -186.70487977802247, \"BCHUSDT\": 530.1715800411832, \"BNBUSDT\": 1799.2180868218165, \"BTCUSDT\": 751.0031239185926, \"DOGEUSDT\": -314.8962038305304, \"DOTUSDT\": 472.3326643553289, \"EOSUSDT\": -1136.8695319679684, \"ETHUSDT\": 681.5575178407909, \"LINKUSDT\": -28.194741102171996, \"LTCUSDT\": 383.5936352912799, \"SOLUSDT\": -1044.4946635859512, \"TRXUSDT\": 1497.9170497033695, \"XRPUSDT\": -1384.821312903214}",
      "score": 0.07939232345873,
      "development_total_return": 0.2019812324804442,
      "development_cagr": 0.06334603706407371,
      "development_max_drawdown": -0.15632914574952528,
      "development_sharpe": 0.6056744530058088,
      "development_annual_turnover": 2.014848327178835,
      "development_average_gross": 0.28563972829695833,
      "development_max_gross": 0.7263629566079899,
      "development_costs": 206.34649904863375,
      "development_funding_pnl": 170.7763080578427,
      "development_rebalance_events": 16,
      "development_forced_exits": 0
    },
    {
      "policy": "low_residual_dispersion_beta_l240_k4_r56_beta",
      "family": "low_residual_dispersion_beta",
      "lookback_days": 240,
      "long_short_k": 4,
      "rebalance_days": 56,
      "neutralization": "beta",
      "promotable_family": true,
      "eligible_development": false,
      "all_development_years_positive": true,
      "long_leg_pnl": 4631.390403114832,
      "short_leg_pnl": -2400.2974912356367,
      "symbol_count_traded": 13,
      "symbols_traded": "ADAUSDT+BCHUSDT+BNBUSDT+BTCUSDT+DOGEUSDT+DOTUSDT+EOSUSDT+ETHUSDT+LINKUSDT+LTCUSDT+SOLUSDT+TRXUSDT+XRPUSDT",
      "top_positive_asset_pnl_share": 0.33777664384009015,
      "asset_pnl_json": "{\"ADAUSDT\": -924.8337437357939, \"BCHUSDT\": 939.5712742006658, \"BNBUSDT\": 1742.8696341601494, \"BTCUSDT\": 626.9017082217086, \"DOGEUSDT\": 244.41187897972392, \"DOTUSDT\": 616.9900905757553, \"EOSUSDT\": 212.60202658560937, \"ETHUSDT\": 455.2318409149255, \"LINKUSDT\": -21.068485044245286, \"LTCUSDT\": 321.2502850982254, \"SOLUSDT\": -732.5891423511283, \"TRXUSDT\": -55.01623998147161, \"XRPUSDT\": -1195.2282157449565}",
      "score": 0.07674919235949366,
      "development_total_return": 0.22310929118791756,
      "development_cagr": 0.06955008426571307,
      "development_max_drawdown": -0.22362488183296103,
      "development_sharpe": 0.6072931219324147,
      "development_annual_turnover": 1.8861560449781165,
      "development_average_gross": 0.39361980540050073,
      "development_max_gross": 0.7730207689859958,
      "development_costs": 181.65151471532403,
      "development_funding_pnl": 306.8962868592653,
      "development_rebalance_events": 20,
      "development_forced_exits": 1
    },
    {
      "policy": "low_residual_dispersion_beta_l240_k4_r56_dollar",
      "family": "low_residual_dispersion_beta",
      "lookback_days": 240,
      "long_short_k": 4,
      "rebalance_days": 56,
      "neutralization": "dollar",
      "promotable_family": true,
      "eligible_development": false,
      "all_development_years_positive": true,
      "long_leg_pnl": 4558.310331868007,
      "short_leg_pnl": -2683.047742831118,
      "symbol_count_traded": 13,
      "symbols_traded": "ADAUSDT+BCHUSDT+BNBUSDT+BTCUSDT+DOGEUSDT+DOTUSDT+EOSUSDT+ETHUSDT+LINKUSDT+LTCUSDT+SOLUSDT+TRXUSDT+XRPUSDT",
      "top_positive_asset_pnl_share": 0.2865586093556441,
      "asset_pnl_json": "{\"ADAUSDT\": -791.334410162447, \"BCHUSDT\": 994.7461850085983, \"BNBUSDT\": 1464.658938703104, \"BTCUSDT\": 566.7031653947196, \"DOGEUSDT\": 190.87738808455177, \"DOTUSDT\": 646.1259499001716, \"EOSUSDT\": 270.1052276374566, \"ETHUSDT\": 501.275122954757, \"LINKUSDT\": 21.18764893052471, \"LTCUSDT\": 455.5223784368017, \"SOLUSDT\": -1147.282238774053, \"TRXUSDT\": -125.49872247992701, \"XRPUSDT\": -1171.8240445973381}",
      "score": 0.06938382670205992,
      "development_total_return": 0.18752625890367813,
      "development_cagr": 0.05905950606368782,
      "development_max_drawdown": -0.17656682038030946,
      "development_sharpe": 0.547835833416501,
      "development_annual_turnover": 1.9525300204622018,
      "development_average_gross": 0.39407659075225937,
      "development_max_gross": 0.7190772955374853,
      "development_costs": 192.5367224854927,
      "development_funding_pnl": 299.29115236562535,
      "development_rebalance_events": 21,
      "development_forced_exits": 1
    },
    {
      "policy": "low_residual_dispersion_beta_l240_k3_r56_dollar",
      "family": "low_residual_dispersion_beta",
      "lookback_days": 240,
      "long_short_k": 3,
      "rebalance_days": 56,
      "neutralization": "dollar",
      "promotable_family": true,
      "eligible_development": false,
      "all_development_years_positive": true,
      "long_leg_pnl": 4478.004051400486,
      "short_leg_pnl": -2514.6748470502275,
      "symbol_count_traded": 13,
      "symbols_traded": "ADAUSDT+BCHUSDT+BNBUSDT+BTCUSDT+DOGEUSDT+DOTUSDT+EOSUSDT+ETHUSDT+LINKUSDT+LTCUSDT+SOLUSDT+TRXUSDT+XRPUSDT",
      "top_positive_asset_pnl_share": 0.352710544076247,
      "asset_pnl_json": "{\"ADAUSDT\": 197.12493140239303, \"BCHUSDT\": -53.21150352522071, \"BNBUSDT\": 1986.062255152519, \"BTCUSDT\": 738.2874185210376, \"DOGEUSDT\": 308.0765363703339, \"DOTUSDT\": 265.40256833924315, \"EOSUSDT\": 1082.6389991577817, \"ETHUSDT\": 708.8675419580625, \"LINKUSDT\": -199.8303680362204, \"LTCUSDT\": 344.39566908264567, \"SOLUSDT\": -711.6636196704707, \"TRXUSDT\": -561.2815116303551, \"XRPUSDT\": -2141.5397127715173}",
      "score": 0.06838595633128343,
      "development_total_return": 0.19633292043501527,
      "development_cagr": 0.06167517507546161,
      "development_max_drawdown": -0.19225378864287568,
      "development_sharpe": 0.5289018388106882,
      "development_annual_turnover": 2.061693990847745,
      "development_average_gross": 0.39112281342525135,
      "development_max_gross": 0.7461013720125258,
      "development_costs": 210.77902163733307,
      "development_funding_pnl": 220.00470936732975,
      "development_rebalance_events": 21,
      "development_forced_exits": 1
    },
    {
      "policy": "low_high_dispersion_participation_l240_k3_r14_beta",
      "family": "low_high_dispersion_participation",
      "lookback_days": 240,
      "long_short_k": 3,
      "rebalance_days": 14,
      "neutralization": "beta",
      "promotable_family": true,
      "eligible_development": false,
      "all_development_years_positive": false,
      "long_leg_pnl": 6465.321157363777,
      "short_leg_pnl": -4730.74122472176,
      "symbol_count_traded": 13,
      "symbols_traded": "ADAUSDT+BCHUSDT+BNBUSDT+BTCUSDT+DOGEUSDT+DOTUSDT+EOSUSDT+ETHUSDT+LINKUSDT+LTCUSDT+SOLUSDT+TRXUSDT+XRPUSDT",
      "top_positive_asset_pnl_share": 0.25671439279328023,
      "asset_pnl_json": "{\"ADAUSDT\": 55.64584309740585, \"BCHUSDT\": 382.66090021310333, \"BNBUSDT\": 1104.9176786703406, \"BTCUSDT\": 1070.9879623781887, \"DOGEUSDT\": 79.75735091644462, \"DOTUSDT\": 268.24566815822044, \"EOSUSDT\": 142.30766478190935, \"ETHUSDT\": 165.72728708321543, \"LINKUSDT\": 482.6028828092719, \"LTCUSDT\": 529.9346276728324, \"SOLUSDT\": -2255.757049633032, \"TRXUSDT\": 1479.1801102649429, \"XRPUSDT\": -1771.6309937708374}",
      "score": 0.06478398287941906,
      "development_total_return": 0.17345799326420597,
      "development_cagr": 0.05485414523557153,
      "development_max_drawdown": -0.1516701142782494,
      "development_sharpe": 0.5238057188977437,
      "development_annual_turnover": 2.7457650358905137,
      "development_average_gross": 0.2891868257696287,
      "development_max_gross": 0.7962604629340951,
      "development_costs": 289.0179430045159,
      "development_funding_pnl": 98.53164552918116,
      "development_rebalance_events": 30,
      "development_forced_exits": 0
    },
    {
      "policy": "low_high_dispersion_participation_l240_k3_r56_dollar",
      "family": "low_high_dispersion_participation",
      "lookback_days": 240,
      "long_short_k": 3,
      "rebalance_days": 56,
      "neutralization": "dollar",
      "promotable_family": true,
      "eligible_development": false,
      "all_development_years_positive": false,
      "long_leg_pnl": 7546.715737006767,
      "short_leg_pnl": -5852.167499053127,
      "symbol_count_traded": 13,
      "symbols_traded": "ADAUSDT+BCHUSDT+BNBUSDT+BTCUSDT+DOGEUSDT+DOTUSDT+EOSUSDT+ETHUSDT+LINKUSDT+LTCUSDT+SOLUSDT+TRXUSDT+XRPUSDT",
      "top_positive_asset_pnl_share": 0.29028042355737577,
      "asset_pnl_json": "{\"ADAUSDT\": -100.3901635316122, \"BCHUSDT\": -35.239231125066354, \"BNBUSDT\": 1987.4184027097356, \"BTCUSDT\": 1335.3265431031427, \"DOGEUSDT\": -488.52131965718576, \"DOTUSDT\": 459.3903860594276, \"EOSUSDT\": -191.7841220873216, \"ETHUSDT\": 990.6837969029731, \"LINKUSDT\": -146.05609892275626, \"LTCUSDT\": 603.2097704860298, \"SOLUSDT\": -1898.739851400168, \"TRXUSDT\": 1470.5175483220216, \"XRPUSDT\": -2291.2674229055924}",
      "score": 0.05876281841459047,
      "development_total_return": 0.16945482379536037,
      "development_cagr": 0.0536513631589981,
      "development_max_drawdown": -0.1740196706621182,
      "development_sharpe": 0.4718313947482995,
      "development_annual_turnover": 2.2417829899195474,
      "development_average_gross": 0.2850995184533329,
      "development_max_gross": 0.7597588227445818,
      "development_costs": 235.06877120536114,
      "development_funding_pnl": 89.60367812726587,
      "development_rebalance_events": 17,
      "development_forced_exits": 0
    },
    {
      "policy": "low_high_dispersion_participation_l240_k4_r56_dollar",
      "family": "low_high_dispersion_participation",
      "lookback_days": 240,
      "long_short_k": 4,
      "rebalance_days": 56,
      "neutralization": "dollar",
      "promotable_family": true,
      "eligible_development": false,
      "all_development_years_positive": false,
      "long_leg_pnl": 6372.913522849717,
      "short_leg_pnl": -5227.294311785838,
      "symbol_count_traded": 13,
      "symbols_traded": "ADAUSDT+BCHUSDT+BNBUSDT+BTCUSDT+DOGEUSDT+DOTUSDT+EOSUSDT+ETHUSDT+LINKUSDT+LTCUSDT+SOLUSDT+TRXUSDT+XRPUSDT",
      "top_positive_asset_pnl_share": 0.3049876404723337,
      "asset_pnl_json": "{\"ADAUSDT\": -163.04367676131366, \"BCHUSDT\": 45.94226153520714, \"BNBUSDT\": 1574.7289859491593, \"BTCUSDT\": 647.6786575549604, \"DOGEUSDT\": -357.04331589147034, \"DOTUSDT\": 471.32787211581297, \"EOSUSDT\": -405.72610502044233, \"ETHUSDT\": 657.6451233974711, \"LINKUSDT\": -163.04834075802512, \"LTCUSDT\": 307.9999027716707, \"SOLUSDT\": -1342.9518237610102, \"TRXUSDT\": 1457.9322830470223, \"XRPUSDT\": -1585.822613115171}",
      "score": 0.04185222468138416,
      "development_total_return": 0.11456192110639085,
      "development_cagr": 0.03687450018808991,
      "development_max_drawdown": -0.1333684016503912,
      "development_sharpe": 0.37868587064375225,
      "development_annual_turnover": 1.9949735240007467,
      "development_average_gross": 0.2878977811684044,
      "development_max_gross": 0.7370866392641783,
      "development_costs": 200.39214832865633,
      "development_funding_pnl": 166.15511734133267,
      "development_rebalance_events": 16,
      "development_forced_exits": 0
    },
    {
      "policy": "low_high_dispersion_participation_l240_k3_r14_dollar",
      "family": "low_high_dispersion_participation",
      "lookback_days": 240,
      "long_short_k": 3,
      "rebalance_days": 14,
      "neutralization": "dollar",
      "promotable_family": true,
      "eligible_development": false,
      "all_development_years_positive": false,
      "long_leg_pnl": 5972.070645885651,
      "short_leg_pnl": -5000.721487667763,
      "symbol_count_traded": 13,
      "symbols_traded": "ADAUSDT+BCHUSDT+BNBUSDT+BTCUSDT+DOGEUSDT+DOTUSDT+EOSUSDT+ETHUSDT+LINKUSDT+LTCUSDT+SOLUSDT+TRXUSDT+XRPUSDT",
      "top_positive_asset_pnl_share": 0.28552473980993126,
      "asset_pnl_json": "{\"ADAUSDT\": 64.59054301899526, \"BCHUSDT\": 379.0067417101984, \"BNBUSDT\": 927.3640501498438, \"BTCUSDT\": 889.9804197403207, \"DOGEUSDT\": 84.99456936317371, \"DOTUSDT\": 268.81269630009723, \"EOSUSDT\": 106.80851979851985, \"ETHUSDT\": 17.266113860898212, \"LINKUSDT\": 450.734309609627, \"LTCUSDT\": 568.5561039965695, \"SOLUSDT\": -2695.0648260828807, \"TRXUSDT\": 1501.8498205624364, \"XRPUSDT\": -1593.549903809907}",
      "score": 0.030401643294134653,
      "development_total_return": 0.0971349158217929,
      "development_cagr": 0.03143342992500986,
      "development_max_drawdown": -0.1517841677617009,
      "development_sharpe": 0.328863510195624,
      "development_annual_turnover": 2.7086413126337883,
      "development_average_gross": 0.28790455497838513,
      "development_max_gross": 0.7597588227445822,
      "development_costs": 281.51124850534984,
      "development_funding_pnl": 110.05629880660643,
      "development_rebalance_events": 30,
      "development_forced_exits": 0
    },
    {
      "policy": "low_high_dispersion_participation_l240_k3_r28_beta",
      "family": "low_high_dispersion_participation",
      "lookback_days": 240,
      "long_short_k": 3,
      "rebalance_days": 28,
      "neutralization": "beta",
      "promotable_family": true,
      "eligible_development": false,
      "all_development_years_positive": true,
      "long_leg_pnl": 7278.50030035542,
      "short_leg_pnl": -6532.007553491134,
      "symbol_count_traded": 13,
      "symbols_traded": "ADAUSDT+BCHUSDT+BNBUSDT+BTCUSDT+DOGEUSDT+DOTUSDT+EOSUSDT+ETHUSDT+LINKUSDT+LTCUSDT+SOLUSDT+TRXUSDT+XRPUSDT",
      "top_positive_asset_pnl_share": 0.34854360266618895,
      "asset_pnl_json": "{\"ADAUSDT\": 59.98235778815974, \"BCHUSDT\": 129.0529621364848, \"BNBUSDT\": 2339.7557066042505, \"BTCUSDT\": 1320.13131714497, \"DOGEUSDT\": -319.6689118918502, \"DOTUSDT\": 360.4085073269603, \"EOSUSDT\": 61.16410194098216, \"ETHUSDT\": 654.7653977611436, \"LINKUSDT\": -153.2039790339842, \"LTCUSDT\": 225.07833045662008, \"SOLUSDT\": -3312.077186083185, \"TRXUSDT\": 1562.611115383122, \"XRPUSDT\": -2181.5069726693955}",
      "score": 0.003460558554323245,
      "development_total_return": 0.0746492746864249,
      "development_cagr": 0.02432720536359767,
      "development_max_drawdown": -0.26572714045925716,
      "development_sharpe": 0.23782356795040613,
      "development_annual_turnover": 2.6471895450120626,
      "development_average_gross": 0.2881409091308726,
      "development_max_gross": 0.796260462934095,
      "development_costs": 266.61450831088024,
      "development_funding_pnl": 73.10106292444283,
      "development_rebalance_events": 24,
      "development_forced_exits": 0
    },
    {
      "policy": "low_high_dispersion_participation_l240_k4_r28_beta",
      "family": "low_high_dispersion_participation",
      "lookback_days": 240,
      "long_short_k": 4,
      "rebalance_days": 28,
      "neutralization": "beta",
      "promotable_family": true,
      "eligible_development": false,
      "all_development_years_positive": false,
      "long_leg_pnl": 6141.405789247853,
      "short_leg_pnl": -5714.904024897263,
      "symbol_count_traded": 13,
      "symbols_traded": "ADAUSDT+BCHUSDT+BNBUSDT+BTCUSDT+DOGEUSDT+DOTUSDT+EOSUSDT+ETHUSDT+LINKUSDT+LTCUSDT+SOLUSDT+TRXUSDT+XRPUSDT",
      "top_positive_asset_pnl_share": 0.3221702975582865,
      "asset_pnl_json": "{\"ADAUSDT\": -97.09528008987643, \"BCHUSDT\": 421.2857321244544, \"BNBUSDT\": 1594.1789552911762, \"BTCUSDT\": 392.6299565990424, \"DOGEUSDT\": -270.2334136385412, \"DOTUSDT\": 546.0226291826597, \"EOSUSDT\": -481.4739558349341, \"ETHUSDT\": 542.4829332373959, \"LINKUSDT\": 78.90169372330682, \"LTCUSDT\": 66.4722317720737, \"SOLUSDT\": -2394.528719400903, \"TRXUSDT\": 1731.018699175993, \"XRPUSDT\": -1703.1596977912495}",
      "score": -6.278136360169219e-05,
      "development_total_return": 0.0426501764350653,
      "development_cagr": 0.014041559248861635,
      "development_max_drawdown": -0.1855996187337131,
      "development_sharpe": 0.17636842561455396,
      "development_annual_turnover": 2.5251846217657254,
      "development_average_gross": 0.2873323645084104,
      "development_max_gross": 0.7575949795204062,
      "development_costs": 245.93648570921872,
      "development_funding_pnl": 142.30396366857178,
      "development_rebalance_events": 25,
      "development_forced_exits": 0
    },
    {
      "policy": "low_residual_dispersion_beta_l240_k4_r28_beta",
      "family": "low_residual_dispersion_beta",
      "lookback_days": 240,
      "long_short_k": 4,
      "rebalance_days": 28,
      "neutralization": "beta",
      "promotable_family": true,
      "eligible_development": false,
      "all_development_years_positive": false,
      "long_leg_pnl": 4423.243998893429,
      "short_leg_pnl": -4016.307391542568,
      "symbol_count_traded": 13,
      "symbols_traded": "ADAUSDT+BCHUSDT+BNBUSDT+BTCUSDT+DOGEUSDT+DOTUSDT+EOSUSDT+ETHUSDT+LINKUSDT+LTCUSDT+SOLUSDT+TRXUSDT+XRPUSDT",
      "top_positive_asset_pnl_share": 0.33538914950962617,
      "asset_pnl_json": "{\"ADAUSDT\": -800.7853957014714, \"BCHUSDT\": 1240.4790462076314, \"BNBUSDT\": 1737.135115257672, \"BTCUSDT\": 338.7159256662484, \"DOGEUSDT\": 266.5492189379491, \"DOTUSDT\": 467.10645488913707, \"EOSUSDT\": 157.96813820875244, \"ETHUSDT\": 678.5127359668854, \"LINKUSDT\": -714.9874700894147, \"LTCUSDT\": 132.1197358993628, \"SOLUSDT\": -2040.5388430738117, \"TRXUSDT\": 160.87491385749217, \"XRPUSDT\": -1216.2129686755907}",
      "score": -0.006158452145394016,
      "development_total_return": 0.04069366073509029,
      "development_cagr": 0.013405882849284678,
      "development_max_drawdown": -0.2345501292673634,
      "development_sharpe": 0.18785583590717977,
      "development_annual_turnover": 2.458508514611934,
      "development_average_gross": 0.3950005668491337,
      "development_max_gross": 0.7730207689859953,
      "development_costs": 214.37767352511594,
      "development_funding_pnl": 280.00427835260945,
      "development_rebalance_events": 31,
      "development_forced_exits": 1
    },
    {
      "policy": "low_residual_dispersion_beta_l120_k3_r28_beta",
      "family": "low_residual_dispersion_beta",
      "lookback_days": 120,
      "long_short_k": 3,
      "rebalance_days": 28,
      "neutralization": "beta",
      "promotable_family": true,
      "eligible_development": false,
      "all_development_years_positive": false,
      "long_leg_pnl": 3875.003329108682,
      "short_leg_pnl": -3131.194946267974,
      "symbol_count_traded": 13,
      "symbols_traded": "ADAUSDT+BCHUSDT+BNBUSDT+BTCUSDT+DOGEUSDT+DOTUSDT+EOSUSDT+ETHUSDT+LINKUSDT+LTCUSDT+SOLUSDT+TRXUSDT+XRPUSDT",
      "top_positive_asset_pnl_share": 0.38793467693523004,
      "asset_pnl_json": "{\"ADAUSDT\": -1157.4307127157024, \"BCHUSDT\": -165.90584195629972, \"BNBUSDT\": 1693.791286465515, \"BTCUSDT\": 638.2194450529481, \"DOGEUSDT\": 145.1296627299987, \"DOTUSDT\": 467.4746001885217, \"EOSUSDT\": -135.90169966435047, \"ETHUSDT\": 481.85356427425165, \"LINKUSDT\": 230.3753388855418, \"LTCUSDT\": 476.48497676213657, \"SOLUSDT\": -166.81958996703688, \"TRXUSDT\": 232.84766816324972, \"XRPUSDT\": -1996.3103153780628}",
      "score": -0.00955596458573113,
      "development_total_return": 0.07438083828406938,
      "development_cagr": 0.02424177475747169,
      "development_max_drawdown": -0.37945365283941024,
      "development_sharpe": 0.2441081341378496,
      "development_annual_turnover": 3.489456695650493,
      "development_average_gross": 0.399378004532135,
      "development_max_gross": 0.7582530351459662,
      "development_costs": 317.1156760007583,
      "development_funding_pnl": 106.34634217522925,
      "development_rebalance_events": 34,
      "development_forced_exits": 1
    },
    {
      "policy": "low_high_dispersion_participation_l240_k4_r28_dollar",
      "family": "low_high_dispersion_participation",
      "lookback_days": 240,
      "long_short_k": 4,
      "rebalance_days": 28,
      "neutralization": "dollar",
      "promotable_family": true,
      "eligible_development": false,
      "all_development_years_positive": false,
      "long_leg_pnl": 5805.697240002221,
      "short_leg_pnl": -5707.481654346349,
      "symbol_count_traded": 13,
      "symbols_traded": "ADAUSDT+BCHUSDT+BNBUSDT+BTCUSDT+DOGEUSDT+DOTUSDT+EOSUSDT+ETHUSDT+LINKUSDT+LTCUSDT+SOLUSDT+TRXUSDT+XRPUSDT",
      "top_positive_asset_pnl_share": 0.3403717768265898,
      "asset_pnl_json": "{\"ADAUSDT\": -169.00969540681882, \"BCHUSDT\": 415.5041855906122, \"BNBUSDT\": 1453.0866381324915, \"BTCUSDT\": 241.7462056642919, \"DOGEUSDT\": -264.9850198004323, \"DOTUSDT\": 550.2319142991407, \"EOSUSDT\": -423.4131220701002, \"ETHUSDT\": 493.66591551324905, \"LINKUSDT\": 103.8795277693885, \"LTCUSDT\": 68.5652217783176, \"SOLUSDT\": -2451.042521309391, \"TRXUSDT\": 1716.5849028028852, \"XRPUSDT\": -1636.598567307792}",
      "score": -0.014042876185853995,
      "development_total_return": 0.009821558565581201,
      "development_cagr": 0.0032683540586952997,
      "development_max_drawdown": -0.17171798616990264,
      "development_sharpe": 0.08727219877535675,
      "development_annual_turnover": 2.539525503540652,
      "development_average_gross": 0.28633564565186415,
      "development_max_gross": 0.7335820539456029,
      "development_costs": 245.590856548877,
      "development_funding_pnl": 141.04859985060557,
      "development_rebalance_events": 26,
      "development_forced_exits": 0
    }
  ],
  "limitations": [
    "Public daily archives are not executable bid/ask or queue observations.",
    "The fixed universe includes delisted assets; forced exits carry a 100 bps penalty.",
    "The program-level holdout is not pristine.",
    "Lottery-shape ranking is not a claim about token fundamentals or issuer quality."
  ],
  "data_manifest_sha256": "379a7d5a8d49c9d224716a29aee5a250ccdd51f7511991e4ea584373517e3612"
}
{
  "candidate": "ACTIVE_V397_CRYPTO_DISPERSION_SENSITIVITY",
  "status": "rejected_before_validation",
  "eligible_policy_count": 0,
  "standalone_selection_passed": false,
  "integration_permitted": false,
  "promoted_candidates": [],
  "live_ready": false,
  "real_leverage_authorized": false,
  "profitability_proven": false,
  "selection": {
    "candidate": "ACTIVE_V397_CRYPTO_DISPERSION_SENSITIVITY",
    "selection_cutoff": "2023-12-31T23:59:59Z",
    "selection_uses_2024": false,
    "selection_uses_2025": false,
    "selection_uses_2026": false,
    "program_level_holdout_pristine": false,
    "policy_count": 144,
    "promotable_policy_count": 108,
    "eligible_policy_count": 0,
    "development_gates": {
      "cagr_min": 0.05,
      "sharpe_min": 1.0,
      "max_drawdown_min": -0.15,
      "rebalance_events_min": 24,
      "annual_turnover_max": 20.0,
      "max_realized_gross": 0.7,
      "all_development_years_positive": true,
      "net_long_leg_pnl_positive": true,
      "net_short_leg_pnl_positive": true,
      "symbols_traded_min": 10,
      "top_positive_asset_pnl_share_max": 0.35
    },
    "post_selection_gates": {
      "validation_return_positive": true,
      "holdout_return_positive": true,
      "final_return_positive": true,
      "full_cagr_min": 0.06,
      "full_sharpe_min": 0.8,
      "full_max_drawdown_min": -0.15,
      "severe_full_cagr_positive": true,
      "extreme_full_cagr_positive": true,
      "latency_full_cagr_positive": true,
      "worst_calendar_year_min": -0.1,
      "full_long_leg_pnl_positive": true,
      "full_short_leg_pnl_positive": true,
      "top_positive_asset_pnl_share_max": 0.35,
      "forced_exit_count_max": 4
    },
    "coverage_gate": {
      "candidate": "V397_FIXED_UNIVERSE_DATA_COVERAGE",
      "fixed_universe_size": 13,
      "minimum_price_active_month_share": 0.95,
      "minimum_funding_active_month_share": 0.9,
      "minimum_development_price_months": 34,
      "details": {
        "BTCUSDT": {
          "first_price_month": "2020-01",
          "last_price_month": "2026-06",
          "active_month_count": 78,
          "price_active_month_share": 1.0,
          "funding_active_month_share": 1.0,
          "development_price_months": 36,
          "latest_required": true,
          "latest_present": true,
          "rows": 2373,
          "timestamp_min": "2020-01-01T00:00:00+00:00",
          "timestamp_max": "2026-06-30T00:00:00+00:00",
          "passed": true
        },
        "ETHUSDT": {
          "first_price_month": "2020-01",
          "last_price_month": "2026-06",
          "active_month_count": 78,
          "price_active_month_share": 1.0,
          "funding_active_month_share": 1.0,
          "development_price_months": 36,
          "latest_required": true,
          "latest_present": true,
          "rows": 2373,
          "timestamp_min": "2020-01-01T00:00:00+00:00",
          "timestamp_max": "2026-06-30T00:00:00+00:00",
          "passed": true
        },
        "BNBUSDT": {
          "first_price_month": "2020-02",
          "last_price_month": "2026-06",
          "active_month_count": 77,
          "price_active_month_share": 1.0,
          "funding_active_month_share": 1.0,
          "development_price_months": 36,
          "latest_required": false,
          "latest_present": true,
          "rows": 2333,
          "timestamp_min": "2020-02-10T00:00:00+00:00",
          "timestamp_max": "2026-06-30T00:00:00+00:00",
          "passed": true
        },
        "XRPUSDT": {
          "first_price_month": "2020-01",
          "last_price_month": "2026-06",
          "active_month_count": 78,
          "price_active_month_share": 1.0,
          "funding_active_month_share": 1.0,
          "development_price_months": 36,
          "latest_required": false,
          "latest_present": true,
          "rows": 2363,
          "timestamp_min": "2020-01-06T00:00:00+00:00",
          "timestamp_max": "2026-06-30T00:00:00+00:00",
          "passed": true
        },
        "ADAUSDT": {
          "first_price_month": "2020-01",
          "last_price_month": "2026-06",
          "active_month_count": 78,
          "price_active_month_share": 1.0,
          "funding_active_month_share": 1.0,
          "development_price_months": 36,
          "latest_required": false,
          "latest_present": true,
          "rows": 2343,
          "timestamp_min": "2020-01-31T00:00:00+00:00",
          "timestamp_max": "2026-06-30T00:00:00+00:00",
          "passed": true
        },
        "LTCUSDT": {
          "first_price_month": "2020-01",
          "last_price_month": "2026-06",
          "active_month_count": 78,
          "price_active_month_share": 1.0,
          "funding_active_month_share": 1.0,
          "development_price_months": 36,
          "latest_required": false,
          "latest_present": true,
          "rows": 2360,
          "timestamp_min": "2020-01-09T00:00:00+00:00",
          "timestamp_max": "2026-06-30T00:00:00+00:00",
          "passed": true
        },
        "BCHUSDT": {
          "first_price_month": "2020-01",
          "last_price_month": "2026-06",
          "active_month_count": 78,
          "price_active_month_share": 1.0,
          "funding_active_month_share": 1.0,
          "development_price_months": 36,
          "latest_required": false,
          "latest_present": true,
          "rows": 2373,
          "timestamp_min": "2020-01-01T00:00:00+00:00",
          "timestamp_max": "2026-06-30T00:00:00+00:00",
          "passed": true
        },
        "EOSUSDT": {
          "first_price_month": "2020-01",
          "last_price_month": "2025-05",
          "active_month_count": 65,
          "price_active_month_share": 1.0,
          "funding_active_month_share": 1.0,
          "development_price_months": 36,
          "latest_required": false,
          "latest_present": false,
          "rows": 1961,
          "timestamp_min": "2020-01-08T00:00:00+00:00",
          "timestamp_max": "2025-05-21T00:00:00+00:00",
          "passed": true
        },
        "DOGEUSDT": {
          "first_price_month": "2020-07",
          "last_price_month": "2026-06",
          "active_month_count": 72,
          "price_active_month_share": 1.0,
          "funding_active_month_share": 1.0,
          "development_price_months": 36,
          "latest_required": false,
          "latest_present": true,
          "rows": 2182,
          "timestamp_min": "2020-07-10T00:00:00+00:00",
          "timestamp_max": "2026-06-30T00:00:00+00:00",
          "passed": true
        },
        "LINKUSDT": {
          "first_price_month": "2020-01",
          "last_price_month": "2026-06",
          "active_month_count": 78,
          "price_active_month_share": 1.0,
          "funding_active_month_share": 1.0,
          "development_price_months": 36,
          "latest_required": false,
          "latest_present": true,
          "rows": 2357,
          "timestamp_min": "2020-01-17T00:00:00+00:00",
          "timestamp_max": "2026-06-30T00:00:00+00:00",
          "passed": true
        },
        "DOTUSDT": {
          "first_price_month": "2020-08",
          "last_price_month": "2026-06",
          "active_month_count": 71,
          "price_active_month_share": 1.0,
          "funding_active_month_share": 1.0,
          "development_price_months": 36,
          "latest_required": false,
          "latest_present": true,
          "rows": 2139,
          "timestamp_min": "2020-08-22T00:00:00+00:00",
          "timestamp_max": "2026-06-30T00:00:00+00:00",
          "passed": true
        },
        "TRXUSDT": {
          "first_price_month": "2020-01",
          "last_price_month": "2026-06",
          "active_month_count": 78,
          "price_active_month_share": 1.0,
          "funding_active_month_share": 1.0,
          "development_price_months": 36,
          "latest_required": false,
          "latest_present": true,
          "rows": 2354,
          "timestamp_min": "2020-01-15T00:00:00+00:00",
          "timestamp_max": "2026-06-30T00:00:00+00:00",
          "passed": true
        },
        "SOLUSDT": {
          "first_price_month": "2020-09",
          "last_price_month": "2026-06",
          "active_month_count": 70,
          "price_active_month_share": 1.0,
          "funding_active_month_share": 1.0,
          "development_price_months": 36,
          "latest_required": false,
          "latest_present": true,
          "rows": 2111,
          "timestamp_min": "2020-09-14T00:00:00+00:00",
          "timestamp_max": "2026-06-30T00:00:00+00:00",
          "passed": true
        }
      },
      "passed": true,
      "survivor_replacement_permitted": false
    },
    "ranking_sha256": "6f8b0fc67727a2a3878970b4324bef1591f3cec20a48f24c2c69709352f44f20",
    "design_sha256": "7cc8b858ebca0006f095f975e31f6b1829e154688638378320f90b2a0495858e",
    "selected": null,
    "lookbacks": [
      60,
      120,
      240
    ],
    "selection_proof_sha256": "975212d3261c687fb2ead60feb8b501810795a6da2a2f1365aa21daaae7c39ce"
  },
  "coverage_gate": {
    "candidate": "V397_FIXED_UNIVERSE_DATA_COVERAGE",
    "fixed_universe_size": 13,
    "minimum_price_active_month_share": 0.95,
    "minimum_funding_active_month_share": 0.9,
    "minimum_development_price_months": 34,
    "details": {
      "BTCUSDT": {
        "first_price_month": "2020-01",
        "last_price_month": "2026-06",
        "active_month_count": 78,
        "price_active_month_share": 1.0,
        "funding_active_month_share": 1.0,
        "development_price_months": 36,
        "latest_required": true,
        "latest_present": true,
        "rows": 2373,
        "timestamp_min": "2020-01-01T00:00:00+00:00",
        "timestamp_max": "2026-06-30T00:00:00+00:00",
        "passed": true
      },
      "ETHUSDT": {
        "first_price_month": "2020-01",
        "last_price_month": "2026-06",
        "active_month_count": 78,
        "price_active_month_share": 1.0,
        "funding_active_month_share": 1.0,
        "development_price_months": 36,
        "latest_required": true,
        "latest_present": true,
        "rows": 2373,
        "timestamp_min": "2020-01-01T00:00:00+00:00",
        "timestamp_max": "2026-06-30T00:00:00+00:00",
        "passed": true
      },
      "BNBUSDT": {
        "first_price_month": "2020-02",
        "last_price_month": "2026-06",
        "active_month_count": 77,
        "price_active_month_share": 1.0,
        "funding_active_month_share": 1.0,
        "development_price_months": 36,
        "latest_required": false,
        "latest_present": true,
        "rows": 2333,
        "timestamp_min": "2020-02-10T00:00:00+00:00",
        "timestamp_max": "2026-06-30T00:00:00+00:00",
        "passed": true
      },
      "XRPUSDT": {
        "first_price_month": "2020-01",
        "last_price_month": "2026-06",
        "active_month_count": 78,
        "price_active_month_share": 1.0,
        "funding_active_month_share": 1.0,
        "development_price_months": 36,
        "latest_required": false,
        "latest_present": true,
        "rows": 2363,
        "timestamp_min": "2020-01-06T00:00:00+00:00",
        "timestamp_max": "2026-06-30T00:00:00+00:00",
        "passed": true
      },
      "ADAUSDT": {
        "first_price_month": "2020-01",
        "last_price_month": "2026-06",
        "active_month_count": 78,
        "price_active_month_share": 1.0,
        "funding_active_month_share": 1.0,
        "development_price_months": 36,
        "latest_required": false,
        "latest_present": true,
        "rows": 2343,
        "timestamp_min": "2020-01-31T00:00:00+00:00",
        "timestamp_max": "2026-06-30T00:00:00+00:00",
        "passed": true
      },
      "LTCUSDT": {
        "first_price_month": "2020-01",
        "last_price_month": "2026-06",
        "active_month_count": 78,
        "price_active_month_share": 1.0,
        "funding_active_month_share": 1.0,
        "development_price_months": 36,
        "latest_required": false,
        "latest_present": true,
        "rows": 2360,
        "timestamp_min": "2020-01-09T00:00:00+00:00",
        "timestamp_max": "2026-06-30T00:00:00+00:00",
        "passed": true
      },
      "BCHUSDT": {
        "first_price_month": "2020-01",
        "last_price_month": "2026-06",
        "active_month_count": 78,
        "price_active_month_share": 1.0,
        "funding_active_month_share": 1.0,
        "development_price_months": 36,
        "latest_required": false,
        "latest_present": true,
        "rows": 2373,
        "timestamp_min": "2020-01-01T00:00:00+00:00",
        "timestamp_max": "2026-06-30T00:00:00+00:00",
        "passed": true
      },
      "EOSUSDT": {
        "first_price_month": "2020-01",
        "last_price_month": "2025-05",
        "active_month_count": 65,
        "price_active_month_share": 1.0,
        "funding_active_month_share": 1.0,
        "development_price_months": 36,
        "latest_required": false,
        "latest_present": false,
        "rows": 1961,
        "timestamp_min": "2020-01-08T00:00:00+00:00",
        "timestamp_max": "2025-05-21T00:00:00+00:00",
        "passed": true
      },
      "DOGEUSDT": {
        "first_price_month": "2020-07",
        "last_price_month": "2026-06",
        "active_month_count": 72,
        "price_active_month_share": 1.0,
        "funding_active_month_share": 1.0,
        "development_price_months": 36,
        "latest_required": false,
        "latest_present": true,
        "rows": 2182,
        "timestamp_min": "2020-07-10T00:00:00+00:00",
        "timestamp_max": "2026-06-30T00:00:00+00:00",
        "passed": true
      },
      "LINKUSDT": {
        "first_price_month": "2020-01",
        "last_price_month": "2026-06",
        "active_month_count": 78,
        "price_active_month_share": 1.0,
        "funding_active_month_share": 1.0,
        "development_price_months": 36,
        "latest_required": false,
        "latest_present": true,
        "rows": 2357,
        "timestamp_min": "2020-01-17T00:00:00+00:00",
        "timestamp_max": "2026-06-30T00:00:00+00:00",
        "passed": true
      },
      "DOTUSDT": {
        "first_price_month": "2020-08",
        "last_price_month": "2026-06",
        "active_month_count": 71,
        "price_active_month_share": 1.0,
        "funding_active_month_share": 1.0,
        "development_price_months": 36,
        "latest_required": false,
        "latest_present": true,
        "rows": 2139,
        "timestamp_min": "2020-08-22T00:00:00+00:00",
        "timestamp_max": "2026-06-30T00:00:00+00:00",
        "passed": true
      },
      "TRXUSDT": {
        "first_price_month": "2020-01",
        "last_price_month": "2026-06",
        "active_month_count": 78,
        "price_active_month_share": 1.0,
        "funding_active_month_share": 1.0,
        "development_price_months": 36,
        "latest_required": false,
        "latest_present": true,
        "rows": 2354,
        "timestamp_min": "2020-01-15T00:00:00+00:00",
        "timestamp_max": "2026-06-30T00:00:00+00:00",
        "passed": true
      },
      "SOLUSDT": {
        "first_price_month": "2020-09",
        "last_price_month": "2026-06",
        "active_month_count": 70,
        "price_active_month_share": 1.0,
        "funding_active_month_share": 1.0,
        "development_price_months": 36,
        "latest_required": false,
        "latest_present": true,
        "rows": 2111,
        "timestamp_min": "2020-09-14T00:00:00+00:00",
        "timestamp_max": "2026-06-30T00:00:00+00:00",
        "passed": true
      }
    },
    "passed": true,
    "survivor_replacement_permitted": false
  },
  "development_diagnostics": [
    {
      "policy": "low_high_dispersion_participation_l240_k3_r56_beta",
      "family": "low_high_dispersion_participation",
      "lookback_days": 240,
      "long_short_k": 3,
      "rebalance_days": 56,
      "neutralization": "beta",
      "promotable_family": true,
      "eligible_development": false,
      "all_development_years_positive": false,
      "long_leg_pnl": 8347.42967720619,
      "short_leg_pnl": -5296.668170975215,
      "symbol_count_traded": 13,
      "symbols_traded": "ADAUSDT+BCHUSDT+BNBUSDT+BTCUSDT+DOGEUSDT+DOTUSDT+EOSUSDT+ETHUSDT+LINKUSDT+LTCUSDT+SOLUSDT+TRXUSDT+XRPUSDT",
      "top_positive_asset_pnl_share": 0.33207361538328595,
      "asset_pnl_json": "{\"ADAUSDT\": -123.18543616513354, \"BCHUSDT\": 38.25142027612254, \"BNBUSDT\": 2570.964880492575, \"BTCUSDT\": 1486.0190257142847, \"DOGEUSDT\": -429.01450804419073, \"DOTUSDT\": 503.48428216568385, \"EOSUSDT\": -144.37420743360045, \"ETHUSDT\": 1102.9958624637354, \"LINKUSDT\": -182.864031928971, \"LTCUSDT\": 475.97971532814, \"SOLUSDT\": -1527.700178951175, \"TRXUSDT\": 1564.458243982157, \"XRPUSDT\": -2284.25356166867}",
      "score": 0.1091258354765603,
      "development_total_return": 0.3050761506230908,
      "development_cagr": 0.09296473645598735,
      "development_max_drawdown": -0.19631976932964879,
      "development_sharpe": 0.7122387863742426,
      "development_annual_turnover": 2.1792931672837406,
      "development_average_gross": 0.2853939146885684,
      "development_max_gross": 0.7962604629340951,
      "development_costs": 240.64251239264084,
      "development_funding_pnl": 11.063298227502571,
      "development_rebalance_events": 16,
      "development_forced_exits": 0
    },
    {
      "policy": "low_residual_dispersion_beta_l240_k3_r56_beta",
      "family": "low_residual_dispersion_beta",
      "lookback_days": 240,
      "long_short_k": 3,
      "rebalance_days": 56,
      "neutralization": "beta",
      "promotable_family": true,
      "eligible_development": false,
      "all_development_years_positive": true,
      "long_leg_pnl": 4948.187479183199,
      "short_leg_pnl": -2452.604867499627,
      "symbol_count_traded": 13,
      "symbols_traded": "ADAUSDT+BCHUSDT+BNBUSDT+BTCUSDT+DOGEUSDT+DOTUSDT+EOSUSDT+ETHUSDT+LINKUSDT+LTCUSDT+SOLUSDT+TRXUSDT+XRPUSDT",
      "top_positive_asset_pnl_share": 0.3633651593744435,
      "asset_pnl_json": "{\"ADAUSDT\": 143.6682571629438, \"BCHUSDT\": 11.419679110284864, \"BNBUSDT\": 2145.7539370410254, \"BTCUSDT\": 935.8424897275739, \"DOGEUSDT\": 330.53850270275933, \"DOTUSDT\": 270.37638494896333, \"EOSUSDT\": 1054.4269984574319, \"ETHUSDT\": 735.0682259258107, \"LINKUSDT\": -148.3723639356858, \"LTCUSDT\": 278.1330396774519, \"SOLUSDT\": -393.43996766221915, \"TRXUSDT\": -511.91576607538457, \"XRPUSDT\": -2355.9168053974013}",
      "score": 0.08119986959832129,
      "development_total_return": 0.24955826116835178,
      "development_cagr": 0.07721675150943996,
      "development_max_drawdown": -0.24505675439511665,
      "development_sharpe": 0.6067199150051693,
      "development_annual_turnover": 2.045629564629585,
      "development_average_gross": 0.39196427787234395,
      "development_max_gross": 0.7995225750850021,
      "development_costs": 208.02844688141903,
      "development_funding_pnl": 242.50503821686286,
      "development_rebalance_events": 21,
      "development_forced_exits": 1
    },
    {
      "policy": "low_high_dispersion_participation_l240_k4_r56_beta",
      "family": "low_high_dispersion_participation",
      "lookback_days": 240,
      "long_short_k": 4,
      "rebalance_days": 56,
      "neutralization": "beta",
      "promotable_family": true,
      "eligible_development": false,
      "all_development_years_positive": true,
      "long_leg_pnl": 7373.362944689592,
      "short_leg_pnl": -5353.550619885075,
      "symbol_count_traded": 13,
      "symbols_traded": "ADAUSDT+BCHUSDT+BNBUSDT+BTCUSDT+DOGEUSDT+DOTUSDT+EOSUSDT+ETHUSDT+LINKUSDT+LTCUSDT+SOLUSDT+TRXUSDT+XRPUSDT",
      "top_positive_asset_pnl_share": 0.29419208486153076,
      "asset_pnl_json": "{\"ADAUSDT\": -186.70487977802247, \"BCHUSDT\": 530.1715800411832, \"BNBUSDT\": 1799.2180868218165, \"BTCUSDT\": 751.0031239185926, \"DOGEUSDT\": -314.8962038305304, \"DOTUSDT\": 472.3326643553289, \"EOSUSDT\": -1136.8695319679684, \"ETHUSDT\": 681.5575178407909, \"LINKUSDT\": -28.194741102171996, \"LTCUSDT\": 383.5936352912799, \"SOLUSDT\": -1044.4946635859512, \"TRXUSDT\": 1497.9170497033695, \"XRPUSDT\": -1384.821312903214}",
      "score": 0.07939232345873,
      "development_total_return": 0.2019812324804442,
      "development_cagr": 0.06334603706407371,
      "development_max_drawdown": -0.15632914574952528,
      "development_sharpe": 0.6056744530058088,
      "development_annual_turnover": 2.014848327178835,
      "development_average_gross": 0.28563972829695833,
      "development_max_gross": 0.7263629566079899,
      "development_costs": 206.34649904863375,
      "development_funding_pnl": 170.7763080578427,
      "development_rebalance_events": 16,
      "development_forced_exits": 0
    },
    {
      "policy": "low_residual_dispersion_beta_l240_k4_r56_beta",
      "family": "low_residual_dispersion_beta",
      "lookback_days": 240,
      "long_short_k": 4,
      "rebalance_days": 56,
      "neutralization": "beta",
      "promotable_family": true,
      "eligible_development": false,
      "all_development_years_positive": true,
      "long_leg_pnl": 4631.390403114832,
      "short_leg_pnl": -2400.2974912356367,
      "symbol_count_traded": 13,
      "symbols_traded": "ADAUSDT+BCHUSDT+BNBUSDT+BTCUSDT+DOGEUSDT+DOTUSDT+EOSUSDT+ETHUSDT+LINKUSDT+LTCUSDT+SOLUSDT+TRXUSDT+XRPUSDT",
      "top_positive_asset_pnl_share": 0.33777664384009015,
      "asset_pnl_json": "{\"ADAUSDT\": -924.8337437357939, \"BCHUSDT\": 939.5712742006658, \"BNBUSDT\": 1742.8696341601494, \"BTCUSDT\": 626.9017082217086, \"DOGEUSDT\": 244.41187897972392, \"DOTUSDT\": 616.9900905757553, \"EOSUSDT\": 212.60202658560937, \"ETHUSDT\": 455.2318409149255, \"LINKUSDT\": -21.068485044245286, \"LTCUSDT\": 321.2502850982254, \"SOLUSDT\": -732.5891423511283, \"TRXUSDT\": -55.01623998147161, \"XRPUSDT\": -1195.2282157449565}",
      "score": 0.07674919235949366,
      "development_total_return": 0.22310929118791756,
      "development_cagr": 0.06955008426571307,
      "development_max_drawdown": -0.22362488183296103,
      "development_sharpe": 0.6072931219324147,
      "development_annual_turnover": 1.8861560449781165,
      "development_average_gross": 0.39361980540050073,
      "development_max_gross": 0.7730207689859958,
      "development_costs": 181.65151471532403,
      "development_funding_pnl": 306.8962868592653,
      "development_rebalance_events": 20,
      "development_forced_exits": 1
    },
    {
      "policy": "low_residual_dispersion_beta_l240_k4_r56_dollar",
      "family": "low_residual_dispersion_beta",
      "lookback_days": 240,
      "long_short_k": 4,
      "rebalance_days": 56,
      "neutralization": "dollar",
      "promotable_family": true,
      "eligible_development": false,
      "all_development_years_positive": true,
      "long_leg_pnl": 4558.310331868007,
      "short_leg_pnl": -2683.047742831118,
      "symbol_count_traded": 13,
      "symbols_traded": "ADAUSDT+BCHUSDT+BNBUSDT+BTCUSDT+DOGEUSDT+DOTUSDT+EOSUSDT+ETHUSDT+LINKUSDT+LTCUSDT+SOLUSDT+TRXUSDT+XRPUSDT",
      "top_positive_asset_pnl_share": 0.2865586093556441,
      "asset_pnl_json": "{\"ADAUSDT\": -791.334410162447, \"BCHUSDT\": 994.7461850085983, \"BNBUSDT\": 1464.658938703104, \"BTCUSDT\": 566.7031653947196, \"DOGEUSDT\": 190.87738808455177, \"DOTUSDT\": 646.1259499001716, \"EOSUSDT\": 270.1052276374566, \"ETHUSDT\": 501.275122954757, \"LINKUSDT\": 21.18764893052471, \"LTCUSDT\": 455.5223784368017, \"SOLUSDT\": -1147.282238774053, \"TRXUSDT\": -125.49872247992701, \"XRPUSDT\": -1171.8240445973381}",
      "score": 0.06938382670205992,
      "development_total_return": 0.18752625890367813,
      "development_cagr": 0.05905950606368782,
      "development_max_drawdown": -0.17656682038030946,
      "development_sharpe": 0.547835833416501,
      "development_annual_turnover": 1.9525300204622018,
      "development_average_gross": 0.39407659075225937,
      "development_max_gross": 0.7190772955374853,
      "development_costs": 192.5367224854927,
      "development_funding_pnl": 299.29115236562535,
      "development_rebalance_events": 21,
      "development_forced_exits": 1
    },
    {
      "policy": "low_residual_dispersion_beta_l240_k3_r56_dollar",
      "family": "low_residual_dispersion_beta",
      "lookback_days": 240,
      "long_short_k": 3,
      "rebalance_days": 56,
      "neutralization": "dollar",
      "promotable_family": true,
      "eligible_development": false,
      "all_development_years_positive": true,
      "long_leg_pnl": 4478.004051400486,
      "short_leg_pnl": -2514.6748470502275,
      "symbol_count_traded": 13,
      "symbols_traded": "ADAUSDT+BCHUSDT+BNBUSDT+BTCUSDT+DOGEUSDT+DOTUSDT+EOSUSDT+ETHUSDT+LINKUSDT+LTCUSDT+SOLUSDT+TRXUSDT+XRPUSDT",
      "top_positive_asset_pnl_share": 0.352710544076247,
      "asset_pnl_json": "{\"ADAUSDT\": 197.12493140239303, \"BCHUSDT\": -53.21150352522071, \"BNBUSDT\": 1986.062255152519, \"BTCUSDT\": 738.2874185210376, \"DOGEUSDT\": 308.0765363703339, \"DOTUSDT\": 265.40256833924315, \"EOSUSDT\": 1082.6389991577817, \"ETHUSDT\": 708.8675419580625, \"LINKUSDT\": -199.8303680362204, \"LTCUSDT\": 344.39566908264567, \"SOLUSDT\": -711.6636196704707, \"TRXUSDT\": -561.2815116303551, \"XRPUSDT\": -2141.5397127715173}",
      "score": 0.06838595633128343,
      "development_total_return": 0.19633292043501527,
      "development_cagr": 0.06167517507546161,
      "development_max_drawdown": -0.19225378864287568,
      "development_sharpe": 0.5289018388106882,
      "development_annual_turnover": 2.061693990847745,
      "development_average_gross": 0.39112281342525135,
      "development_max_gross": 0.7461013720125258,
      "development_costs": 210.77902163733307,
      "development_funding_pnl": 220.00470936732975,
      "development_rebalance_events": 21,
      "development_forced_exits": 1
    },
    {
      "policy": "low_high_dispersion_participation_l240_k3_r14_beta",
      "family": "low_high_dispersion_participation",
      "lookback_days": 240,
      "long_short_k": 3,
      "rebalance_days": 14,
      "neutralization": "beta",
      "promotable_family": true,
      "eligible_development": false,
      "all_development_years_positive": false,
      "long_leg_pnl": 6465.321157363777,
      "short_leg_pnl": -4730.74122472176,
      "symbol_count_traded": 13,
      "symbols_traded": "ADAUSDT+BCHUSDT+BNBUSDT+BTCUSDT+DOGEUSDT+DOTUSDT+EOSUSDT+ETHUSDT+LINKUSDT+LTCUSDT+SOLUSDT+TRXUSDT+XRPUSDT",
      "top_positive_asset_pnl_share": 0.25671439279328023,
      "asset_pnl_json": "{\"ADAUSDT\": 55.64584309740585, \"BCHUSDT\": 382.66090021310333, \"BNBUSDT\": 1104.9176786703406, \"BTCUSDT\": 1070.9879623781887, \"DOGEUSDT\": 79.75735091644462, \"DOTUSDT\": 268.24566815822044, \"EOSUSDT\": 142.30766478190935, \"ETHUSDT\": 165.72728708321543, \"LINKUSDT\": 482.6028828092719, \"LTCUSDT\": 529.9346276728324, \"SOLUSDT\": -2255.757049633032, \"TRXUSDT\": 1479.1801102649429, \"XRPUSDT\": -1771.6309937708374}",
      "score": 0.06478398287941906,
      "development_total_return": 0.17345799326420597,
      "development_cagr": 0.05485414523557153,
      "development_max_drawdown": -0.1516701142782494,
      "development_sharpe": 0.5238057188977437,
      "development_annual_turnover": 2.7457650358905137,
      "development_average_gross": 0.2891868257696287,
      "development_max_gross": 0.7962604629340951,
      "development_costs": 289.0179430045159,
      "development_funding_pnl": 98.53164552918116,
      "development_rebalance_events": 30,
      "development_forced_exits": 0
    },
    {
      "policy": "low_high_dispersion_participation_l240_k3_r56_dollar",
      "family": "low_high_dispersion_participation",
      "lookback_days": 240,
      "long_short_k": 3,
      "rebalance_days": 56,
      "neutralization": "dollar",
      "promotable_family": true,
      "eligible_development": false,
      "all_development_years_positive": false,
      "long_leg_pnl": 7546.715737006767,
      "short_leg_pnl": -5852.167499053127,
      "symbol_count_traded": 13,
      "symbols_traded": "ADAUSDT+BCHUSDT+BNBUSDT+BTCUSDT+DOGEUSDT+DOTUSDT+EOSUSDT+ETHUSDT+LINKUSDT+LTCUSDT+SOLUSDT+TRXUSDT+XRPUSDT",
      "top_positive_asset_pnl_share": 0.29028042355737577,
      "asset_pnl_json": "{\"ADAUSDT\": -100.3901635316122, \"BCHUSDT\": -35.239231125066354, \"BNBUSDT\": 1987.4184027097356, \"BTCUSDT\": 1335.3265431031427, \"DOGEUSDT\": -488.52131965718576, \"DOTUSDT\": 459.3903860594276, \"EOSUSDT\": -191.7841220873216, \"ETHUSDT\": 990.6837969029731, \"LINKUSDT\": -146.05609892275626, \"LTCUSDT\": 603.2097704860298, \"SOLUSDT\": -1898.739851400168, \"TRXUSDT\": 1470.5175483220216, \"XRPUSDT\": -2291.2674229055924}",
      "score": 0.05876281841459047,
      "development_total_return": 0.16945482379536037,
      "development_cagr": 0.0536513631589981,
      "development_max_drawdown": -0.1740196706621182,
      "development_sharpe": 0.4718313947482995,
      "development_annual_turnover": 2.2417829899195474,
      "development_average_gross": 0.2850995184533329,
      "development_max_gross": 0.7597588227445818,
      "development_costs": 235.06877120536114,
      "development_funding_pnl": 89.60367812726587,
      "development_rebalance_events": 17,
      "development_forced_exits": 0
    },
    {
      "policy": "low_high_dispersion_participation_l240_k4_r56_dollar",
      "family": "low_high_dispersion_participation",
      "lookback_days": 240,
      "long_short_k": 4,
      "rebalance_days": 56,
      "neutralization": "dollar",
      "promotable_family": true,
      "eligible_development": false,
      "all_development_years_positive": false,
      "long_leg_pnl": 6372.913522849717,
      "short_leg_pnl": -5227.294311785838,
      "symbol_count_traded": 13,
      "symbols_traded": "ADAUSDT+BCHUSDT+BNBUSDT+BTCUSDT+DOGEUSDT+DOTUSDT+EOSUSDT+ETHUSDT+LINKUSDT+LTCUSDT+SOLUSDT+TRXUSDT+XRPUSDT",
      "top_positive_asset_pnl_share": 0.3049876404723337,
      "asset_pnl_json": "{\"ADAUSDT\": -163.04367676131366, \"BCHUSDT\": 45.94226153520714, \"BNBUSDT\": 1574.7289859491593, \"BTCUSDT\": 647.6786575549604, \"DOGEUSDT\": -357.04331589147034, \"DOTUSDT\": 471.32787211581297, \"EOSUSDT\": -405.72610502044233, \"ETHUSDT\": 657.6451233974711, \"LINKUSDT\": -163.04834075802512, \"LTCUSDT\": 307.9999027716707, \"SOLUSDT\": -1342.9518237610102, \"TRXUSDT\": 1457.9322830470223, \"XRPUSDT\": -1585.822613115171}",
      "score": 0.04185222468138416,
      "development_total_return": 0.11456192110639085,
      "development_cagr": 0.03687450018808991,
      "development_max_drawdown": -0.1333684016503912,
      "development_sharpe": 0.37868587064375225,
      "development_annual_turnover": 1.9949735240007467,
      "development_average_gross": 0.2878977811684044,
      "development_max_gross": 0.7370866392641783,
      "development_costs": 200.39214832865633,
      "development_funding_pnl": 166.15511734133267,
      "development_rebalance_events": 16,
      "development_forced_exits": 0
    },
    {
      "policy": "low_high_dispersion_participation_l240_k3_r14_dollar",
      "family": "low_high_dispersion_participation",
      "lookback_days": 240,
      "long_short_k": 3,
      "rebalance_days": 14,
      "neutralization": "dollar",
      "promotable_family": true,
      "eligible_development": false,
      "all_development_years_positive": false,
      "long_leg_pnl": 5972.070645885651,
      "short_leg_pnl": -5000.721487667763,
      "symbol_count_traded": 13,
      "symbols_traded": "ADAUSDT+BCHUSDT+BNBUSDT+BTCUSDT+DOGEUSDT+DOTUSDT+EOSUSDT+ETHUSDT+LINKUSDT+LTCUSDT+SOLUSDT+TRXUSDT+XRPUSDT",
      "top_positive_asset_pnl_share": 0.28552473980993126,
      "asset_pnl_json": "{\"ADAUSDT\": 64.59054301899526, \"BCHUSDT\": 379.0067417101984, \"BNBUSDT\": 927.3640501498438, \"BTCUSDT\": 889.9804197403207, \"DOGEUSDT\": 84.99456936317371, \"DOTUSDT\": 268.81269630009723, \"EOSUSDT\": 106.80851979851985, \"ETHUSDT\": 17.266113860898212, \"LINKUSDT\": 450.734309609627, \"LTCUSDT\": 568.5561039965695, \"SOLUSDT\": -2695.0648260828807, \"TRXUSDT\": 1501.8498205624364, \"XRPUSDT\": -1593.549903809907}",
      "score": 0.030401643294134653,
      "development_total_return": 0.0971349158217929,
      "development_cagr": 0.03143342992500986,
      "development_max_drawdown": -0.1517841677617009,
      "development_sharpe": 0.328863510195624,
      "development_annual_turnover": 2.7086413126337883,
      "development_average_gross": 0.28790455497838513,
      "development_max_gross": 0.7597588227445822,
      "development_costs": 281.51124850534984,
      "development_funding_pnl": 110.05629880660643,
      "development_rebalance_events": 30,
      "development_forced_exits": 0
    },
    {
      "policy": "low_high_dispersion_participation_l240_k3_r28_beta",
      "family": "low_high_dispersion_participation",
      "lookback_days": 240,
      "long_short_k": 3,
      "rebalance_days": 28,
      "neutralization": "beta",
      "promotable_family": true,
      "eligible_development": false,
      "all_development_years_positive": true,
      "long_leg_pnl": 7278.50030035542,
      "short_leg_pnl": -6532.007553491134,
      "symbol_count_traded": 13,
      "symbols_traded": "ADAUSDT+BCHUSDT+BNBUSDT+BTCUSDT+DOGEUSDT+DOTUSDT+EOSUSDT+ETHUSDT+LINKUSDT+LTCUSDT+SOLUSDT+TRXUSDT+XRPUSDT",
      "top_positive_asset_pnl_share": 0.34854360266618895,
      "asset_pnl_json": "{\"ADAUSDT\": 59.98235778815974, \"BCHUSDT\": 129.0529621364848, \"BNBUSDT\": 2339.7557066042505, \"BTCUSDT\": 1320.13131714497, \"DOGEUSDT\": -319.6689118918502, \"DOTUSDT\": 360.4085073269603, \"EOSUSDT\": 61.16410194098216, \"ETHUSDT\": 654.7653977611436, \"LINKUSDT\": -153.2039790339842, \"LTCUSDT\": 225.07833045662008, \"SOLUSDT\": -3312.077186083185, \"TRXUSDT\": 1562.611115383122, \"XRPUSDT\": -2181.5069726693955}",
      "score": 0.003460558554323245,
      "development_total_return": 0.0746492746864249,
      "development_cagr": 0.02432720536359767,
      "development_max_drawdown": -0.26572714045925716,
      "development_sharpe": 0.23782356795040613,
      "development_annual_turnover": 2.6471895450120626,
      "development_average_gross": 0.2881409091308726,
      "development_max_gross": 0.796260462934095,
      "development_costs": 266.61450831088024,
      "development_funding_pnl": 73.10106292444283,
      "development_rebalance_events": 24,
      "development_forced_exits": 0
    },
    {
      "policy": "low_high_dispersion_participation_l240_k4_r28_beta",
      "family": "low_high_dispersion_participation",
      "lookback_days": 240,
      "long_short_k": 4,
      "rebalance_days": 28,
      "neutralization": "beta",
      "promotable_family": true,
      "eligible_development": false,
      "all_development_years_positive": false,
      "long_leg_pnl": 6141.405789247853,
      "short_leg_pnl": -5714.904024897263,
      "symbol_count_traded": 13,
      "symbols_traded": "ADAUSDT+BCHUSDT+BNBUSDT+BTCUSDT+DOGEUSDT+DOTUSDT+EOSUSDT+ETHUSDT+LINKUSDT+LTCUSDT+SOLUSDT+TRXUSDT+XRPUSDT",
      "top_positive_asset_pnl_share": 0.3221702975582865,
      "asset_pnl_json": "{\"ADAUSDT\": -97.09528008987643, \"BCHUSDT\": 421.2857321244544, \"BNBUSDT\": 1594.1789552911762, \"BTCUSDT\": 392.6299565990424, \"DOGEUSDT\": -270.2334136385412, \"DOTUSDT\": 546.0226291826597, \"EOSUSDT\": -481.4739558349341, \"ETHUSDT\": 542.4829332373959, \"LINKUSDT\": 78.90169372330682, \"LTCUSDT\": 66.4722317720737, \"SOLUSDT\": -2394.528719400903, \"TRXUSDT\": 1731.018699175993, \"XRPUSDT\": -1703.1596977912495}",
      "score": -6.278136360169219e-05,
      "development_total_return": 0.0426501764350653,
      "development_cagr": 0.014041559248861635,
      "development_max_drawdown": -0.1855996187337131,
      "development_sharpe": 0.17636842561455396,
      "development_annual_turnover": 2.5251846217657254,
      "development_average_gross": 0.2873323645084104,
      "development_max_gross": 0.7575949795204062,
      "development_costs": 245.93648570921872,
      "development_funding_pnl": 142.30396366857178,
      "development_rebalance_events": 25,
      "development_forced_exits": 0
    },
    {
      "policy": "low_residual_dispersion_beta_l240_k4_r28_beta",
      "family": "low_residual_dispersion_beta",
      "lookback_days": 240,
      "long_short_k": 4,
      "rebalance_days": 28,
      "neutralization": "beta",
      "promotable_family": true,
      "eligible_development": false,
      "all_development_years_positive": false,
      "long_leg_pnl": 4423.243998893429,
      "short_leg_pnl": -4016.307391542568,
      "symbol_count_traded": 13,
      "symbols_traded": "ADAUSDT+BCHUSDT+BNBUSDT+BTCUSDT+DOGEUSDT+DOTUSDT+EOSUSDT+ETHUSDT+LINKUSDT+LTCUSDT+SOLUSDT+TRXUSDT+XRPUSDT",
      "top_positive_asset_pnl_share": 0.33538914950962617,
      "asset_pnl_json": "{\"ADAUSDT\": -800.7853957014714, \"BCHUSDT\": 1240.4790462076314, \"BNBUSDT\": 1737.135115257672, \"BTCUSDT\": 338.7159256662484, \"DOGEUSDT\": 266.5492189379491, \"DOTUSDT\": 467.10645488913707, \"EOSUSDT\": 157.96813820875244, \"ETHUSDT\": 678.5127359668854, \"LINKUSDT\": -714.9874700894147, \"LTCUSDT\": 132.1197358993628, \"SOLUSDT\": -2040.5388430738117, \"TRXUSDT\": 160.87491385749217, \"XRPUSDT\": -1216.2129686755907}",
      "score": -0.006158452145394016,
      "development_total_return": 0.04069366073509029,
      "development_cagr": 0.013405882849284678,
      "development_max_drawdown": -0.2345501292673634,
      "development_sharpe": 0.18785583590717977,
      "development_annual_turnover": 2.458508514611934,
      "development_average_gross": 0.3950005668491337,
      "development_max_gross": 0.7730207689859953,
      "development_costs": 214.37767352511594,
      "development_funding_pnl": 280.00427835260945,
      "development_rebalance_events": 31,
      "development_forced_exits": 1
    },
    {
      "policy": "low_residual_dispersion_beta_l120_k3_r28_beta",
      "family": "low_residual_dispersion_beta",
      "lookback_days": 120,
      "long_short_k": 3,
      "rebalance_days": 28,
      "neutralization": "beta",
      "promotable_family": true,
      "eligible_development": false,
      "all_development_years_positive": false,
      "long_leg_pnl": 3875.003329108682,
      "short_leg_pnl": -3131.194946267974,
      "symbol_count_traded": 13,
      "symbols_traded": "ADAUSDT+BCHUSDT+BNBUSDT+BTCUSDT+DOGEUSDT+DOTUSDT+EOSUSDT+ETHUSDT+LINKUSDT+LTCUSDT+SOLUSDT+TRXUSDT+XRPUSDT",
      "top_positive_asset_pnl_share": 0.38793467693523004,
      "asset_pnl_json": "{\"ADAUSDT\": -1157.4307127157024, \"BCHUSDT\": -165.90584195629972, \"BNBUSDT\": 1693.791286465515, \"BTCUSDT\": 638.2194450529481, \"DOGEUSDT\": 145.1296627299987, \"DOTUSDT\": 467.4746001885217, \"EOSUSDT\": -135.90169966435047, \"ETHUSDT\": 481.85356427425165, \"LINKUSDT\": 230.3753388855418, \"LTCUSDT\": 476.48497676213657, \"SOLUSDT\": -166.81958996703688, \"TRXUSDT\": 232.84766816324972, \"XRPUSDT\": -1996.3103153780628}",
      "score": -0.00955596458573113,
      "development_total_return": 0.07438083828406938,
      "development_cagr": 0.02424177475747169,
      "development_max_drawdown": -0.37945365283941024,
      "development_sharpe": 0.2441081341378496,
      "development_annual_turnover": 3.489456695650493,
      "development_average_gross": 0.399378004532135,
      "development_max_gross": 0.7582530351459662,
      "development_costs": 317.1156760007583,
      "development_funding_pnl": 106.34634217522925,
      "development_rebalance_events": 34,
      "development_forced_exits": 1
    },
    {
      "policy": "low_high_dispersion_participation_l240_k4_r28_dollar",
      "family": "low_high_dispersion_participation",
      "lookback_days": 240,
      "long_short_k": 4,
      "rebalance_days": 28,
      "neutralization": "dollar",
      "promotable_family": true,
      "eligible_development": false,
      "all_development_years_positive": false,
      "long_leg_pnl": 5805.697240002221,
      "short_leg_pnl": -5707.481654346349,
      "symbol_count_traded": 13,
      "symbols_traded": "ADAUSDT+BCHUSDT+BNBUSDT+BTCUSDT+DOGEUSDT+DOTUSDT+EOSUSDT+ETHUSDT+LINKUSDT+LTCUSDT+SOLUSDT+TRXUSDT+XRPUSDT",
      "top_positive_asset_pnl_share": 0.3403717768265898,
      "asset_pnl_json": "{\"ADAUSDT\": -169.00969540681882, \"BCHUSDT\": 415.5041855906122, \"BNBUSDT\": 1453.0866381324915, \"BTCUSDT\": 241.7462056642919, \"DOGEUSDT\": -264.9850198004323, \"DOTUSDT\": 550.2319142991407, \"EOSUSDT\": -423.4131220701002, \"ETHUSDT\": 493.66591551324905, \"LINKUSDT\": 103.8795277693885, \"LTCUSDT\": 68.5652217783176, \"SOLUSDT\": -2451.042521309391, \"TRXUSDT\": 1716.5849028028852, \"XRPUSDT\": -1636.598567307792}",
      "score": -0.014042876185853995,
      "development_total_return": 0.009821558565581201,
      "development_cagr": 0.0032683540586952997,
      "development_max_drawdown": -0.17171798616990264,
      "development_sharpe": 0.08727219877535675,
      "development_annual_turnover": 2.539525503540652,
      "development_average_gross": 0.28633564565186415,
      "development_max_gross": 0.7335820539456029,
      "development_costs": 245.590856548877,
      "development_funding_pnl": 141.04859985060557,
      "development_rebalance_events": 26,
      "development_forced_exits": 0
    }
  ],
  "limitations": [
    "Public daily archives are not executable bid/ask or queue observations.",
    "The fixed universe includes delisted assets; forced exits carry a 100 bps penalty.",
    "Program-level OOS is not pristine.",
    "Dispersion sensitivity is a statistical market-linkage ranking, not an issuer-quality claim."
  ],
  "data_manifest_sha256": "379a7d5a8d49c9d224716a29aee5a250ccdd51f7511991e4ea584373517e3612"
}
