loading BTC
loading ETH
loading SOL
loading XRP
loading DOGE
{
  "status": "data_access_insufficient",
  "coverage": {
    "candidate": "V171_DATA_COVERAGE",
    "minimum_full_assets": 3,
    "minimum_usable_rows": 2800,
    "minimum_price_coverage": 0.95,
    "minimum_funding_coverage": 0.9,
    "latest_acceptable_start": "2023-08-01T00:00:00+00:00",
    "earliest_acceptable_end": "2026-06-20T00:00:00+00:00",
    "full_assets": [],
    "passed": false,
    "assets": [
      {
        "asset": "BTC",
        "rows": 3471,
        "usable_rows": 2765,
        "price_coverage": 1.0,
        "funding_coverage": 0.7966004033419763,
        "usable_timestamp_min": "2023-06-08T00:00:00+00:00",
        "usable_timestamp_max": "2026-06-30T16:00:00+00:00",
        "starts_on_time": true,
        "ends_on_time": true,
        "enough_rows": false,
        "price_coverage_ok": true,
        "funding_coverage_ok": false,
        "full_coverage": false
      },
      {
        "asset": "ETH",
        "rows": 3471,
        "usable_rows": 2765,
        "price_coverage": 1.0,
        "funding_coverage": 0.7966004033419763,
        "usable_timestamp_min": "2023-06-08T00:00:00+00:00",
        "usable_timestamp_max": "2026-06-30T16:00:00+00:00",
        "starts_on_time": true,
        "ends_on_time": true,
        "enough_rows": false,
        "price_coverage_ok": true,
        "funding_coverage_ok": false,
        "full_coverage": false
      },
      {
        "asset": "SOL",
        "rows": 3471,
        "usable_rows": 2765,
        "price_coverage": 1.0,
        "funding_coverage": 0.7966004033419763,
        "usable_timestamp_min": "2023-06-08T00:00:00+00:00",
        "usable_timestamp_max": "2026-06-30T16:00:00+00:00",
        "starts_on_time": true,
        "ends_on_time": true,
        "enough_rows": false,
        "price_coverage_ok": true,
        "funding_coverage_ok": false,
        "full_coverage": false
      },
      {
        "asset": "XRP",
        "rows": 3471,
        "usable_rows": 2737,
        "price_coverage": 1.0,
        "funding_coverage": 0.7885335638144627,
        "usable_timestamp_min": "2023-06-18T00:00:00+00:00",
        "usable_timestamp_max": "2026-06-30T16:00:00+00:00",
        "starts_on_time": true,
        "ends_on_time": true,
        "enough_rows": false,
        "price_coverage_ok": true,
        "funding_coverage_ok": false,
        "full_coverage": false
      },
      {
        "asset": "DOGE",
        "rows": 3471,
        "usable_rows": 2765,
        "price_coverage": 1.0,
        "funding_coverage": 0.7966004033419763,
        "usable_timestamp_min": "2023-06-08T00:00:00+00:00",
        "usable_timestamp_max": "2026-06-30T16:00:00+00:00",
        "starts_on_time": true,
        "ends_on_time": true,
        "enough_rows": false,
        "price_coverage_ok": true,
        "funding_coverage_ok": false,
        "full_coverage": false
      }
    ]
  }
}
