/home/runner/work/fin/fin/research/active_v9/data.py:18: UserWarning: Converting to Period representation will drop timezone information.
  x=utc(a).to_period('M').to_timestamp().tz_localize('UTC');e=utc(b)
archives 200/2028
archives 400/2028
archives 600/2028
archives 800/2028
archives 1000/2028
archives 1200/2028
archives 1400/2028
archives 1600/2028
archives 1800/2028
archives 2000/2028
archives 2028/2028
processed 24/144 policies
processed 48/144 policies
processed 72/144 policies
processed 96/144 policies
processed 120/144 policies
processed 144/144 policies
{
  "candidate": "ACTIVE_V261_CRYPTO_LIQUIDITY_QUALITY",
  "status": "rejected_before_validation",
  "eligible_policy_count": 0,
  "standalone_selection_passed": false,
  "integration_permitted": false,
  "promoted_candidates": [],
  "live_ready": false,
  "real_leverage_authorized": false,
  "profitability_proven": false,
  "selection": {
    "candidate": "ACTIVE_V261_CRYPTO_LIQUIDITY_QUALITY",
    "selection_cutoff": "2023-12-31T23:59:59Z",
    "selection_uses_2024": false,
    "selection_uses_2025": false,
    "selection_uses_2026": false,
    "program_level_holdout_pristine": false,
    "policy_count": 144,
    "promotable_policy_count": 108,
    "eligible_policy_count": 0,
    "development_gates": {
      "cagr_min": 0.04,
      "sharpe_min": 0.8,
      "max_drawdown_min": -0.15,
      "rebalance_events_min": 24,
      "annual_turnover_max": 20.0,
      "max_realized_gross": 0.7,
      "all_development_years_positive": true,
      "net_long_leg_pnl_positive": true,
      "net_short_leg_pnl_positive": true,
      "symbols_traded_min": 8,
      "top_positive_asset_pnl_share_max": 0.4
    },
    "post_selection_gates": {
      "validation_return_positive": true,
      "holdout_return_positive": true,
      "final_return_positive": true,
      "severe_full_cagr_positive": true,
      "latency_full_cagr_positive": true,
      "worst_calendar_year_min": -0.1,
      "forced_exit_count_max": 4
    },
    "coverage_gate": {
      "candidate": "V261_FIXED_UNIVERSE_DATA_COVERAGE",
      "fixed_universe_size": 13,
      "minimum_price_active_month_share": 0.95,
      "minimum_funding_active_month_share": 0.9,
      "minimum_development_price_months": 34,
      "details": {
        "BTCUSDT": {
          "first_price_month": "2020-01",
          "last_price_month": "2026-06",
          "active_month_count": 78,
          "price_active_month_share": 1.0,
          "funding_active_month_share": 1.0,
          "development_price_months": 36,
          "latest_required": true,
          "latest_present": true,
          "rows": 2373,
          "timestamp_min": "2020-01-01T00:00:00+00:00",
          "timestamp_max": "2026-06-30T00:00:00+00:00",
          "passed": true
        },
        "ETHUSDT": {
          "first_price_month": "2020-01",
          "last_price_month": "2026-06",
          "active_month_count": 78,
          "price_active_month_share": 1.0,
          "funding_active_month_share": 1.0,
          "development_price_months": 36,
          "latest_required": true,
          "latest_present": true,
          "rows": 2373,
          "timestamp_min": "2020-01-01T00:00:00+00:00",
          "timestamp_max": "2026-06-30T00:00:00+00:00",
          "passed": true
        },
        "BNBUSDT": {
          "first_price_month": "2020-02",
          "last_price_month": "2026-06",
          "active_month_count": 77,
          "price_active_month_share": 1.0,
          "funding_active_month_share": 1.0,
          "development_price_months": 36,
          "latest_required": false,
          "latest_present": true,
          "rows": 2333,
          "timestamp_min": "2020-02-10T00:00:00+00:00",
          "timestamp_max": "2026-06-30T00:00:00+00:00",
          "passed": true
        },
        "XRPUSDT": {
          "first_price_month": "2020-01",
          "last_price_month": "2026-06",
          "active_month_count": 78,
          "price_active_month_share": 1.0,
          "funding_active_month_share": 1.0,
          "development_price_months": 36,
          "latest_required": false,
          "latest_present": true,
          "rows": 2363,
          "timestamp_min": "2020-01-06T00:00:00+00:00",
          "timestamp_max": "2026-06-30T00:00:00+00:00",
          "passed": true
        },
        "ADAUSDT": {
          "first_price_month": "2020-01",
          "last_price_month": "2026-06",
          "active_month_count": 78,
          "price_active_month_share": 1.0,
          "funding_active_month_share": 1.0,
          "development_price_months": 36,
          "latest_required": false,
          "latest_present": true,
          "rows": 2343,
          "timestamp_min": "2020-01-31T00:00:00+00:00",
          "timestamp_max": "2026-06-30T00:00:00+00:00",
          "passed": true
        },
        "LTCUSDT": {
          "first_price_month": "2020-01",
          "last_price_month": "2026-06",
          "active_month_count": 78,
          "price_active_month_share": 1.0,
          "funding_active_month_share": 1.0,
          "development_price_months": 36,
          "latest_required": false,
          "latest_present": true,
          "rows": 2360,
          "timestamp_min": "2020-01-09T00:00:00+00:00",
          "timestamp_max": "2026-06-30T00:00:00+00:00",
          "passed": true
        },
        "BCHUSDT": {
          "first_price_month": "2020-01",
          "last_price_month": "2026-06",
          "active_month_count": 78,
          "price_active_month_share": 1.0,
          "funding_active_month_share": 1.0,
          "development_price_months": 36,
          "latest_required": false,
          "latest_present": true,
          "rows": 2373,
          "timestamp_min": "2020-01-01T00:00:00+00:00",
          "timestamp_max": "2026-06-30T00:00:00+00:00",
          "passed": true
        },
        "EOSUSDT": {
          "first_price_month": "2020-01",
          "last_price_month": "2025-05",
          "active_month_count": 65,
          "price_active_month_share": 1.0,
          "funding_active_month_share": 1.0,
          "development_price_months": 36,
          "latest_required": false,
          "latest_present": false,
          "rows": 1961,
          "timestamp_min": "2020-01-08T00:00:00+00:00",
          "timestamp_max": "2025-05-21T00:00:00+00:00",
          "passed": true
        },
        "DOGEUSDT": {
          "first_price_month": "2020-07",
          "last_price_month": "2026-06",
          "active_month_count": 72,
          "price_active_month_share": 1.0,
          "funding_active_month_share": 1.0,
          "development_price_months": 36,
          "latest_required": false,
          "latest_present": true,
          "rows": 2182,
          "timestamp_min": "2020-07-10T00:00:00+00:00",
          "timestamp_max": "2026-06-30T00:00:00+00:00",
          "passed": true
        },
        "LINKUSDT": {
          "first_price_month": "2020-01",
          "last_price_month": "2026-06",
          "active_month_count": 78,
          "price_active_month_share": 1.0,
          "funding_active_month_share": 1.0,
          "development_price_months": 36,
          "latest_required": false,
          "latest_present": true,
          "rows": 2357,
          "timestamp_min": "2020-01-17T00:00:00+00:00",
          "timestamp_max": "2026-06-30T00:00:00+00:00",
          "passed": true
        },
        "DOTUSDT": {
          "first_price_month": "2020-08",
          "last_price_month": "2026-06",
          "active_month_count": 71,
          "price_active_month_share": 1.0,
          "funding_active_month_share": 1.0,
          "development_price_months": 36,
          "latest_required": false,
          "latest_present": true,
          "rows": 2139,
          "timestamp_min": "2020-08-22T00:00:00+00:00",
          "timestamp_max": "2026-06-30T00:00:00+00:00",
          "passed": true
        },
        "TRXUSDT": {
          "first_price_month": "2020-01",
          "last_price_month": "2026-06",
          "active_month_count": 78,
          "price_active_month_share": 1.0,
          "funding_active_month_share": 1.0,
          "development_price_months": 36,
          "latest_required": false,
          "latest_present": true,
          "rows": 2354,
          "timestamp_min": "2020-01-15T00:00:00+00:00",
          "timestamp_max": "2026-06-30T00:00:00+00:00",
          "passed": true
        },
        "SOLUSDT": {
          "first_price_month": "2020-09",
          "last_price_month": "2026-06",
          "active_month_count": 70,
          "price_active_month_share": 1.0,
          "funding_active_month_share": 1.0,
          "development_price_months": 36,
          "latest_required": false,
          "latest_present": true,
          "rows": 2111,
          "timestamp_min": "2020-09-14T00:00:00+00:00",
          "timestamp_max": "2026-06-30T00:00:00+00:00",
          "passed": true
        }
      },
      "passed": true,
      "survivor_replacement_permitted": false
    },
    "ranking_sha256": "5f8d19170b69f1b944011a75b378c3b2ca9800ca7fb0b3bc98b3d3fdbd79777c",
    "design_sha256": "0299ca2f2b44f25361cea8ed4ad5f7f97e8a924b0ecc8d005473ce665dd050d1",
    "selected": null,
    "selection_proof_sha256": "17b89439105e8a81585b95e014f0ded25c31faa2bcad3d2560b3c15262d37817"
  },
  "coverage_gate": {
    "candidate": "V261_FIXED_UNIVERSE_DATA_COVERAGE",
    "fixed_universe_size": 13,
    "minimum_price_active_month_share": 0.95,
    "minimum_funding_active_month_share": 0.9,
    "minimum_development_price_months": 34,
    "details": {
      "BTCUSDT": {
        "first_price_month": "2020-01",
        "last_price_month": "2026-06",
        "active_month_count": 78,
        "price_active_month_share": 1.0,
        "funding_active_month_share": 1.0,
        "development_price_months": 36,
        "latest_required": true,
        "latest_present": true,
        "rows": 2373,
        "timestamp_min": "2020-01-01T00:00:00+00:00",
        "timestamp_max": "2026-06-30T00:00:00+00:00",
        "passed": true
      },
      "ETHUSDT": {
        "first_price_month": "2020-01",
        "last_price_month": "2026-06",
        "active_month_count": 78,
        "price_active_month_share": 1.0,
        "funding_active_month_share": 1.0,
        "development_price_months": 36,
        "latest_required": true,
        "latest_present": true,
        "rows": 2373,
        "timestamp_min": "2020-01-01T00:00:00+00:00",
        "timestamp_max": "2026-06-30T00:00:00+00:00",
        "passed": true
      },
      "BNBUSDT": {
        "first_price_month": "2020-02",
        "last_price_month": "2026-06",
        "active_month_count": 77,
        "price_active_month_share": 1.0,
        "funding_active_month_share": 1.0,
        "development_price_months": 36,
        "latest_required": false,
        "latest_present": true,
        "rows": 2333,
        "timestamp_min": "2020-02-10T00:00:00+00:00",
        "timestamp_max": "2026-06-30T00:00:00+00:00",
        "passed": true
      },
      "XRPUSDT": {
        "first_price_month": "2020-01",
        "last_price_month": "2026-06",
        "active_month_count": 78,
        "price_active_month_share": 1.0,
        "funding_active_month_share": 1.0,
        "development_price_months": 36,
        "latest_required": false,
        "latest_present": true,
        "rows": 2363,
        "timestamp_min": "2020-01-06T00:00:00+00:00",
        "timestamp_max": "2026-06-30T00:00:00+00:00",
        "passed": true
      },
      "ADAUSDT": {
        "first_price_month": "2020-01",
        "last_price_month": "2026-06",
        "active_month_count": 78,
        "price_active_month_share": 1.0,
        "funding_active_month_share": 1.0,
        "development_price_months": 36,
        "latest_required": false,
        "latest_present": true,
        "rows": 2343,
        "timestamp_min": "2020-01-31T00:00:00+00:00",
        "timestamp_max": "2026-06-30T00:00:00+00:00",
        "passed": true
      },
      "LTCUSDT": {
        "first_price_month": "2020-01",
        "last_price_month": "2026-06",
        "active_month_count": 78,
        "price_active_month_share": 1.0,
        "funding_active_month_share": 1.0,
        "development_price_months": 36,
        "latest_required": false,
        "latest_present": true,
        "rows": 2360,
        "timestamp_min": "2020-01-09T00:00:00+00:00",
        "timestamp_max": "2026-06-30T00:00:00+00:00",
        "passed": true
      },
      "BCHUSDT": {
        "first_price_month": "2020-01",
        "last_price_month": "2026-06",
        "active_month_count": 78,
        "price_active_month_share": 1.0,
        "funding_active_month_share": 1.0,
        "development_price_months": 36,
        "latest_required": false,
        "latest_present": true,
        "rows": 2373,
        "timestamp_min": "2020-01-01T00:00:00+00:00",
        "timestamp_max": "2026-06-30T00:00:00+00:00",
        "passed": true
      },
      "EOSUSDT": {
        "first_price_month": "2020-01",
        "last_price_month": "2025-05",
        "active_month_count": 65,
        "price_active_month_share": 1.0,
        "funding_active_month_share": 1.0,
        "development_price_months": 36,
        "latest_required": false,
        "latest_present": false,
        "rows": 1961,
        "timestamp_min": "2020-01-08T00:00:00+00:00",
        "timestamp_max": "2025-05-21T00:00:00+00:00",
        "passed": true
      },
      "DOGEUSDT": {
        "first_price_month": "2020-07",
        "last_price_month": "2026-06",
        "active_month_count": 72,
        "price_active_month_share": 1.0,
        "funding_active_month_share": 1.0,
        "development_price_months": 36,
        "latest_required": false,
        "latest_present": true,
        "rows": 2182,
        "timestamp_min": "2020-07-10T00:00:00+00:00",
        "timestamp_max": "2026-06-30T00:00:00+00:00",
        "passed": true
      },
      "LINKUSDT": {
        "first_price_month": "2020-01",
        "last_price_month": "2026-06",
        "active_month_count": 78,
        "price_active_month_share": 1.0,
        "funding_active_month_share": 1.0,
        "development_price_months": 36,
        "latest_required": false,
        "latest_present": true,
        "rows": 2357,
        "timestamp_min": "2020-01-17T00:00:00+00:00",
        "timestamp_max": "2026-06-30T00:00:00+00:00",
        "passed": true
      },
      "DOTUSDT": {
        "first_price_month": "2020-08",
        "last_price_month": "2026-06",
        "active_month_count": 71,
        "price_active_month_share": 1.0,
        "funding_active_month_share": 1.0,
        "development_price_months": 36,
        "latest_required": false,
        "latest_present": true,
        "rows": 2139,
        "timestamp_min": "2020-08-22T00:00:00+00:00",
        "timestamp_max": "2026-06-30T00:00:00+00:00",
        "passed": true
      },
      "TRXUSDT": {
        "first_price_month": "2020-01",
        "last_price_month": "2026-06",
        "active_month_count": 78,
        "price_active_month_share": 1.0,
        "funding_active_month_share": 1.0,
        "development_price_months": 36,
        "latest_required": false,
        "latest_present": true,
        "rows": 2354,
        "timestamp_min": "2020-01-15T00:00:00+00:00",
        "timestamp_max": "2026-06-30T00:00:00+00:00",
        "passed": true
      },
      "SOLUSDT": {
        "first_price_month": "2020-09",
        "last_price_month": "2026-06",
        "active_month_count": 70,
        "price_active_month_share": 1.0,
        "funding_active_month_share": 1.0,
        "development_price_months": 36,
        "latest_required": false,
        "latest_present": true,
        "rows": 2111,
        "timestamp_min": "2020-09-14T00:00:00+00:00",
        "timestamp_max": "2026-06-30T00:00:00+00:00",
        "passed": true
      }
    },
    "passed": true,
    "survivor_replacement_permitted": false
  },
  "development_diagnostics": [
    {
      "policy": "stable_quote_liquidity_l120_k3_r28_dollar",
      "family": "stable_quote_liquidity",
      "lookback_days": 120,
      "long_short_k": 3,
      "rebalance_days": 28,
      "neutralization": "dollar",
      "promotable_family": true,
      "eligible_development": false,
      "all_development_years_positive": false,
      "long_leg_pnl": 6897.549422363004,
      "short_leg_pnl": -6581.928939678981,
      "symbol_count_traded": 13,
      "symbols_traded": "ADAUSDT+BCHUSDT+BNBUSDT+BTCUSDT+DOGEUSDT+DOTUSDT+EOSUSDT+ETHUSDT+LINKUSDT+LTCUSDT+SOLUSDT+TRXUSDT+XRPUSDT",
      "top_positive_asset_pnl_share": 0.45302025984773325,
      "asset_pnl_json": "{\"ADAUSDT\": 2450.182623274625, \"BCHUSDT\": -161.0971670966263, \"BNBUSDT\": 327.0929407181708, \"BTCUSDT\": -564.5923516663979, \"DOGEUSDT\": -3438.624780516424, \"DOTUSDT\": -839.9312191879504, \"EOSUSDT\": 607.7440711996809, \"ETHUSDT\": 802.6118051796857, \"LINKUSDT\": 276.3582965214559, \"LTCUSDT\": 8.01886383961386, \"SOLUSDT\": 3703.8126819496083, \"TRXUSDT\": -2241.943684840049, \"XRPUSDT\": -614.0115966913286}",
      "score": -0.02479271440561789,
      "development_total_return": 0.03156204826840159,
      "development_cagr": 0.010428425398565144,
      "development_max_drawdown": -0.3721362831405278,
      "development_sharpe": 0.19923851556883632,
      "development_annual_turnover": 5.038193522899756,
      "development_average_gross": 0.5631683875964162,
      "development_max_gross": 1.064183246679908,
      "development_costs": 430.39929976988736,
      "development_funding_pnl": -17.772351847654107,
      "development_rebalance_events": 55,
      "development_forced_exits": 1
    },
    {
      "policy": "stable_quote_liquidity_l120_k3_r28_beta",
      "family": "stable_quote_liquidity",
      "lookback_days": 120,
      "long_short_k": 3,
      "rebalance_days": 28,
      "neutralization": "beta",
      "promotable_family": true,
      "eligible_development": false,
      "all_development_years_positive": false,
      "long_leg_pnl": 6068.38482794468,
      "short_leg_pnl": -7043.041828239482,
      "symbol_count_traded": 13,
      "symbols_traded": "ADAUSDT+BCHUSDT+BNBUSDT+BTCUSDT+DOGEUSDT+DOTUSDT+EOSUSDT+ETHUSDT+LINKUSDT+LTCUSDT+SOLUSDT+TRXUSDT+XRPUSDT",
      "top_positive_asset_pnl_share": 0.4505606311309179,
      "asset_pnl_json": "{\"ADAUSDT\": 2081.172323310278, \"BCHUSDT\": -114.79474159562345, \"BNBUSDT\": 311.50577273510663, \"BTCUSDT\": -300.6121204909384, \"DOGEUSDT\": -3841.5825830331464, \"DOTUSDT\": -595.4574946846194, \"EOSUSDT\": 512.0535398158572, \"ETHUSDT\": 635.3376194241632, \"LINKUSDT\": 238.14196545028852, \"LTCUSDT\": 4.8179957718903355, \"SOLUSDT\": 3102.2240632023136, \"TRXUSDT\": -2379.4082404725027, \"XRPUSDT\": -628.0550997278798}",
      "score": -0.09104557652726925,
      "development_total_return": -0.09746570002948607,
      "development_cagr": -0.03365738948543262,
      "development_max_drawdown": -0.46774425555664234,
      "development_sharpe": 0.023271101573487996,
      "development_annual_turnover": 5.310284938897656,
      "development_average_gross": 0.5771149833714504,
      "development_max_gross": 1.118584906727557,
      "development_costs": 389.80059554722743,
      "development_funding_pnl": 87.51134247811544,
      "development_rebalance_events": 57,
      "development_forced_exits": 1
    },
    {
      "policy": "stable_quote_liquidity_l120_k3_r14_dollar",
      "family": "stable_quote_liquidity",
      "lookback_days": 120,
      "long_short_k": 3,
      "rebalance_days": 14,
      "neutralization": "dollar",
      "promotable_family": true,
      "eligible_development": false,
      "all_development_years_positive": false,
      "long_leg_pnl": 5900.997540870884,
      "short_leg_pnl": -8867.792549382752,
      "symbol_count_traded": 13,
      "symbols_traded": "ADAUSDT+BCHUSDT+BNBUSDT+BTCUSDT+DOGEUSDT+DOTUSDT+EOSUSDT+ETHUSDT+LINKUSDT+LTCUSDT+SOLUSDT+TRXUSDT+XRPUSDT",
      "top_positive_asset_pnl_share": 0.36113191401115813,
      "asset_pnl_json": "{\"ADAUSDT\": 2039.3033188638708, \"BCHUSDT\": -178.03068097793246, \"BNBUSDT\": 162.856795508508, \"BTCUSDT\": -271.1564505476519, \"DOGEUSDT\": -4788.435896284338, \"DOTUSDT\": -735.7188186942894, \"EOSUSDT\": 384.07239461452184, \"ETHUSDT\": 816.8692211898051, \"LINKUSDT\": 699.2653201649634, \"LTCUSDT\": -13.959737835113543, \"SOLUSDT\": 2318.93828688145, \"TRXUSDT\": -2509.262464110559, \"XRPUSDT\": -891.5362972851328}",
      "score": -0.1932277782212154,
      "development_total_return": -0.2966795008511871,
      "development_cagr": -0.1108589933448727,
      "development_max_drawdown": -0.472011113300821,
      "development_sharpe": -0.3696251545877806,
      "development_annual_turnover": 7.099884009954643,
      "development_average_gross": 0.5737448424319126,
      "development_max_gross": 0.9602892320344096,
      "development_costs": 459.3389622837776,
      "development_funding_pnl": -91.36699636178619,
      "development_rebalance_events": 76,
      "development_forced_exits": 1
    },
    {
      "policy": "stable_quote_liquidity_l120_k3_r7_dollar",
      "family": "stable_quote_liquidity",
      "lookback_days": 120,
      "long_short_k": 3,
      "rebalance_days": 7,
      "neutralization": "dollar",
      "promotable_family": true,
      "eligible_development": false,
      "all_development_years_positive": false,
      "long_leg_pnl": 5483.178465550832,
      "short_leg_pnl": -8866.194448672844,
      "symbol_count_traded": 13,
      "symbols_traded": "ADAUSDT+BCHUSDT+BNBUSDT+BTCUSDT+DOGEUSDT+DOTUSDT+EOSUSDT+ETHUSDT+LINKUSDT+LTCUSDT+SOLUSDT+TRXUSDT+XRPUSDT",
      "top_positive_asset_pnl_share": 0.3559292375443249,
      "asset_pnl_json": "{\"ADAUSDT\": 913.8464420923682, \"BCHUSDT\": -335.22461677146794, \"BNBUSDT\": -253.29725172882496, \"BTCUSDT\": -510.61391893346115, \"DOGEUSDT\": -4614.632832414995, \"DOTUSDT\": -591.8405209212549, \"EOSUSDT\": 804.3418222132218, \"ETHUSDT\": 987.6039758611282, \"LINKUSDT\": 951.8248973196795, \"LTCUSDT\": 157.99528281583454, \"SOLUSDT\": 2108.6006362791436, \"TRXUSDT\": -2103.972990641682, \"XRPUSDT\": -897.6469082917328}",
      "score": -0.21980726759024835,
      "development_total_return": -0.3383015983122003,
      "development_cagr": -0.12878442282812197,
      "development_max_drawdown": -0.4954287061253563,
      "development_sharpe": -0.4478990003854683,
      "development_annual_turnover": 9.394920007911098,
      "development_average_gross": 0.5779468680244113,
      "development_max_gross": 1.0641832466799075,
      "development_costs": 597.2371389640919,
      "development_funding_pnl": -92.90049517656884,
      "development_rebalance_events": 102,
      "development_forced_exits": 1
    },
    {
      "policy": "stable_quote_liquidity_l60_k2_r28_dollar",
      "family": "stable_quote_liquidity",
      "lookback_days": 60,
      "long_short_k": 2,
      "rebalance_days": 28,
      "neutralization": "dollar",
      "promotable_family": true,
      "eligible_development": false,
      "all_development_years_positive": false,
      "long_leg_pnl": 5434.551018964167,
      "short_leg_pnl": -8984.984579366455,
      "symbol_count_traded": 13,
      "symbols_traded": "ADAUSDT+BCHUSDT+BNBUSDT+BTCUSDT+DOGEUSDT+DOTUSDT+EOSUSDT+ETHUSDT+LINKUSDT+LTCUSDT+SOLUSDT+TRXUSDT+XRPUSDT",
      "top_positive_asset_pnl_share": 0.4019387441050743,
      "asset_pnl_json": "{\"ADAUSDT\": 844.03400614326, \"BCHUSDT\": 480.55802393947846, \"BNBUSDT\": 541.4497743811336, \"BTCUSDT\": -677.6228988840294, \"DOGEUSDT\": -6012.838781819971, \"DOTUSDT\": -1273.7696123347182, \"EOSUSDT\": 1574.9067814502637, \"ETHUSDT\": 800.1084788395756, \"LINKUSDT\": -937.140502131254, \"LTCUSDT\": 417.76585366436115, \"SOLUSDT\": 3567.782944212306, \"TRXUSDT\": -3525.496288000361, \"XRPUSDT\": 649.8286601376503}",
      "score": -0.22465494527106789,
      "development_total_return": -0.3550433560402313,
      "development_cagr": -0.13620652537651146,
      "development_max_drawdown": -0.5395512274332694,
      "development_sharpe": -0.3215120353967048,
      "development_annual_turnover": 8.823100957523584,
      "development_average_gross": 0.5689188262039625,
      "development_max_gross": 1.4174751709893612,
      "development_costs": 517.4958078885306,
      "development_funding_pnl": -136.48448058954727,
      "development_rebalance_events": 63,
      "development_forced_exits": 1
    },
    {
      "policy": "stable_quote_liquidity_l120_k2_r28_dollar",
      "family": "stable_quote_liquidity",
      "lookback_days": 120,
      "long_short_k": 2,
      "rebalance_days": 28,
      "neutralization": "dollar",
      "promotable_family": true,
      "eligible_development": false,
      "all_development_years_positive": false,
      "long_leg_pnl": 4072.287240153898,
      "short_leg_pnl": -7820.156698096671,
      "symbol_count_traded": 13,
      "symbols_traded": "ADAUSDT+BCHUSDT+BNBUSDT+BTCUSDT+DOGEUSDT+DOTUSDT+EOSUSDT+ETHUSDT+LINKUSDT+LTCUSDT+SOLUSDT+TRXUSDT+XRPUSDT",
      "top_positive_asset_pnl_share": 0.39245770340202,
      "asset_pnl_json": "{\"ADAUSDT\": 236.7875914085517, \"BCHUSDT\": 84.24538947567845, \"BNBUSDT\": 73.92775266760371, \"BTCUSDT\": -639.925242826223, \"DOGEUSDT\": -4965.573245442493, \"DOTUSDT\": -619.6275229318939, \"EOSUSDT\": 741.82005119314, \"ETHUSDT\": 1110.436584628409, \"LINKUSDT\": 734.2060287799784, \"LTCUSDT\": -11.181059203327742, \"SOLUSDT\": 2281.3046631519965, \"TRXUSDT\": -3324.429973973011, \"XRPUSDT\": 550.1395251288101}",
      "score": -0.23140719617263833,
      "development_total_return": -0.3747869457942782,
      "development_cagr": -0.1451262456216591,
      "development_max_drawdown": -0.5168444608732063,
      "development_sharpe": -0.35281158968672494,
      "development_annual_turnover": 6.181839729981917,
      "development_average_gross": 0.5677822126145704,
      "development_max_gross": 1.4173830492844999,
      "development_costs": 358.90675782928486,
      "development_funding_pnl": -198.93675185270024,
      "development_rebalance_events": 58,
      "development_forced_exits": 1
    },
    {
      "policy": "stable_quote_liquidity_l120_k2_r28_beta",
      "family": "stable_quote_liquidity",
      "lookback_days": 120,
      "long_short_k": 2,
      "rebalance_days": 28,
      "neutralization": "beta",
      "promotable_family": true,
      "eligible_development": false,
      "all_development_years_positive": false,
      "long_leg_pnl": 3750.770853385476,
      "short_leg_pnl": -7887.039199587559,
      "symbol_count_traded": 13,
      "symbols_traded": "ADAUSDT+BCHUSDT+BNBUSDT+BTCUSDT+DOGEUSDT+DOTUSDT+EOSUSDT+ETHUSDT+LINKUSDT+LTCUSDT+SOLUSDT+TRXUSDT+XRPUSDT",
      "top_positive_asset_pnl_share": 0.3753341399147718,
      "asset_pnl_json": "{\"ADAUSDT\": 364.7400958180989, \"BCHUSDT\": 62.8957565827754, \"BNBUSDT\": 114.10372991970657, \"BTCUSDT\": -577.223087541312, \"DOGEUSDT\": -5310.060670781254, \"DOTUSDT\": -540.6594004799839, \"EOSUSDT\": 722.2742566997549, \"ETHUSDT\": 1047.5494508905983, \"LINKUSDT\": 558.4286312627387, \"LTCUSDT\": -11.365442526931798, \"SOLUSDT\": 2011.3238654324814, \"TRXUSDT\": -3055.71518846, \"XRPUSDT\": 477.4396569812536}",
      "score": -0.25500900592615244,
      "development_total_return": -0.4136268346202101,
      "development_cagr": -0.1632366060275785,
      "development_max_drawdown": -0.5417526139503817,
      "development_sharpe": -0.3933661243823533,
      "development_annual_turnover": 6.320237523173945,
      "development_average_gross": 0.568185482477166,
      "development_max_gross": 1.4964895589559852,
      "development_costs": 343.8246790948236,
      "development_funding_pnl": -153.97049596439533,
      "development_rebalance_events": 59,
      "development_forced_exits": 1
    },
    {
      "policy": "stable_quote_liquidity_l120_k3_r14_beta",
      "family": "stable_quote_liquidity",
      "lookback_days": 120,
      "long_short_k": 3,
      "rebalance_days": 14,
      "neutralization": "beta",
      "promotable_family": true,
      "eligible_development": false,
      "all_development_years_positive": false,
      "long_leg_pnl": 4994.951400380468,
      "short_leg_pnl": -8952.455214416808,
      "symbol_count_traded": 13,
      "symbols_traded": "ADAUSDT+BCHUSDT+BNBUSDT+BTCUSDT+DOGEUSDT+DOTUSDT+EOSUSDT+ETHUSDT+LINKUSDT+LTCUSDT+SOLUSDT+TRXUSDT+XRPUSDT",
      "top_positive_asset_pnl_share": 0.3679312073295667,
      "asset_pnl_json": "{\"ADAUSDT\": 1736.5415281131825, \"BCHUSDT\": -169.32932963139643, \"BNBUSDT\": 137.06093426147183, \"BTCUSDT\": -191.99785798373176, \"DOGEUSDT\": -4962.654410245625, \"DOTUSDT\": -570.8399304015946, \"EOSUSDT\": 284.40204980174707, \"ETHUSDT\": 656.4594081110405, \"LINKUSDT\": 541.4851600462559, \"LTCUSDT\": -16.627333995397805, \"SOLUSDT\": 1953.5190017007233, \"TRXUSDT\": -2471.8945430318645, \"XRPUSDT\": -883.6284907811292}",
      "score": -0.2552936844979032,
      "development_total_return": -0.39575038140363117,
      "development_cagr": -0.15480490058349972,
      "development_max_drawdown": -0.5347593472527491,
      "development_sharpe": -0.5441247268372896,
      "development_annual_turnover": 7.34035726767235,
      "development_average_gross": 0.577521831910033,
      "development_max_gross": 0.9877523003939557,
      "development_costs": 410.4674261121487,
      "development_funding_pnl": -10.796381464911093,
      "development_rebalance_events": 77,
      "development_forced_exits": 1
    },
    {
      "policy": "stable_quote_liquidity_l30_k3_r28_dollar",
      "family": "stable_quote_liquidity",
      "lookback_days": 30,
      "long_short_k": 3,
      "rebalance_days": 28,
      "neutralization": "dollar",
      "promotable_family": true,
      "eligible_development": false,
      "all_development_years_positive": false,
      "long_leg_pnl": 3270.1383730130588,
      "short_leg_pnl": -7335.294716782358,
      "symbol_count_traded": 13,
      "symbols_traded": "ADAUSDT+BCHUSDT+BNBUSDT+BTCUSDT+DOGEUSDT+DOTUSDT+EOSUSDT+ETHUSDT+LINKUSDT+LTCUSDT+SOLUSDT+TRXUSDT+XRPUSDT",
      "top_positive_asset_pnl_share": 0.37071201396523534,
      "asset_pnl_json": "{\"ADAUSDT\": 250.89407415590486, \"BCHUSDT\": 1110.281460953076, \"BNBUSDT\": -560.987819790274, \"BTCUSDT\": 72.43346028830922, \"DOGEUSDT\": -4110.600223887336, \"DOTUSDT\": 287.66554038791446, \"EOSUSDT\": 62.51752163433946, \"ETHUSDT\": 899.2990854704492, \"LINKUSDT\": -43.15286973120084, \"LTCUSDT\": -13.381626386476317, \"SOLUSDT\": 1580.6024321241139, \"TRXUSDT\": -2219.087064353725, \"XRPUSDT\": -1381.6403146343805}",
      "score": -0.266297769652487,
      "development_total_return": -0.4065156343769286,
      "development_cagr": -0.15986226125300407,
      "development_max_drawdown": -0.537502512946888,
      "development_sharpe": -0.6082012660539096,
      "development_annual_turnover": 10.886261765243649,
      "development_average_gross": 0.5879294948658521,
      "development_max_gross": 1.1425990807457298,
      "development_costs": 581.3306180365,
      "development_funding_pnl": 23.9602595226486,
      "development_rebalance_events": 65,
      "development_forced_exits": 1
    },
    {
      "policy": "stable_quote_liquidity_l60_k3_r28_dollar",
      "family": "stable_quote_liquidity",
      "lookback_days": 60,
      "long_short_k": 3,
      "rebalance_days": 28,
      "neutralization": "dollar",
      "promotable_family": true,
      "eligible_development": false,
      "all_development_years_positive": false,
      "long_leg_pnl": 4225.415226968201,
      "short_leg_pnl": -8406.741140590344,
      "symbol_count_traded": 13,
      "symbols_traded": "ADAUSDT+BCHUSDT+BNBUSDT+BTCUSDT+DOGEUSDT+DOTUSDT+EOSUSDT+ETHUSDT+LINKUSDT+LTCUSDT+SOLUSDT+TRXUSDT+XRPUSDT",
      "top_positive_asset_pnl_share": 0.3608194913287863,
      "asset_pnl_json": "{\"ADAUSDT\": 1966.9474862665527, \"BCHUSDT\": -241.95715972277304, \"BNBUSDT\": -83.87430166497128, \"BTCUSDT\": -603.3469263031196, \"DOGEUSDT\": -4010.778950564014, \"DOTUSDT\": -718.4496672365711, \"EOSUSDT\": 1082.3575205859877, \"ETHUSDT\": 275.7750703002867, \"LINKUSDT\": -516.8277688005074, \"LTCUSDT\": 194.52488798179743, \"SOLUSDT\": 1986.8285343028003, \"TRXUSDT\": -2308.5642821661627, \"XRPUSDT\": -1203.960356601485}",
      "score": -0.26786227641560617,
      "development_total_return": -0.4181325913622177,
      "development_cagr": -0.16538876901493682,
      "development_max_drawdown": -0.4966173015057891,
      "development_sharpe": -0.6483143742551681,
      "development_annual_turnover": 7.961137529329126,
      "development_average_gross": 0.5792823859447824,
      "development_max_gross": 1.143277068356703,
      "development_costs": 485.0764701843048,
      "development_funding_pnl": -48.5595973372548,
      "development_rebalance_events": 66,
      "development_forced_exits": 1
    },
    {
      "policy": "stable_quote_liquidity_l30_k3_r7_dollar",
      "family": "stable_quote_liquidity",
      "lookback_days": 30,
      "long_short_k": 3,
      "rebalance_days": 7,
      "neutralization": "dollar",
      "promotable_family": true,
      "eligible_development": false,
      "all_development_years_positive": false,
      "long_leg_pnl": 5572.095460576865,
      "short_leg_pnl": -9757.96498645029,
      "symbol_count_traded": 13,
      "symbols_traded": "ADAUSDT+BCHUSDT+BNBUSDT+BTCUSDT+DOGEUSDT+DOTUSDT+EOSUSDT+ETHUSDT+LINKUSDT+LTCUSDT+SOLUSDT+TRXUSDT+XRPUSDT",
      "top_positive_asset_pnl_share": 0.2596866707703546,
      "asset_pnl_json": "{\"ADAUSDT\": 132.74572258208363, \"BCHUSDT\": 1296.065328159797, \"BNBUSDT\": 572.6451217491988, \"BTCUSDT\": -199.8216440406572, \"DOGEUSDT\": -5481.211765444643, \"DOTUSDT\": 273.94321979592206, \"EOSUSDT\": -24.481729235623906, \"ETHUSDT\": 1481.8028613768852, \"LINKUSDT\": 385.0410790508138, \"LTCUSDT\": 227.2664809471416, \"SOLUSDT\": 1336.6084748939418, \"TRXUSDT\": -1808.3496864358376, \"XRPUSDT\": -2378.1229892724955}",
      "score": -0.2768991087641527,
      "development_total_return": -0.41858695258734724,
      "development_cagr": -0.1656064088690109,
      "development_max_drawdown": -0.5364812074700283,
      "development_sharpe": -0.6052326321250606,
      "development_annual_turnover": 21.20199414246949,
      "development_average_gross": 0.5991301941922675,
      "development_max_gross": 1.14259908074573,
      "development_costs": 1196.0688908185234,
      "development_funding_pnl": 30.744058026350828,
      "development_rebalance_events": 162,
      "development_forced_exits": 1
    },
    {
      "policy": "stable_quote_liquidity_l60_k2_r28_beta",
      "family": "stable_quote_liquidity",
      "lookback_days": 60,
      "long_short_k": 2,
      "rebalance_days": 28,
      "neutralization": "beta",
      "promotable_family": true,
      "eligible_development": false,
      "all_development_years_positive": false,
      "long_leg_pnl": 4569.837385946327,
      "short_leg_pnl": -9142.489999611456,
      "symbol_count_traded": 13,
      "symbols_traded": "ADAUSDT+BCHUSDT+BNBUSDT+BTCUSDT+DOGEUSDT+DOTUSDT+EOSUSDT+ETHUSDT+LINKUSDT+LTCUSDT+SOLUSDT+TRXUSDT+XRPUSDT",
      "top_positive_asset_pnl_share": 0.3578982166370756,
      "asset_pnl_json": "{\"ADAUSDT\": 762.1855912602817, \"BCHUSDT\": 405.7840304552389, \"BNBUSDT\": 512.655085035601, \"BTCUSDT\": -599.9465504662087, \"DOGEUSDT\": -6460.32669675421, \"DOTUSDT\": -722.7473172282281, \"EOSUSDT\": 1270.456897379127, \"ETHUSDT\": 653.1238748808853, \"LINKUSDT\": -607.7824576173164, \"LTCUSDT\": 290.2873804257278, \"SOLUSDT\": 2465.9410500691483, \"TRXUSDT\": -3071.912004426786, \"XRPUSDT\": 529.6285033216013}",
      "score": -0.2852980342839405,
      "development_total_return": -0.4572652613665117,
      "development_cagr": -0.18456470499394495,
      "development_max_drawdown": -0.5791523245102188,
      "development_sharpe": -0.44632361029605205,
      "development_annual_turnover": 8.91126746201241,
      "development_average_gross": 0.5512895348032243,
      "development_max_gross": 1.5835472875651544,
      "development_costs": 442.9071971923541,
      "development_funding_pnl": -28.150553538011977,
      "development_rebalance_events": 63,
      "development_forced_exits": 1
    }
  ],
  "limitations": [
    "Daily quote volume is an exchange-reported liquidity proxy, not executable order-book depth.",
    "Public daily archives are not executable bid/ask or queue observations.",
    "Fixed universe includes delisted names; forced exits carry a 100 bps penalty.",
    "Program-level holdout is not pristine."
  ],
  "data_manifest_sha256": "226cfe9ffb484f269b92cb983e1cf3e26a43720690c4c220746e5d7bdaa24a8a"
}
