{
  "program": "V477_V484_FRONTIER_OOS_AUDIT",
  "status": "frontier_oos_audit_complete_no_capital_authority",
  "oos_opened_for_diagnostic_only": true,
  "selection_performed": false,
  "component_history_already_known_before_cycle": true,
  "input_sha256": {
    "v285": "feed96a18b4d6cd2a203e52341941ada04a03062c41d1196c904fb1b415fbfba",
    "v365": "39d144552a8209a9d3eb09c4206346cd0f5449fa9d8699ede41fb577fdfc80d7",
    "v469_source": "87e255bb99fb44e6351eb1f7fe4d392979d3cb4fafecfbefbf01b927414b0159"
  },
  "leaders": {
    "full_cagr": {
      "model": "static_40_60",
      "value": 0.1033655961716573
    },
    "full_sharpe": {
      "model": "persistent_budget",
      "value": 1.5631830024815638
    },
    "max_drawdown": {
      "model": "persistent_budget",
      "value": -0.07842264560762702
    }
  },
  "all_oos_periods_positive": [],
  "diagnostic_robustness_passes": [],
  "period_metrics": [
    {
      "model": "V285_raw",
      "period": "development_2021_2023",
      "total_return": 0.681823050386277,
      "cagr": 0.1895397001892858,
      "sharpe": 1.5931291500663018,
      "max_drawdown": -0.07742144395515604,
      "annual_turnover": 5.20514639052662,
      "annual_meta_turnover": 0.667719378427788,
      "average_gross": 0.4708348968574554,
      "max_gross": 0.5895490492452801,
      "average_risky_budget": 1.0,
      "max_risky_budget": 1.0,
      "final_equity": 16818.23050386277,
      "meta_cost": 10.0,
      "extra_underlying_cost": 0.0,
      "financing_drag": 0.0
    },
    {
      "model": "V285_raw",
      "period": "validation_2024",
      "total_return": 0.011465874171129764,
      "cagr": 0.011473535444515903,
      "sharpe": 0.155280800787125,
      "max_drawdown": -0.1284334846796289,
      "annual_turnover": 5.191582673799469,
      "annual_meta_turnover": 0.0,
      "average_gross": 0.5069345339368602,
      "max_gross": 0.5818344341450417,
      "average_risky_budget": 1.0,
      "max_risky_budget": 1.0,
      "final_equity": 17011.06621860112,
      "meta_cost": 0.0,
      "extra_underlying_cost": 0.0,
      "financing_drag": 0.0
    },
    {
      "model": "V285_raw",
      "period": "holdout_2025",
      "total_return": -0.03231351998742038,
      "cagr": -0.03242201324493932,
      "sharpe": -0.43253093359627565,
      "max_drawdown": -0.05877667882798543,
      "annual_turnover": 3.264726916978011,
      "annual_meta_turnover": 0.0,
      "average_gross": 0.48111486399848785,
      "max_gross": 0.5811024625389184,
      "average_risky_budget": 1.0,
      "max_risky_budget": 1.0,
      "final_equity": 16461.378790339022,
      "meta_cost": 0.0,
      "extra_underlying_cost": 0.0,
      "financing_drag": 0.0
    },
    {
      "model": "V285_raw",
      "period": "final_2026h1",
      "total_return": 0.042422664370509455,
      "cagr": 0.08796072428750201,
      "sharpe": 1.703926413007299,
      "max_drawdown": -0.01661449321108499,
      "annual_turnover": 4.731878012349347,
      "annual_meta_turnover": 0.0,
      "average_gross": 0.487067334997133,
      "max_gross": 0.5726774240905974,
      "average_risky_budget": 1.0,
      "max_risky_budget": 1.0,
      "final_equity": 17159.7143378374,
      "meta_cost": 0.0,
      "extra_underlying_cost": 0.0,
      "financing_drag": 0.0
    },
    {
      "model": "V285_raw",
      "period": "full",
      "total_return": 0.71597143378374,
      "cagr": 0.1033122086834255,
      "sharpe": 1.0052468201948541,
      "max_drawdown": -0.12843348467962923,
      "annual_turnover": 4.800327251832408,
      "annual_meta_turnover": 0.3641500498504487,
      "average_gross": 0.4807515518055474,
      "max_gross": 0.5895490492452801,
      "average_risky_budget": 1.0,
      "max_risky_budget": 1.0,
      "final_equity": 17159.7143378374,
      "meta_cost": 10.0,
      "extra_underlying_cost": 0.0,
      "financing_drag": 0.0
    },
    {
      "model": "V365_raw",
      "period": "development_2021_2023",
      "total_return": 0.8910941419296137,
      "cagr": 0.2370389265933992,
      "sharpe": 2.056390433034696,
      "max_drawdown": -0.04540227014248066,
      "annual_turnover": 14.738978867325978,
      "annual_meta_turnover": 0.667719378427788,
      "average_gross": 0.3218198840045966,
      "max_gross": 0.5289543004468745,
      "average_risky_budget": 1.0,
      "max_risky_budget": 1.0,
      "final_equity": 18910.941419296138,
      "meta_cost": 10.0,
      "extra_underlying_cost": 0.0,
      "financing_drag": 0.0
    },
    {
      "model": "V365_raw",
      "period": "validation_2024",
      "total_return": -0.10357961137714977,
      "cagr": -0.10364473175396804,
      "sharpe": -1.3535230560262057,
      "max_drawdown": -0.12978645256922883,
      "annual_turnover": 15.33538650959217,
      "annual_meta_turnover": 0.0,
      "average_gross": 0.32017396596739295,
      "max_gross": 0.5313769234705499,
      "average_risky_budget": 1.0,
      "max_risky_budget": 1.0,
      "final_equity": 16952.1534563094,
      "meta_cost": 0.0,
      "extra_underlying_cost": 0.0,
      "financing_drag": 0.0
    },
    {
      "model": "V365_raw",
      "period": "holdout_2025",
      "total_return": 0.0035663824828739976,
      "cagr": 0.0035785779487020886,
      "sharpe": 0.08949256447746134,
      "max_drawdown": -0.07309921660094287,
      "annual_turnover": 14.112497050081519,
      "annual_meta_turnover": 0.0,
      "average_gross": 0.3199814616941503,
      "max_gross": 0.4470116659729281,
      "average_risky_budget": 1.0,
      "max_risky_budget": 1.0,
      "final_equity": 17012.611319442974,
      "meta_cost": 0.0,
      "extra_underlying_cost": 0.0,
      "financing_drag": 0.0
    },
    {
      "model": "V365_raw",
      "period": "final_2026h1",
      "total_return": -0.0131584828314113,
      "cagr": -0.02651944623529745,
      "sharpe": -0.5629899625057835,
      "max_drawdown": -0.038457196403183236,
      "annual_turnover": 14.584011994193371,
      "annual_meta_turnover": 0.0,
      "average_gross": 0.34850028487935425,
      "max_gross": 0.4252060532478884,
      "average_risky_budget": 1.0,
      "max_risky_budget": 1.0,
      "final_equity": 16788.75116547861,
      "meta_cost": 0.0,
      "extra_underlying_cost": 0.0,
      "financing_drag": 0.0
    },
    {
      "model": "V365_raw",
      "period": "full",
      "total_return": 0.678875116547861,
      "cagr": 0.09893050583768392,
      "sharpe": 1.0903067187072686,
      "max_drawdown": -0.1519515665622333,
      "annual_turnover": 14.697871406799724,
      "annual_meta_turnover": 0.3641500498504487,
      "average_gross": 0.32359154439991383,
      "max_gross": 0.5313769234705499,
      "average_risky_budget": 1.0,
      "max_risky_budget": 1.0,
      "final_equity": 16788.75116547861,
      "meta_cost": 10.0,
      "extra_underlying_cost": 0.0,
      "financing_drag": 0.0
    },
    {
      "model": "static_40_60",
      "period": "development_2021_2023",
      "total_return": 0.8204707679247509,
      "cagr": 0.22141950902895458,
      "sharpe": 2.640682939393805,
      "max_drawdown": -0.03109170752669077,
      "annual_turnover": 10.925445876606233,
      "annual_meta_turnover": 0.667719378427788,
      "average_gross": 0.38142588914574016,
      "max_gross": 0.530527201859801,
      "average_risky_budget": 1.0,
      "max_risky_budget": 1.0,
      "final_equity": 18204.70767924751,
      "meta_cost": 10.0,
      "extra_underlying_cost": 0.0,
      "financing_drag": 0.0
    },
    {
      "model": "static_40_60",
      "period": "validation_2024",
      "total_return": -0.056216394560722915,
      "cagr": -0.05625267304714077,
      "sharpe": -1.0452741362123994,
      "max_drawdown": -0.0842741977850745,
      "annual_turnover": 11.277864975275092,
      "annual_meta_turnover": 0.0,
      "average_gross": 0.3948781931551798,
      "max_gross": 0.5353346982323217,
      "average_risky_budget": 1.0,
      "max_risky_budget": 1.0,
      "final_equity": 17181.304649488313,
      "meta_cost": 0.0,
      "extra_underlying_cost": 0.0,
      "financing_drag": 0.0
    },
    {
      "model": "static_40_60",
      "period": "holdout_2025",
      "total_return": -0.009872223826393745,
      "cagr": -0.009905754825492719,
      "sharpe": -0.2041769158821279,
      "max_drawdown": -0.059687632556237546,
      "annual_turnover": 9.773388996840115,
      "annual_meta_turnover": 0.0,
      "average_gross": 0.3844348226158853,
      "max_gross": 0.4822500779749369,
      "average_risky_budget": 1.0,
      "max_risky_budget": 1.0,
      "final_equity": 17011.6869643591,
      "meta_cost": 0.0,
      "extra_underlying_cost": 0.0,
      "financing_drag": 0.0
    },
    {
      "model": "static_40_60",
      "period": "final_2026h1",
      "total_return": 0.008969612855616482,
      "cagr": 0.018284475894847274,
      "sharpe": 0.5360593696363426,
      "max_drawdown": -0.017125129728236987,
      "annual_turnover": 10.64315840145576,
      "annual_meta_turnover": 0.0,
      "average_gross": 0.40392710492646583,
      "max_gross": 0.4726459950284879,
      "average_risky_budget": 1.0,
      "max_risky_budget": 1.0,
      "final_equity": 17164.27521045034,
      "meta_cost": 0.0,
      "extra_underlying_cost": 0.0,
      "financing_drag": 0.0
    },
    {
      "model": "static_40_60",
      "period": "full",
      "total_return": 0.7164275210450342,
      "cagr": 0.1033655961716573,
      "sharpe": 1.5427196954663536,
      "max_drawdown": -0.08620251785698263,
      "annual_turnover": 10.738853744812795,
      "annual_meta_turnover": 0.3641500498504487,
      "average_gross": 0.38645554736216725,
      "max_gross": 0.5353346982323217,
      "average_risky_budget": 1.0,
      "max_risky_budget": 1.0,
      "final_equity": 17164.27521045034,
      "meta_cost": 10.0,
      "extra_underlying_cost": 0.0,
      "financing_drag": 0.0
    },
    {
      "model": "persistent_budget",
      "period": "development_2021_2023",
      "total_return": 0.790218521655754,
      "cagr": 0.21460519392416533,
      "sharpe": 2.6401385393530377,
      "max_drawdown": -0.029092555975313683,
      "annual_turnover": 10.92965739655081,
      "annual_meta_turnover": 1.0896273221271715,
      "average_gross": 0.36528398394789874,
      "max_gross": 0.5119867614338651,
      "average_risky_budget": 0.9581640524794859,
      "max_risky_budget": 1.0,
      "final_equity": 17902.18521655754,
      "meta_cost": 16.31864159301184,
      "extra_underlying_cost": 0.0,
      "financing_drag": 0.0
    },
    {
      "model": "persistent_budget",
      "period": "validation_2024",
      "total_return": -0.05207404459095877,
      "cagr": -0.052107724268845246,
      "sharpe": -1.0281349776149895,
      "max_drawdown": -0.0774546536676799,
      "annual_turnover": 10.904150150993354,
      "annual_meta_turnover": 0.3228890814567711,
      "average_gross": 0.37098334585174225,
      "max_gross": 0.49698337070759663,
      "average_risky_budget": 0.9392472749145788,
      "max_risky_budget": 0.9782545143192845,
      "final_equity": 16969.94602531492,
      "meta_cost": 1.613373508446052,
      "extra_underlying_cost": 0.0,
      "financing_drag": 0.0
    },
    {
      "model": "persistent_budget",
      "period": "holdout_2025",
      "total_return": -0.007530344259716104,
      "cagr": -0.007555951443988462,
      "sharpe": -0.16083254808500752,
      "max_drawdown": -0.05562600355947811,
      "annual_turnover": 9.791867098752908,
      "annual_meta_turnover": 0.5054779015052637,
      "average_gross": 0.36495722948952897,
      "max_gross": 0.473495437940458,
      "average_risky_budget": 0.9491851525978712,
      "max_risky_budget": 0.9904988209364323,
      "final_equity": 16842.156489675497,
      "meta_cost": 2.518791708904577,
      "extra_underlying_cost": 0.0,
      "financing_drag": 0.0
    },
    {
      "model": "persistent_budget",
      "period": "final_2026h1",
      "total_return": 0.007878321926651832,
      "cagr": 0.016050910801951312,
      "sharpe": 0.4927760151756539,
      "max_drawdown": -0.016767653286931306,
      "annual_turnover": 10.869029563682817,
      "annual_meta_turnover": 0.707724450962767,
      "average_gross": 0.38498397168262155,
      "max_gross": 0.45190493952401095,
      "average_risky_budget": 0.9530334913240851,
      "max_risky_budget": 0.9792031502276829,
      "final_equity": 16974.84442044021,
      "meta_cost": 1.7439153599772486,
      "extra_underlying_cost": 0.0,
      "financing_drag": 0.0
    },
    {
      "model": "persistent_budget",
      "period": "full",
      "total_return": 0.6974844420440212,
      "cagr": 0.10113837254215285,
      "sharpe": 1.5631830024815638,
      "max_drawdown": -0.07842264560762702,
      "annual_turnover": 10.696772154709933,
      "annual_meta_turnover": 0.8082209184746066,
      "average_gross": 0.36804053544739374,
      "max_gross": 0.5119867614338651,
      "average_risky_budget": 0.9526187258154736,
      "max_risky_budget": 1.0,
      "final_equity": 16974.84442044021,
      "meta_cost": 22.194722170339716,
      "extra_underlying_cost": 0.0,
      "financing_drag": 0.0
    },
    {
      "model": "vol22_budget",
      "period": "development_2021_2023",
      "total_return": 0.915661786999544,
      "cagr": 0.2423812228106479,
      "sharpe": 2.473207425242504,
      "max_drawdown": -0.04637700568404046,
      "annual_turnover": 13.418040464804559,
      "annual_meta_turnover": 0.8349578279896792,
      "average_gross": 0.47150324565766605,
      "max_gross": 0.6474819080456706,
      "average_risky_budget": 1.2341487509657652,
      "max_risky_budget": 1.25,
      "final_equity": 19156.61786999544,
      "meta_cost": 12.504621776226875,
      "extra_underlying_cost": 0.0,
      "financing_drag": 561.9711842065324
    },
    {
      "model": "vol22_budget",
      "period": "validation_2024",
      "total_return": -0.08865792836004827,
      "cagr": -0.08871413761445301,
      "sharpe": -1.3425914720503478,
      "max_drawdown": -0.11419118007852935,
      "annual_turnover": 14.097331219093864,
      "annual_meta_turnover": 0.0,
      "average_gross": 0.49359774144397484,
      "max_gross": 0.6691683727904021,
      "average_risky_budget": 1.25,
      "max_risky_budget": 1.25,
      "final_equity": 17458.231815256568,
      "meta_cost": 0.0,
      "extra_underlying_cost": 0.0,
      "financing_drag": 200.54794520547938
    },
    {
      "model": "vol22_budget",
      "period": "holdout_2025",
      "total_return": -0.032173816728337856,
      "cagr": -0.03228184879607343,
      "sharpe": -0.5687310441149892,
      "max_drawdown": -0.07922826098086366,
      "annual_turnover": 12.216736246050143,
      "annual_meta_turnover": 0.0,
      "average_gross": 0.4805435282698567,
      "max_gross": 0.6028125974686711,
      "average_risky_budget": 1.25,
      "max_risky_budget": 1.25,
      "final_equity": 16896.533864431665,
      "meta_cost": 0.0,
      "extra_underlying_cost": 0.0,
      "financing_drag": 199.99999999999997
    },
    {
      "model": "vol22_budget",
      "period": "final_2026h1",
      "total_return": 0.0011523218061497698,
      "cagr": 0.002339591419389331,
      "sharpe": 0.07509890957826419,
      "max_drawdown": -0.026685444637975286,
      "annual_turnover": 13.303948001819702,
      "annual_meta_turnover": 0.0,
      "average_gross": 0.5049088811580821,
      "max_gross": 0.5908074937856099,
      "average_risky_budget": 1.25,
      "max_risky_budget": 1.25,
      "final_equity": 16916.004108851994,
      "meta_cost": 0.0,
      "extra_underlying_cost": 0.0,
      "financing_drag": 99.1780821917808
    },
    {
      "model": "vol22_budget",
      "period": "full",
      "total_return": 0.6916004108851994,
      "cagr": 0.10044242268580761,
      "sharpe": 1.2797256501362766,
      "max_drawdown": -0.14058957219519075,
      "annual_turnover": 13.293352341652666,
      "annual_meta_turnover": 0.4553558643174023,
      "average_gross": 0.4801891991388887,
      "max_gross": 0.6691683727904021,
      "average_risky_budget": 1.241351710168168,
      "max_risky_budget": 1.25,
      "final_equity": 16916.004108851994,
      "meta_cost": 12.504621776226875,
      "extra_underlying_cost": 0.0,
      "financing_drag": 1061.6972116037923
    },
    {
      "model": "barbell_equal",
      "period": "development_2021_2023",
      "total_return": 0.8520879665794874,
      "cagr": 0.22846113711023674,
      "sharpe": 2.5533053623063915,
      "max_drawdown": -0.03770020925651374,
      "annual_turnover": 12.173848930677686,
      "annual_meta_turnover": 0.9622925750584252,
      "average_gross": 0.4183936148027824,
      "max_gross": 0.578025104442736,
      "average_risky_budget": 1.0961564017226255,
      "max_risky_budget": 1.1215822978786614,
      "final_equity": 18520.879665794873,
      "meta_cost": 14.41163168461936,
      "extra_underlying_cost": 0.0,
      "financing_drag": 280.9855921032662
    },
    {
      "model": "barbell_equal",
      "period": "validation_2024",
      "total_return": -0.07051292547035737,
      "cagr": -0.07055808006928577,
      "sharpe": -1.2076626898184326,
      "max_drawdown": -0.09407904254303112,
      "annual_turnover": 12.500740685043608,
      "annual_meta_turnover": 0.16144454072838554,
      "average_gross": 0.4322905436478585,
      "max_gross": 0.5830758717489993,
      "average_risky_budget": 1.0946236374572893,
      "max_risky_budget": 1.1141272571596423,
      "final_equity": 17214.918258275222,
      "meta_cost": 0.806686754223026,
      "extra_underlying_cost": 0.0,
      "financing_drag": 100.27397260273969
    },
    {
      "model": "barbell_equal",
      "period": "holdout_2025",
      "total_return": -0.01990778961405759,
      "cagr": -0.0199750608339182,
      "sharpe": -0.3927796370132345,
      "max_drawdown": -0.06749562769798512,
      "annual_turnover": 11.004301672401526,
      "annual_meta_turnover": 0.25273895075263186,
      "average_gross": 0.4227503788796928,
      "max_gross": 0.5355210667597854,
      "average_risky_budget": 1.0995925762989358,
      "max_risky_budget": 1.1202494104682161,
      "final_equity": 16872.20728736628,
      "meta_cost": 1.2593958544522885,
      "extra_underlying_cost": 0.0,
      "financing_drag": 99.99999999999999
    },
    {
      "model": "barbell_equal",
      "period": "final_2026h1",
      "total_return": 0.0045161456127904565,
      "cagr": 0.009185120152349624,
      "sharpe": 0.25625820004614797,
      "max_drawdown": -0.021425705235872394,
      "annual_turnover": 12.086488782751259,
      "annual_meta_turnover": 0.3538622254813835,
      "average_gross": 0.4449464264203518,
      "max_gross": 0.5213562166548105,
      "average_risky_budget": 1.101516745662043,
      "max_risky_budget": 1.1146015751138414,
      "final_equity": 16948.40463228521,
      "meta_cost": 0.8719576799886243,
      "extra_underlying_cost": 0.0,
      "financing_drag": 49.5890410958904
    },
    {
      "model": "barbell_equal",
      "period": "full",
      "total_return": 0.6948404632285208,
      "cagr": 0.1008258932370103,
      "sharpe": 1.4091039695616359,
      "max_drawdown": -0.10783884529469878,
      "annual_turnover": 11.9950622481813,
      "annual_meta_turnover": 0.6317883913960044,
      "average_gross": 0.42411486729314124,
      "max_gross": 0.5830758717489993,
      "average_risky_budget": 1.096985217991821,
      "max_risky_budget": 1.1215822978786614,
      "final_equity": 16948.40463228521,
      "meta_cost": 17.349671973283296,
      "extra_underlying_cost": 0.0,
      "financing_drag": 530.8486058018962
    },
    {
      "model": "barbell_static_vol_equal",
      "period": "development_2021_2023",
      "total_return": 0.8676194758461606,
      "cagr": 0.23189093368217661,
      "sharpe": 2.5539610118741023,
      "max_drawdown": -0.03844065976299338,
      "annual_turnover": 12.1717431707054,
      "annual_meta_turnover": 0.7513386032087336,
      "average_gross": 0.4264645674017031,
      "max_gross": 0.5827337172411036,
      "average_risky_budget": 1.1170743754828827,
      "max_risky_budget": 1.125,
      "final_equity": 18676.194758461606,
      "meta_cost": 11.25231088811344,
      "extra_underlying_cost": 0.0,
      "financing_drag": 280.9855921032662
    },
    {
      "model": "barbell_static_vol_equal",
      "period": "validation_2024",
      "total_return": -0.07255757955189357,
      "cagr": -0.07260399169370191,
      "sharpe": -1.2104504339001487,
      "max_drawdown": -0.09711420804752635,
      "annual_turnover": 12.687598097184479,
      "annual_meta_turnover": 0.0,
      "average_gross": 0.4442379672995773,
      "max_gross": 0.6022515355113619,
      "average_risky_budget": 1.125,
      "max_risky_budget": 1.125,
      "final_equity": 17321.095271547867,
      "meta_cost": 0.0,
      "extra_underlying_cost": 0.0,
      "financing_drag": 100.27397260273969
    },
    {
      "model": "barbell_static_vol_equal",
      "period": "holdout_2025",
      "total_return": -0.021071679703308588,
      "cagr": -0.021142841290068715,
      "sharpe": -0.40670698712260644,
      "max_drawdown": -0.06950548501009746,
      "annual_turnover": 10.995062621445129,
      "annual_meta_turnover": 0.0,
      "average_gross": 0.43248917544287097,
      "max_gross": 0.542531337721804,
      "average_risky_budget": 1.125,
      "max_risky_budget": 1.125,
      "final_equity": 16956.110699875317,
      "meta_cost": 0.0,
      "extra_underlying_cost": 0.0,
      "financing_drag": 99.99999999999999
    },
    {
      "model": "barbell_static_vol_equal",
      "period": "final_2026h1",
      "total_return": 0.005058074761361775,
      "cagr": 0.010290179937891386,
      "sharpe": 0.27997022515963255,
      "max_drawdown": -0.021558213039272855,
      "annual_turnover": 11.973553201637733,
      "annual_meta_turnover": 0.0,
      "average_gross": 0.45441799304227404,
      "max_gross": 0.5317267444070489,
      "average_risky_budget": 1.125,
      "max_risky_budget": 1.125,
      "final_equity": 17041.875975457213,
      "meta_cost": 0.0,
      "extra_underlying_cost": 0.0,
      "financing_drag": 49.5890410958904
    },
    {
      "model": "barbell_static_vol_equal",
      "period": "full",
      "total_return": 0.7041875975457212,
      "cagr": 0.10192880636605928,
      "sharpe": 1.401674435971548,
      "max_drawdown": -0.11126474473416248,
      "annual_turnover": 12.016103043232732,
      "annual_meta_turnover": 0.4097529570839255,
      "average_gross": 0.433322373250528,
      "max_gross": 0.6022515355113619,
      "average_risky_budget": 1.1206758550840838,
      "max_risky_budget": 1.125,
      "final_equity": 17041.875975457213,
      "meta_cost": 11.252310888113438,
      "extra_underlying_cost": 0.0,
      "financing_drag": 530.8486058018962
    },
    {
      "model": "triple_equal",
      "period": "development_2021_2023",
      "total_return": 0.8415142617974751,
      "cagr": 0.2261151877290144,
      "sharpe": 2.5819678530768297,
      "max_drawdown": -0.03529122074323543,
      "annual_turnover": 11.757714579320533,
      "annual_meta_turnover": 0.8641015095148793,
      "average_gross": 0.4060710395837682,
      "max_gross": 0.5580119117740028,
      "average_risky_budget": 1.0641042678150836,
      "max_risky_budget": 1.0810548652524408,
      "final_equity": 18415.14261797475,
      "meta_cost": 12.94108778974624,
      "extra_underlying_cost": 0.0,
      "financing_drag": 187.32372806884416
    },
    {
      "model": "triple_equal",
      "period": "validation_2024",
      "total_return": -0.06576879818505588,
      "cagr": -0.0658110234521756,
      "sharpe": -1.1567823603309044,
      "max_drawdown": -0.09060335317980983,
      "annual_turnover": 12.093115448454101,
      "annual_meta_turnover": 0.10762969381892369,
      "average_gross": 0.4198197601502989,
      "max_gross": 0.5671621472434402,
      "average_risky_budget": 1.0630824249715263,
      "max_risky_budget": 1.076084838106428,
      "final_equity": 17204.000819584144,
      "meta_cost": 0.5377911694820173,
      "extra_underlying_cost": 0.0,
      "financing_drag": 66.84931506849314
    },
    {
      "model": "triple_equal",
      "period": "holdout_2025",
      "total_return": -0.01657183832944764,
      "cagr": -0.01662793273918539,
      "sharpe": -0.33381429606937557,
      "max_drawdown": -0.06489975374345991,
      "annual_turnover": 10.593997447214388,
      "annual_meta_turnover": 0.1684926338350879,
      "average_gross": 0.40997852679175695,
      "max_gross": 0.5163598299942871,
      "average_risky_budget": 1.066395050865957,
      "max_risky_budget": 1.0801662736454773,
      "final_equity": 16918.89889938231,
      "meta_cost": 0.8395972363015256,
      "extra_underlying_cost": 0.0,
      "financing_drag": 66.66666666666666
    },
    {
      "model": "triple_equal",
      "period": "final_2026h1",
      "total_return": 0.005999176982286025,
      "cagr": 0.012210659887223141,
      "sharpe": 0.343501892401915,
      "max_drawdown": -0.019756243934091144,
      "annual_turnover": 11.605378655652759,
      "annual_meta_turnover": 0.23590815032092233,
      "average_gross": 0.43127331925572304,
      "max_gross": 0.5051194761127029,
      "average_risky_budget": 1.0676778304413617,
      "max_risky_budget": 1.0764010500758943,
      "final_equity": 17020.398368225113,
      "meta_cost": 0.5813051199924163,
      "extra_underlying_cost": 0.0,
      "financing_drag": 33.0593607305936
    },
    {
      "model": "triple_equal",
      "period": "full",
      "total_return": 0.7020398368225114,
      "cagr": 0.10167582043921541,
      "sharpe": 1.4519190940211155,
      "max_drawdown": -0.10024680688590026,
      "annual_turnover": 11.576326080391798,
      "annual_meta_turnover": 0.5425756108808192,
      "average_gross": 0.4115617606494833,
      "max_gross": 0.5671621472434402,
      "average_risky_budget": 1.064656811994547,
      "max_risky_budget": 1.0810548652524408,
      "final_equity": 17020.398368225113,
      "meta_cost": 14.8997813155222,
      "extra_underlying_cost": 0.0,
      "financing_drag": 353.8990705345976
    }
  ],
  "audit_full_metrics": [
    {
      "audit": "base",
      "model": "V285_raw",
      "total_return": 0.71597143378374,
      "cagr": 0.1033122086834255,
      "sharpe": 1.0052468201948541,
      "max_drawdown": -0.12843348467962923,
      "annual_turnover": 4.800327251832408,
      "annual_meta_turnover": 0.3641500498504487,
      "average_gross": 0.4807515518055474,
      "max_gross": 0.5895490492452801,
      "average_risky_budget": 1.0,
      "max_risky_budget": 1.0,
      "final_equity": 17159.7143378374,
      "meta_cost": 10.0,
      "extra_underlying_cost": 0.0,
      "financing_drag": 0.0
    },
    {
      "audit": "base",
      "model": "V365_raw",
      "total_return": 0.678875116547861,
      "cagr": 0.09893050583768392,
      "sharpe": 1.0903067187072686,
      "max_drawdown": -0.1519515665622333,
      "annual_turnover": 14.697871406799724,
      "annual_meta_turnover": 0.3641500498504487,
      "average_gross": 0.32359154439991383,
      "max_gross": 0.5313769234705499,
      "average_risky_budget": 1.0,
      "max_risky_budget": 1.0,
      "final_equity": 16788.75116547861,
      "meta_cost": 10.0,
      "extra_underlying_cost": 0.0,
      "financing_drag": 0.0
    },
    {
      "audit": "base",
      "model": "static_40_60",
      "total_return": 0.7164275210450342,
      "cagr": 0.1033655961716573,
      "sharpe": 1.5427196954663536,
      "max_drawdown": -0.08620251785698263,
      "annual_turnover": 10.738853744812795,
      "annual_meta_turnover": 0.3641500498504487,
      "average_gross": 0.38645554736216725,
      "max_gross": 0.5353346982323217,
      "average_risky_budget": 1.0,
      "max_risky_budget": 1.0,
      "final_equity": 17164.27521045034,
      "meta_cost": 10.0,
      "extra_underlying_cost": 0.0,
      "financing_drag": 0.0
    },
    {
      "audit": "base",
      "model": "persistent_budget",
      "total_return": 0.6974844420440212,
      "cagr": 0.10113837254215285,
      "sharpe": 1.5631830024815638,
      "max_drawdown": -0.07842264560762702,
      "annual_turnover": 10.696772154709933,
      "annual_meta_turnover": 0.8082209184746066,
      "average_gross": 0.36804053544739374,
      "max_gross": 0.5119867614338651,
      "average_risky_budget": 0.9526187258154736,
      "max_risky_budget": 1.0,
      "final_equity": 16974.84442044021,
      "meta_cost": 22.194722170339716,
      "extra_underlying_cost": 0.0,
      "financing_drag": 0.0
    },
    {
      "audit": "base",
      "model": "vol22_budget",
      "total_return": 0.6916004108851994,
      "cagr": 0.10044242268580761,
      "sharpe": 1.2797256501362766,
      "max_drawdown": -0.14058957219519075,
      "annual_turnover": 13.293352341652666,
      "annual_meta_turnover": 0.4553558643174023,
      "average_gross": 0.4801891991388887,
      "max_gross": 0.6691683727904021,
      "average_risky_budget": 1.241351710168168,
      "max_risky_budget": 1.25,
      "final_equity": 16916.004108851994,
      "meta_cost": 12.504621776226875,
      "extra_underlying_cost": 0.0,
      "financing_drag": 1061.6972116037923
    },
    {
      "audit": "base",
      "model": "barbell_equal",
      "total_return": 0.6948404632285208,
      "cagr": 0.1008258932370103,
      "sharpe": 1.4091039695616359,
      "max_drawdown": -0.10783884529469878,
      "annual_turnover": 11.9950622481813,
      "annual_meta_turnover": 0.6317883913960044,
      "average_gross": 0.42411486729314124,
      "max_gross": 0.5830758717489993,
      "average_risky_budget": 1.096985217991821,
      "max_risky_budget": 1.1215822978786614,
      "final_equity": 16948.40463228521,
      "meta_cost": 17.349671973283296,
      "extra_underlying_cost": 0.0,
      "financing_drag": 530.8486058018962
    },
    {
      "audit": "base",
      "model": "barbell_static_vol_equal",
      "total_return": 0.7041875975457212,
      "cagr": 0.10192880636605928,
      "sharpe": 1.401674435971548,
      "max_drawdown": -0.11126474473416248,
      "annual_turnover": 12.016103043232732,
      "annual_meta_turnover": 0.4097529570839255,
      "average_gross": 0.433322373250528,
      "max_gross": 0.6022515355113619,
      "average_risky_budget": 1.1206758550840838,
      "max_risky_budget": 1.125,
      "final_equity": 17041.875975457213,
      "meta_cost": 11.252310888113438,
      "extra_underlying_cost": 0.0,
      "financing_drag": 530.8486058018962
    },
    {
      "audit": "base",
      "model": "triple_equal",
      "total_return": 0.7020398368225114,
      "cagr": 0.10167582043921541,
      "sharpe": 1.4519190940211155,
      "max_drawdown": -0.10024680688590026,
      "annual_turnover": 11.576326080391798,
      "annual_meta_turnover": 0.5425756108808192,
      "average_gross": 0.4115617606494833,
      "max_gross": 0.5671621472434402,
      "average_risky_budget": 1.064656811994547,
      "max_risky_budget": 1.0810548652524408,
      "final_equity": 17020.398368225113,
      "meta_cost": 14.8997813155222,
      "extra_underlying_cost": 0.0,
      "financing_drag": 353.8990705345976
    },
    {
      "audit": "severe",
      "model": "V285_raw",
      "total_return": 0.5897542531573909,
      "cagr": 0.08807082114637876,
      "sharpe": 0.8661692342126308,
      "max_drawdown": -0.13142987737618772,
      "annual_turnover": 4.800327251832408,
      "annual_meta_turnover": 0.3641500498504487,
      "average_gross": 0.4807515518055474,
      "max_gross": 0.5895490492452801,
      "average_risky_budget": 1.0,
      "max_risky_budget": 1.0,
      "final_equity": 15897.542531573908,
      "meta_cost": 40.0,
      "extra_underlying_cost": 730.9366900491433,
      "financing_drag": 0.0
    },
    {
      "audit": "severe",
      "model": "V365_raw",
      "total_return": 0.32137663309428466,
      "cagr": 0.052048896880008355,
      "sharpe": 0.6033774622332262,
      "max_drawdown": -0.24932953110946876,
      "annual_turnover": 14.697871406799724,
      "annual_meta_turnover": 0.3641500498504487,
      "average_gross": 0.32359154439991383,
      "max_gross": 0.5313769234705499,
      "average_risky_budget": 1.0,
      "max_risky_budget": 1.0,
      "final_equity": 13213.766330942846,
      "meta_cost": 40.0,
      "extra_underlying_cost": 2361.727759669828,
      "financing_drag": 0.0
    },
    {
      "audit": "severe",
      "model": "static_40_60",
      "total_return": 0.4421524354260413,
      "cagr": 0.06893663670823424,
      "sharpe": 1.0474314159607,
      "max_drawdown": -0.14988018724987096,
      "annual_turnover": 10.738853744812795,
      "annual_meta_turnover": 0.3641500498504487,
      "average_gross": 0.38645554736216725,
      "max_gross": 0.5353346982323217,
      "average_risky_budget": 1.0,
      "max_risky_budget": 1.0,
      "final_equity": 14421.524354260413,
      "meta_cost": 40.0,
      "extra_underlying_cost": 1709.4113318215543,
      "financing_drag": 0.0
    },
    {
      "audit": "severe",
      "model": "persistent_budget",
      "total_return": 0.4324862637539739,
      "cagr": 0.06762854153621767,
      "sharpe": 1.0634830867708602,
      "max_drawdown": -0.1426493915118192,
      "annual_turnover": 10.696772154709933,
      "annual_meta_turnover": 0.8082209184746066,
      "average_gross": 0.36804053544739374,
      "max_gross": 0.5119867614338651,
      "average_risky_budget": 0.9526187258154736,
      "max_risky_budget": 1.0,
      "final_equity": 14324.86263753974,
      "meta_cost": 88.77888868135886,
      "extra_underlying_cost": 1629.3093311885718,
      "financing_drag": 0.0
    },
    {
      "audit": "severe",
      "model": "vol22_budget",
      "total_return": 0.32785642851193586,
      "cagr": 0.05298635465774271,
      "sharpe": 0.7016654903618096,
      "max_drawdown": -0.2479621714598993,
      "annual_turnover": 13.293352341652666,
      "annual_meta_turnover": 0.4553558643174023,
      "average_gross": 0.4801891991388887,
      "max_gross": 0.6691683727904021,
      "average_risky_budget": 1.241351710168168,
      "max_risky_budget": 1.25,
      "final_equity": 13278.564285119359,
      "meta_cost": 50.0184871049075,
      "extra_underlying_cost": 2115.281293951378,
      "financing_drag": 1327.1215145047413
    },
    {
      "audit": "severe",
      "model": "barbell_equal",
      "total_return": 0.3794317933754292,
      "cagr": 0.06031748498423428,
      "sharpe": 0.8652742489550579,
      "max_drawdown": -0.19630053474370757,
      "annual_turnover": 11.9950622481813,
      "annual_meta_turnover": 0.6317883913960044,
      "average_gross": 0.42411486729314124,
      "max_gross": 0.5830758717489993,
      "average_risky_budget": 1.096985217991821,
      "max_risky_budget": 1.1215822978786614,
      "final_equity": 13794.317933754292,
      "meta_cost": 69.39868789313319,
      "extra_underlying_cost": 1872.2953125699748,
      "financing_drag": 663.5607572523706
    },
    {
      "audit": "severe",
      "model": "barbell_static_vol_equal",
      "total_return": 0.38400818358178035,
      "cagr": 0.060957102963222765,
      "sharpe": 0.8607875374489415,
      "max_drawdown": -0.19970590152883338,
      "annual_turnover": 12.016103043232732,
      "annual_meta_turnover": 0.4097529570839255,
      "average_gross": 0.433322373250528,
      "max_gross": 0.6022515355113619,
      "average_risky_budget": 1.1206758550840838,
      "max_risky_budget": 1.125,
      "final_equity": 13840.081835817804,
      "meta_cost": 45.00924355245375,
      "extra_underlying_cost": 1912.3463128864662,
      "financing_drag": 663.5607572523706
    },
    {
      "audit": "severe",
      "model": "triple_equal",
      "total_return": 0.40005847072692413,
      "cagr": 0.06318678091433227,
      "sharpe": 0.9233620188075676,
      "max_drawdown": -0.18065353559062658,
      "annual_turnover": 11.576326080391798,
      "annual_meta_turnover": 0.5425756108808192,
      "average_gross": 0.4115617606494833,
      "max_gross": 0.5671621472434402,
      "average_risky_budget": 1.064656811994547,
      "max_risky_budget": 1.0810548652524408,
      "final_equity": 14000.584707269241,
      "meta_cost": 59.5991252620888,
      "extra_underlying_cost": 1818.000652320501,
      "financing_drag": 442.3738381682471
    },
    {
      "audit": "extreme",
      "model": "V285_raw",
      "total_return": 0.43555882535794566,
      "cagr": 0.06804512310918565,
      "sharpe": 0.6813510216750562,
      "max_drawdown": -0.13541580957892918,
      "annual_turnover": 4.800327251832408,
      "annual_meta_turnover": 0.3641500498504487,
      "average_gross": 0.4807515518055474,
      "max_gross": 0.5895490492452801,
      "average_risky_budget": 1.0,
      "max_risky_budget": 1.0,
      "final_equity": 14355.588253579457,
      "meta_cost": 80.0,
      "extra_underlying_cost": 1705.5189434480012,
      "financing_drag": 0.0
    },
    {
      "audit": "extreme",
      "model": "V365_raw",
      "total_return": -0.04013093211479102,
      "cagr": -0.007429761983684724,
      "sharpe": -0.0350770105227741,
      "max_drawdown": -0.38556304226058935,
      "annual_turnover": 14.697871406799724,
      "annual_meta_turnover": 0.3641500498504487,
      "average_gross": 0.32359154439991383,
      "max_gross": 0.5313769234705499,
      "average_risky_budget": 1.0,
      "max_risky_budget": 1.0,
      "final_equity": 9598.69067885209,
      "meta_cost": 80.0,
      "extra_underlying_cost": 5510.698105896266,
      "financing_drag": 0.0
    },
    {
      "audit": "extreme",
      "model": "static_40_60",
      "total_return": 0.1431469920010462,
      "cagr": 0.024658005033246333,
      "sharpe": 0.39716887212852775,
      "max_drawdown": -0.25945940503882303,
      "annual_turnover": 10.738853744812795,
      "annual_meta_turnover": 0.3641500498504487,
      "average_gross": 0.38645554736216725,
      "max_gross": 0.5353346982323217,
      "average_risky_budget": 1.0,
      "max_risky_budget": 1.0,
      "final_equity": 11431.469920010462,
      "meta_cost": 80.0,
      "extra_underlying_cost": 3988.6264409169603,
      "financing_drag": 0.0
    },
    {
      "audit": "extreme",
      "model": "persistent_budget",
      "total_return": 0.14214324066624195,
      "cagr": 0.024494131287544185,
      "sharpe": 0.4068333560941385,
      "max_drawdown": -0.2497535150850242,
      "annual_turnover": 10.696772154709933,
      "annual_meta_turnover": 0.8082209184746066,
      "average_gross": 0.36804053544739374,
      "max_gross": 0.5119867614338651,
      "average_risky_budget": 0.9526187258154736,
      "max_risky_budget": 1.0,
      "final_equity": 11421.43240666242,
      "meta_cost": 177.55777736271773,
      "extra_underlying_cost": 3801.721772773334,
      "financing_drag": 0.0
    },
    {
      "audit": "extreme",
      "model": "vol22_budget",
      "total_return": -0.030247518155003816,
      "cagr": -0.005576719630423277,
      "sharpe": -0.03072232528698563,
      "max_drawdown": -0.37887622508751073,
      "annual_turnover": 13.293352341652666,
      "annual_meta_turnover": 0.4553558643174023,
      "average_gross": 0.4801891991388887,
      "max_gross": 0.6691683727904021,
      "average_risky_budget": 1.241351710168168,
      "max_risky_budget": 1.25,
      "final_equity": 9697.524818449961,
      "meta_cost": 100.036974209815,
      "extra_underlying_cost": 4935.656352553216,
      "financing_drag": 1592.5458174056894
    },
    {
      "audit": "extreme",
      "model": "barbell_equal",
      "total_return": 0.05262916014649832,
      "cagr": 0.009382552214071582,
      "sharpe": 0.16558216568089992,
      "max_drawdown": -0.31729020470919955,
      "annual_turnover": 11.9950622481813,
      "annual_meta_turnover": 0.6317883913960044,
      "average_gross": 0.42411486729314124,
      "max_gross": 0.5830758717489993,
      "average_risky_budget": 1.096985217991821,
      "max_risky_budget": 1.1215822978786614,
      "final_equity": 10526.291601464984,
      "meta_cost": 138.79737578626637,
      "extra_underlying_cost": 4368.689062663275,
      "financing_drag": 796.2729087028447
    },
    {
      "audit": "extreme",
      "model": "barbell_static_vol_equal",
      "total_return": 0.05303484682552928,
      "cagr": 0.00945337175079275,
      "sharpe": 0.16500541154620366,
      "max_drawdown": -0.321743341796596,
      "annual_turnover": 12.016103043232732,
      "annual_meta_turnover": 0.4097529570839255,
      "average_gross": 0.433322373250528,
      "max_gross": 0.6022515355113619,
      "average_risky_budget": 1.1206758550840838,
      "max_risky_budget": 1.125,
      "final_equity": 10530.348468255293,
      "meta_cost": 90.0184871049075,
      "extra_underlying_cost": 4462.141396735087,
      "financing_drag": 796.2729087028447
    },
    {
      "audit": "extreme",
      "model": "triple_equal",
      "total_return": 0.08199983454711957,
      "cagr": 0.014452968377769881,
      "sharpe": 0.23916377714068912,
      "max_drawdown": -0.29852637103325996,
      "annual_turnover": 11.576326080391798,
      "annual_meta_turnover": 0.5425756108808192,
      "average_gross": 0.4115617606494833,
      "max_gross": 0.5671621472434402,
      "average_risky_budget": 1.064656811994547,
      "max_risky_budget": 1.0810548652524408,
      "final_equity": 10819.998345471196,
      "meta_cost": 119.1982505241776,
      "extra_underlying_cost": 4242.001522081169,
      "financing_drag": 530.8486058018962
    },
    {
      "audit": "delay_1d",
      "model": "V285_raw",
      "total_return": 0.7159718632060179,
      "cagr": 0.103312258955091,
      "sharpe": 1.0052511309283103,
      "max_drawdown": -0.1284334846796289,
      "annual_turnover": 4.800327251832408,
      "annual_meta_turnover": 0.3641500498504487,
      "average_gross": 0.4807515518055474,
      "max_gross": 0.5895490492452801,
      "average_risky_budget": 0.9995017438963627,
      "max_risky_budget": 1.0,
      "final_equity": 17159.71863206018,
      "meta_cost": 10.0,
      "extra_underlying_cost": 0.0,
      "financing_drag": 0.0
    },
    {
      "audit": "delay_1d",
      "model": "V365_raw",
      "total_return": 0.6877142331738859,
      "cagr": 0.09998168791971729,
      "sharpe": 1.1015133367735361,
      "max_drawdown": -0.1519515665622314,
      "annual_turnover": 14.637189021160403,
      "annual_meta_turnover": 0.3641500498504487,
      "average_gross": 0.32342246732185304,
      "max_gross": 0.5313769234705499,
      "average_risky_budget": 0.9995017438963627,
      "max_risky_budget": 1.0,
      "final_equity": 16877.142331738858,
      "meta_cost": 10.0,
      "extra_underlying_cost": 0.0,
      "financing_drag": 0.0
    },
    {
      "audit": "delay_1d",
      "model": "static_40_60",
      "total_return": 0.7218384398926285,
      "cagr": 0.10399808982358594,
      "sharpe": 1.552345604759998,
      "max_drawdown": -0.0862025178569823,
      "annual_turnover": 10.702444313429202,
      "annual_meta_turnover": 0.3641500498504487,
      "average_gross": 0.38635410111533075,
      "max_gross": 0.5353346982323217,
      "average_risky_budget": 0.9995017438963627,
      "max_risky_budget": 1.0,
      "final_equity": 17218.384398926286,
      "meta_cost": 10.0,
      "extra_underlying_cost": 0.0,
      "financing_drag": 0.0
    },
    {
      "audit": "delay_1d",
      "model": "persistent_budget",
      "total_return": 0.7041776600882359,
      "cagr": 0.10192763642809632,
      "sharpe": 1.5750831510924366,
      "max_drawdown": -0.07829905542899074,
      "annual_turnover": 10.660687227488836,
      "annual_meta_turnover": 0.8082209184746066,
      "average_gross": 0.36794346536356554,
      "max_gross": 0.5119867614338651,
      "average_risky_budget": 0.952150213121547,
      "max_risky_budget": 1.0,
      "final_equity": 17041.77660088236,
      "meta_cost": 22.194722170339716,
      "extra_underlying_cost": 0.0,
      "financing_drag": 0.0
    },
    {
      "audit": "delay_1d",
      "model": "vol22_budget",
      "total_return": 0.696612609849234,
      "cagr": 0.10103537885286284,
      "sharpe": 1.287190859561835,
      "max_drawdown": -0.1405895721951882,
      "annual_turnover": 13.256945056057017,
      "annual_meta_turnover": 0.4553558643174023,
      "average_gross": 0.48003894085493437,
      "max_gross": 0.6691683727904021,
      "average_risky_budget": 1.2407288900386213,
      "max_risky_budget": 1.25,
      "final_equity": 16966.12609849234,
      "meta_cost": 12.504621776226875,
      "extra_underlying_cost": 0.0,
      "financing_drag": 1061.1492663983129
    },
    {
      "audit": "delay_1d",
      "model": "barbell_equal",
      "total_return": 0.7006928412657705,
      "cagr": 0.10151702382306027,
      "sharpe": 1.4185996241951448,
      "max_drawdown": -0.10766474434528306,
      "annual_turnover": 11.958816141772928,
      "annual_meta_turnover": 0.6317883913960044,
      "average_gross": 0.42399120310925,
      "max_gross": 0.5830758717489993,
      "average_risky_budget": 1.096439551580084,
      "max_risky_budget": 1.1215822978786614,
      "final_equity": 17006.928412657704,
      "meta_cost": 17.349671973283296,
      "extra_underlying_cost": 0.0,
      "financing_drag": 530.5746331991564
    },
    {
      "audit": "delay_1d",
      "model": "barbell_static_vol_equal",
      "total_return": 0.7093984995161744,
      "cagr": 0.10254151923706156,
      "sharpe": 1.410124173454431,
      "max_drawdown": -0.11126474473415926,
      "annual_turnover": 11.97969468474311,
      "annual_meta_turnover": 0.4097529570839255,
      "average_gross": 0.43319652098513256,
      "max_gross": 0.6022515355113619,
      "average_risky_budget": 1.120115316967492,
      "max_risky_budget": 1.125,
      "final_equity": 17093.984995161743,
      "meta_cost": 11.252310888113437,
      "extra_underlying_cost": 0.0,
      "financing_drag": 530.5746331991564
    },
    {
      "audit": "delay_1d",
      "model": "triple_equal",
      "total_return": 0.7077464337250017,
      "cagr": 0.10234743017067949,
      "sharpe": 1.4614483797518045,
      "max_drawdown": -0.10019058757065868,
      "annual_turnover": 11.540025532325018,
      "annual_meta_turnover": 0.5425756108808192,
      "average_gross": 0.4114455024446102,
      "max_gross": 0.5671621472434402,
      "average_risky_budget": 1.0641269490188436,
      "max_risky_budget": 1.0810548652524408,
      "final_equity": 17077.464337250018,
      "meta_cost": 14.8997813155222,
      "extra_underlying_cost": 0.0,
      "financing_drag": 353.71642213277113
    }
  ],
  "yearly_returns": [
    {
      "year": 2021,
      "V285_raw": 0.2937529099773133,
      "V365_raw": 0.6549846446090464,
      "static_40_60": 0.5081243430323656,
      "persistent_budget": 0.4937017997534201,
      "vol22_budget": 0.5772242427178673,
      "barbell_equal": 0.5349722012644254,
      "barbell_static_vol_equal": 0.542350211613176,
      "triple_equal": 0.5259815045037437
    },
    {
      "year": 2022,
      "V285_raw": 0.20645962065879142,
      "V365_raw": 0.12757825246343746,
      "static_40_60": 0.16055286113995826,
      "persistent_budget": 0.15542302152801746,
      "vol22_budget": 0.18014198213768373,
      "barbell_equal": 0.16775565848141483,
      "barbell_static_vol_equal": 0.1703349517999908,
      "triple_equal": 0.16535425770917755
    },
    {
      "year": 2023,
      "V285_raw": 0.07749724857022033,
      "V365_raw": 0.013380375167605374,
      "static_40_60": 0.040115654841069937,
      "persistent_budget": 0.037292231200587445,
      "vol22_budget": 0.02917951240014305,
      "barbell_equal": 0.03325880526370306,
      "barbell_static_vol_equal": 0.03465419147221693,
      "triple_equal": 0.035542313958909055
    },
    {
      "year": 2024,
      "V285_raw": 0.011465874171130652,
      "V365_raw": -0.10357961137714955,
      "static_40_60": -0.05621639456072269,
      "persistent_budget": -0.05207404459095932,
      "vol22_budget": -0.08865792836004771,
      "barbell_equal": -0.07051292547035559,
      "barbell_static_vol_equal": -0.0725575795518929,
      "triple_equal": -0.06576879818505654
    },
    {
      "year": 2025,
      "V285_raw": -0.032313519987419825,
      "V365_raw": 0.00356638248287644,
      "static_40_60": -0.009872223826394078,
      "persistent_budget": -0.007530344259717325,
      "vol22_budget": -0.032173816728336746,
      "barbell_equal": -0.019907789614059035,
      "barbell_static_vol_equal": -0.0210716797033077,
      "triple_equal": -0.016571838329448085
    },
    {
      "year": 2026,
      "V285_raw": 0.04242266437051123,
      "V365_raw": -0.013158482831411411,
      "static_40_60": 0.008969612855617592,
      "persistent_budget": 0.0078783219266505,
      "vol22_budget": 0.001152321806150658,
      "barbell_equal": 0.004516145612791567,
      "barbell_static_vol_equal": 0.005058074761361997,
      "triple_equal": 0.005999176982285803
    }
  ],
  "diversification": {
    "development": {
      "days": 1095,
      "correlation": -0.03338860343701933,
      "v285_mean": 0.000493306211689346,
      "v365_mean": 0.0005981111195430535,
      "opposite_sign_share": 0.5095890410958904
    },
    "oos_2024_2026h1": {
      "days": 912,
      "correlation": -0.23360360537837316,
      "v285_mean": 3.303575699919135e-05,
      "v365_mean": -0.00012461769970156399,
      "opposite_sign_share": 0.4934210526315789
    },
    "full": {
      "days": 2007,
      "correlation": -0.08729121179321578,
      "v285_mean": 0.00028415491389292293,
      "v365_mean": 0.0002696962300806264,
      "opposite_sign_share": 0.5022421524663677
    }
  },
  "integration_permitted": false,
  "live_ready": false,
  "real_leverage_authorized": false,
  "profitability_proven": false,
  "capital_change_authorized": false
}
