1/25 constant_core100_l145 CAGR=0.4202 DD=-0.2724 Sharpe=1.400 eligible=False
2/25 constant_core100_l160 CAGR=0.4469 DD=-0.2867 Sharpe=1.402 eligible=False
3/25 constant_core100_l175 CAGR=0.4726 DD=-0.2993 Sharpe=1.404 eligible=False
4/25 dd_core100_l160 CAGR=0.3635 DD=-0.2362 Sharpe=1.491 eligible=False
5/25 dd_core100_l175 CAGR=0.3919 DD=-0.2431 Sharpe=1.506 eligible=False
6/25 state_core100_l155_s25 CAGR=0.3660 DD=-0.2337 Sharpe=1.491 eligible=False
7/25 state_core100_l165_s40 CAGR=0.3612 DD=-0.2445 Sharpe=1.442 eligible=False
8/25 statevol_core100_tv34_s0 CAGR=0.2137 DD=-0.2430 Sharpe=1.172 eligible=False
9/25 statevol_core100_tv36_s25 CAGR=0.2460 DD=-0.2520 Sharpe=1.246 eligible=False
10/25 statevol_core100_tv38_s25 CAGR=0.2591 DD=-0.2504 Sharpe=1.280 eligible=False
11/25 statevol_core100_tv40_s40 CAGR=0.2854 DD=-0.2569 Sharpe=1.366 eligible=False
12/25 statevol_core100_tv42_s40 CAGR=0.2956 DD=-0.2540 Sharpe=1.390 eligible=False
13/25 statevol_core90_tv34_s0 CAGR=0.2350 DD=-0.2107 Sharpe=1.260 eligible=False
14/25 statevol_core90_tv36_s25 CAGR=0.2671 DD=-0.2167 Sharpe=1.327 eligible=False
15/25 statevol_core90_tv38_s25 CAGR=0.2803 DD=-0.2197 Sharpe=1.352 eligible=False
16/25 statevol_core90_tv40_s40 CAGR=0.2906 DD=-0.2421 Sharpe=1.416 eligible=False
17/25 statevol_core90_tv42_s40 CAGR=0.2971 DD=-0.2408 Sharpe=1.431 eligible=False
18/25 statevol_core85_tv34_s0 CAGR=0.2469 DD=-0.2068 Sharpe=1.312 eligible=False
19/25 statevol_core85_tv36_s25 CAGR=0.2772 DD=-0.2120 Sharpe=1.377 eligible=False
20/25 statevol_core85_tv38_s25 CAGR=0.2856 DD=-0.2145 Sharpe=1.386 eligible=False
21/25 statevol_core85_tv40_s40 CAGR=0.3013 DD=-0.2165 Sharpe=1.422 eligible=False
22/25 statevol_core85_tv42_s40 CAGR=0.2995 DD=-0.2163 Sharpe=1.395 eligible=False
23/25 statevol_core90_tv38_s25_r14 CAGR=0.2688 DD=-0.2152 Sharpe=1.344 eligible=False
24/25 statevol_core90_tv40_s40_r14 CAGR=0.3035 DD=-0.2191 Sharpe=1.411 eligible=False
25/25 statevol_core85_tv40_s40_r14 CAGR=0.2945 DD=-0.2125 Sharpe=1.418 eligible=False
