/home/runner/work/fin/fin/research/active_v9/data.py:18: UserWarning: Converting to Period representation will drop timezone information.
  x=utc(a).to_period('M').to_timestamp().tz_localize('UTC');e=utc(b)
archives 200/2028
archives 400/2028
archives 600/2028
archives 800/2028
archives 1000/2028
archives 1200/2028
archives 1400/2028
archives 1600/2028
archives 1800/2028
archives 2000/2028
archives 2028/2028
{
  "candidate": "ACTIVE_V317_EXACT_COSKEW_BETA_HEDGE",
  "status": "rejected_before_oos",
  "development_reproof_passed": false,
  "oos_opened": false,
  "standalone_selection_passed": false,
  "integration_permitted": false,
  "promoted_candidates": [],
  "live_ready": false,
  "real_leverage_authorized": false,
  "profitability_proven": false,
  "selection": {
    "candidate": "ACTIVE_V317_EXACT_COSKEW_BETA_HEDGE",
    "source_policy": "low_systematic_coskewness_l365_k4_r14_beta",
    "source_cycle": "V301-V308",
    "source_selection_reason": "unique V301 promotable process passing every development gate except all-years-positive and cross-sectional short-leg profitability",
    "neighboring_alpha_parameters_tested": 0,
    "neighboring_hedge_parameters_tested": 0,
    "selection_cutoff": "2023-12-31T23:59:59Z",
    "selection_uses_2024": false,
    "selection_uses_2025": false,
    "selection_uses_2026": false,
    "program_level_holdout_pristine": false,
    "long_gross": 0.25,
    "maximum_hedge_gross": 0.35,
    "maximum_target_gross": 0.6,
    "rebalance_days": 14,
    "development_gates": {
      "cagr_min": 0.05,
      "sharpe_min": 1.0,
      "max_drawdown_min": -0.15,
      "rebalance_events_min": 18,
      "annual_turnover_max": 15.0,
      "max_realized_gross": 0.7,
      "all_development_years_positive": true,
      "net_long_side_pnl_positive": true,
      "symbols_traded_min": 8,
      "top_positive_asset_pnl_share_max": 0.35,
      "realized_beta_abs_max": 0.2
    },
    "post_oos_gates": {
      "validation_return_positive": true,
      "holdout_return_positive": true,
      "final_return_positive": true,
      "full_cagr_min": 0.06,
      "full_sharpe_min": 0.8,
      "full_max_drawdown_min": -0.15,
      "severe_full_cagr_positive": true,
      "extreme_full_cagr_positive": true,
      "latency_full_cagr_positive": true,
      "worst_calendar_year_min": -0.1,
      "full_net_long_side_pnl_positive": true,
      "full_realized_beta_abs_max": 0.2,
      "all_audits_max_gross": 0.7,
      "top_positive_asset_pnl_share_max": 0.35,
      "forced_exit_count_max": 4
    },
    "development_metrics": {
      "total_return": 0.11495260388724127,
      "cagr": 0.03699582777247179,
      "max_drawdown": -0.09077106348512898,
      "sharpe": 0.5536983198324141,
      "annual_turnover": 1.345235991029761,
      "average_gross": 0.2644406528890183,
      "max_gross": 0.7008447410098152,
      "costs": 128.6495435017013,
      "funding_pnl": 260.5062711899063,
      "rebalance_events": 20,
      "forced_exits": 1
    },
    "development_diagnostics": {
      "asset_pnl": {
        "ADAUSDT": 0.0,
        "BCHUSDT": 448.9350640098912,
        "BNBUSDT": 308.69050624418975,
        "BTCUSDT": -233.6250816208853,
        "DOGEUSDT": 966.8011636315485,
        "DOTUSDT": -72.39789217320613,
        "EOSUSDT": 50.26234932675084,
        "ETHUSDT": -576.3439638504259,
        "LINKUSDT": 424.6199663398732,
        "LTCUSDT": -69.92403878906336,
        "SOLUSDT": 0.0,
        "TRXUSDT": -97.49203424627649,
        "XRPUSDT": 0.0
      },
      "long_leg_pnl": 1959.4950843437055,
      "short_leg_pnl": -809.96904547131,
      "symbols_traded": [
        "BCHUSDT",
        "BNBUSDT",
        "BTCUSDT",
        "DOGEUSDT",
        "DOTUSDT",
        "EOSUSDT",
        "ETHUSDT",
        "LINKUSDT",
        "LTCUSDT",
        "TRXUSDT"
      ],
      "symbol_count_traded": 10,
      "forced_exit_count": 1,
      "rebalance_events": 20,
      "top_positive_asset_pnl_share": 0.43959313668462136
    },
    "development_beta": {
      "beta": -0.006760856826481193,
      "correlation": -0.06934936277381673,
      "observations": 1094
    },
    "target_beta_diagnostics": {
      "mean_abs_target_beta": 0.010629025871636675,
      "max_abs_target_beta": 0.09349778903137215
    },
    "development_gate_results": {
      "cagr": false,
      "sharpe": false,
      "max_drawdown": true,
      "rebalance_events": true,
      "annual_turnover": true,
      "max_realized_gross": false,
      "all_development_years_positive": false,
      "net_long_side_pnl_positive": true,
      "symbols_traded": true,
      "concentration": false,
      "realized_beta": true
    },
    "development_reproof_passed": false,
    "oos_opened": false,
    "coverage_gate": {
      "candidate": "V317_FIXED_UNIVERSE_DATA_COVERAGE",
      "fixed_universe_size": 13,
      "minimum_price_active_month_share": 0.95,
      "minimum_funding_active_month_share": 0.9,
      "minimum_development_price_months": 34,
      "details": {
        "BTCUSDT": {
          "first_price_month": "2020-01",
          "last_price_month": "2026-06",
          "active_month_count": 78,
          "price_active_month_share": 1.0,
          "funding_active_month_share": 1.0,
          "development_price_months": 36,
          "latest_required": true,
          "latest_present": true,
          "rows": 2373,
          "timestamp_min": "2020-01-01T00:00:00+00:00",
          "timestamp_max": "2026-06-30T00:00:00+00:00",
          "passed": true
        },
        "ETHUSDT": {
          "first_price_month": "2020-01",
          "last_price_month": "2026-06",
          "active_month_count": 78,
          "price_active_month_share": 1.0,
          "funding_active_month_share": 1.0,
          "development_price_months": 36,
          "latest_required": true,
          "latest_present": true,
          "rows": 2373,
          "timestamp_min": "2020-01-01T00:00:00+00:00",
          "timestamp_max": "2026-06-30T00:00:00+00:00",
          "passed": true
        },
        "BNBUSDT": {
          "first_price_month": "2020-02",
          "last_price_month": "2026-06",
          "active_month_count": 77,
          "price_active_month_share": 1.0,
          "funding_active_month_share": 1.0,
          "development_price_months": 36,
          "latest_required": false,
          "latest_present": true,
          "rows": 2333,
          "timestamp_min": "2020-02-10T00:00:00+00:00",
          "timestamp_max": "2026-06-30T00:00:00+00:00",
          "passed": true
        },
        "XRPUSDT": {
          "first_price_month": "2020-01",
          "last_price_month": "2026-06",
          "active_month_count": 78,
          "price_active_month_share": 1.0,
          "funding_active_month_share": 1.0,
          "development_price_months": 36,
          "latest_required": false,
          "latest_present": true,
          "rows": 2363,
          "timestamp_min": "2020-01-06T00:00:00+00:00",
          "timestamp_max": "2026-06-30T00:00:00+00:00",
          "passed": true
        },
        "ADAUSDT": {
          "first_price_month": "2020-01",
          "last_price_month": "2026-06",
          "active_month_count": 78,
          "price_active_month_share": 1.0,
          "funding_active_month_share": 1.0,
          "development_price_months": 36,
          "latest_required": false,
          "latest_present": true,
          "rows": 2343,
          "timestamp_min": "2020-01-31T00:00:00+00:00",
          "timestamp_max": "2026-06-30T00:00:00+00:00",
          "passed": true
        },
        "LTCUSDT": {
          "first_price_month": "2020-01",
          "last_price_month": "2026-06",
          "active_month_count": 78,
          "price_active_month_share": 1.0,
          "funding_active_month_share": 1.0,
          "development_price_months": 36,
          "latest_required": false,
          "latest_present": true,
          "rows": 2360,
          "timestamp_min": "2020-01-09T00:00:00+00:00",
          "timestamp_max": "2026-06-30T00:00:00+00:00",
          "passed": true
        },
        "BCHUSDT": {
          "first_price_month": "2020-01",
          "last_price_month": "2026-06",
          "active_month_count": 78,
          "price_active_month_share": 1.0,
          "funding_active_month_share": 1.0,
          "development_price_months": 36,
          "latest_required": false,
          "latest_present": true,
          "rows": 2373,
          "timestamp_min": "2020-01-01T00:00:00+00:00",
          "timestamp_max": "2026-06-30T00:00:00+00:00",
          "passed": true
        },
        "EOSUSDT": {
          "first_price_month": "2020-01",
          "last_price_month": "2025-05",
          "active_month_count": 65,
          "price_active_month_share": 1.0,
          "funding_active_month_share": 1.0,
          "development_price_months": 36,
          "latest_required": false,
          "latest_present": false,
          "rows": 1961,
          "timestamp_min": "2020-01-08T00:00:00+00:00",
          "timestamp_max": "2025-05-21T00:00:00+00:00",
          "passed": true
        },
        "DOGEUSDT": {
          "first_price_month": "2020-07",
          "last_price_month": "2026-06",
          "active_month_count": 72,
          "price_active_month_share": 1.0,
          "funding_active_month_share": 1.0,
          "development_price_months": 36,
          "latest_required": false,
          "latest_present": true,
          "rows": 2182,
          "timestamp_min": "2020-07-10T00:00:00+00:00",
          "timestamp_max": "2026-06-30T00:00:00+00:00",
          "passed": true
        },
        "LINKUSDT": {
          "first_price_month": "2020-01",
          "last_price_month": "2026-06",
          "active_month_count": 78,
          "price_active_month_share": 1.0,
          "funding_active_month_share": 1.0,
          "development_price_months": 36,
          "latest_required": false,
          "latest_present": true,
          "rows": 2357,
          "timestamp_min": "2020-01-17T00:00:00+00:00",
          "timestamp_max": "2026-06-30T00:00:00+00:00",
          "passed": true
        },
        "DOTUSDT": {
          "first_price_month": "2020-08",
          "last_price_month": "2026-06",
          "active_month_count": 71,
          "price_active_month_share": 1.0,
          "funding_active_month_share": 1.0,
          "development_price_months": 36,
          "latest_required": false,
          "latest_present": true,
          "rows": 2139,
          "timestamp_min": "2020-08-22T00:00:00+00:00",
          "timestamp_max": "2026-06-30T00:00:00+00:00",
          "passed": true
        },
        "TRXUSDT": {
          "first_price_month": "2020-01",
          "last_price_month": "2026-06",
          "active_month_count": 78,
          "price_active_month_share": 1.0,
          "funding_active_month_share": 1.0,
          "development_price_months": 36,
          "latest_required": false,
          "latest_present": true,
          "rows": 2354,
          "timestamp_min": "2020-01-15T00:00:00+00:00",
          "timestamp_max": "2026-06-30T00:00:00+00:00",
          "passed": true
        },
        "SOLUSDT": {
          "first_price_month": "2020-09",
          "last_price_month": "2026-06",
          "active_month_count": 70,
          "price_active_month_share": 1.0,
          "funding_active_month_share": 1.0,
          "development_price_months": 36,
          "latest_required": false,
          "latest_present": true,
          "rows": 2111,
          "timestamp_min": "2020-09-14T00:00:00+00:00",
          "timestamp_max": "2026-06-30T00:00:00+00:00",
          "passed": true
        }
      },
      "passed": true,
      "survivor_replacement_permitted": false
    },
    "design_sha256": "4b19a0e05c6be24831b1d2b1f310ccb69277f37c274db55569e97be1359e33e9",
    "data_manifest_sha256": "495e4ad1ba793318302297694f786bafab4a99f41872b167b7762ff77c8076d9",
    "selection_proof_sha256": "29be53e68e41a0ddd8ccb6b6e8ac63a3e70de0ff15bdb26a5cec4688b87b22a6"
  },
  "coverage_gate": {
    "candidate": "V317_FIXED_UNIVERSE_DATA_COVERAGE",
    "fixed_universe_size": 13,
    "minimum_price_active_month_share": 0.95,
    "minimum_funding_active_month_share": 0.9,
    "minimum_development_price_months": 34,
    "details": {
      "BTCUSDT": {
        "first_price_month": "2020-01",
        "last_price_month": "2026-06",
        "active_month_count": 78,
        "price_active_month_share": 1.0,
        "funding_active_month_share": 1.0,
        "development_price_months": 36,
        "latest_required": true,
        "latest_present": true,
        "rows": 2373,
        "timestamp_min": "2020-01-01T00:00:00+00:00",
        "timestamp_max": "2026-06-30T00:00:00+00:00",
        "passed": true
      },
      "ETHUSDT": {
        "first_price_month": "2020-01",
        "last_price_month": "2026-06",
        "active_month_count": 78,
        "price_active_month_share": 1.0,
        "funding_active_month_share": 1.0,
        "development_price_months": 36,
        "latest_required": true,
        "latest_present": true,
        "rows": 2373,
        "timestamp_min": "2020-01-01T00:00:00+00:00",
        "timestamp_max": "2026-06-30T00:00:00+00:00",
        "passed": true
      },
      "BNBUSDT": {
        "first_price_month": "2020-02",
        "last_price_month": "2026-06",
        "active_month_count": 77,
        "price_active_month_share": 1.0,
        "funding_active_month_share": 1.0,
        "development_price_months": 36,
        "latest_required": false,
        "latest_present": true,
        "rows": 2333,
        "timestamp_min": "2020-02-10T00:00:00+00:00",
        "timestamp_max": "2026-06-30T00:00:00+00:00",
        "passed": true
      },
      "XRPUSDT": {
        "first_price_month": "2020-01",
        "last_price_month": "2026-06",
        "active_month_count": 78,
        "price_active_month_share": 1.0,
        "funding_active_month_share": 1.0,
        "development_price_months": 36,
        "latest_required": false,
        "latest_present": true,
        "rows": 2363,
        "timestamp_min": "2020-01-06T00:00:00+00:00",
        "timestamp_max": "2026-06-30T00:00:00+00:00",
        "passed": true
      },
      "ADAUSDT": {
        "first_price_month": "2020-01",
        "last_price_month": "2026-06",
        "active_month_count": 78,
        "price_active_month_share": 1.0,
        "funding_active_month_share": 1.0,
        "development_price_months": 36,
        "latest_required": false,
        "latest_present": true,
        "rows": 2343,
        "timestamp_min": "2020-01-31T00:00:00+00:00",
        "timestamp_max": "2026-06-30T00:00:00+00:00",
        "passed": true
      },
      "LTCUSDT": {
        "first_price_month": "2020-01",
        "last_price_month": "2026-06",
        "active_month_count": 78,
        "price_active_month_share": 1.0,
        "funding_active_month_share": 1.0,
        "development_price_months": 36,
        "latest_required": false,
        "latest_present": true,
        "rows": 2360,
        "timestamp_min": "2020-01-09T00:00:00+00:00",
        "timestamp_max": "2026-06-30T00:00:00+00:00",
        "passed": true
      },
      "BCHUSDT": {
        "first_price_month": "2020-01",
        "last_price_month": "2026-06",
        "active_month_count": 78,
        "price_active_month_share": 1.0,
        "funding_active_month_share": 1.0,
        "development_price_months": 36,
        "latest_required": false,
        "latest_present": true,
        "rows": 2373,
        "timestamp_min": "2020-01-01T00:00:00+00:00",
        "timestamp_max": "2026-06-30T00:00:00+00:00",
        "passed": true
      },
      "EOSUSDT": {
        "first_price_month": "2020-01",
        "last_price_month": "2025-05",
        "active_month_count": 65,
        "price_active_month_share": 1.0,
        "funding_active_month_share": 1.0,
        "development_price_months": 36,
        "latest_required": false,
        "latest_present": false,
        "rows": 1961,
        "timestamp_min": "2020-01-08T00:00:00+00:00",
        "timestamp_max": "2025-05-21T00:00:00+00:00",
        "passed": true
      },
      "DOGEUSDT": {
        "first_price_month": "2020-07",
        "last_price_month": "2026-06",
        "active_month_count": 72,
        "price_active_month_share": 1.0,
        "funding_active_month_share": 1.0,
        "development_price_months": 36,
        "latest_required": false,
        "latest_present": true,
        "rows": 2182,
        "timestamp_min": "2020-07-10T00:00:00+00:00",
        "timestamp_max": "2026-06-30T00:00:00+00:00",
        "passed": true
      },
      "LINKUSDT": {
        "first_price_month": "2020-01",
        "last_price_month": "2026-06",
        "active_month_count": 78,
        "price_active_month_share": 1.0,
        "funding_active_month_share": 1.0,
        "development_price_months": 36,
        "latest_required": false,
        "latest_present": true,
        "rows": 2357,
        "timestamp_min": "2020-01-17T00:00:00+00:00",
        "timestamp_max": "2026-06-30T00:00:00+00:00",
        "passed": true
      },
      "DOTUSDT": {
        "first_price_month": "2020-08",
        "last_price_month": "2026-06",
        "active_month_count": 71,
        "price_active_month_share": 1.0,
        "funding_active_month_share": 1.0,
        "development_price_months": 36,
        "latest_required": false,
        "latest_present": true,
        "rows": 2139,
        "timestamp_min": "2020-08-22T00:00:00+00:00",
        "timestamp_max": "2026-06-30T00:00:00+00:00",
        "passed": true
      },
      "TRXUSDT": {
        "first_price_month": "2020-01",
        "last_price_month": "2026-06",
        "active_month_count": 78,
        "price_active_month_share": 1.0,
        "funding_active_month_share": 1.0,
        "development_price_months": 36,
        "latest_required": false,
        "latest_present": true,
        "rows": 2354,
        "timestamp_min": "2020-01-15T00:00:00+00:00",
        "timestamp_max": "2026-06-30T00:00:00+00:00",
        "passed": true
      },
      "SOLUSDT": {
        "first_price_month": "2020-09",
        "last_price_month": "2026-06",
        "active_month_count": 70,
        "price_active_month_share": 1.0,
        "funding_active_month_share": 1.0,
        "development_price_months": 36,
        "latest_required": false,
        "latest_present": true,
        "rows": 2111,
        "timestamp_min": "2020-09-14T00:00:00+00:00",
        "timestamp_max": "2026-06-30T00:00:00+00:00",
        "passed": true
      }
    },
    "passed": true,
    "survivor_replacement_permitted": false
  },
  "development_metrics": {
    "total_return": 0.11495260388724127,
    "cagr": 0.03699582777247179,
    "max_drawdown": -0.09077106348512898,
    "sharpe": 0.5536983198324141,
    "annual_turnover": 1.345235991029761,
    "average_gross": 0.2644406528890183,
    "max_gross": 0.7008447410098152,
    "costs": 128.6495435017013,
    "funding_pnl": 260.5062711899063,
    "rebalance_events": 20,
    "forced_exits": 1
  },
  "development_diagnostics": {
    "asset_pnl": {
      "ADAUSDT": 0.0,
      "BCHUSDT": 448.9350640098912,
      "BNBUSDT": 308.69050624418975,
      "BTCUSDT": -233.6250816208853,
      "DOGEUSDT": 966.8011636315485,
      "DOTUSDT": -72.39789217320613,
      "EOSUSDT": 50.26234932675084,
      "ETHUSDT": -576.3439638504259,
      "LINKUSDT": 424.6199663398732,
      "LTCUSDT": -69.92403878906336,
      "SOLUSDT": 0.0,
      "TRXUSDT": -97.49203424627649,
      "XRPUSDT": 0.0
    },
    "long_leg_pnl": 1959.4950843437055,
    "short_leg_pnl": -809.96904547131,
    "symbols_traded": [
      "BCHUSDT",
      "BNBUSDT",
      "BTCUSDT",
      "DOGEUSDT",
      "DOTUSDT",
      "EOSUSDT",
      "ETHUSDT",
      "LINKUSDT",
      "LTCUSDT",
      "TRXUSDT"
    ],
    "symbol_count_traded": 10,
    "forced_exit_count": 1,
    "rebalance_events": 20,
    "top_positive_asset_pnl_share": 0.43959313668462136
  },
  "development_beta": {
    "beta": -0.006760856826481193,
    "correlation": -0.06934936277381673,
    "observations": 1094
  },
  "target_beta_diagnostics": {
    "mean_abs_target_beta": 0.010629025871636675,
    "max_abs_target_beta": 0.09349778903137215
  },
  "development_gate_results": {
    "cagr": false,
    "sharpe": false,
    "max_drawdown": true,
    "rebalance_events": true,
    "annual_turnover": true,
    "max_realized_gross": false,
    "all_development_years_positive": false,
    "net_long_side_pnl_positive": true,
    "symbols_traded": true,
    "concentration": false,
    "realized_beta": true
  },
  "limitations": [
    "Program-level OOS is not pristine.",
    "Public daily archives are not executable bid/ask or queue observations.",
    "The fixed universe includes delisted assets; forced exits carry a 100 bps penalty.",
    "The BTC/ETH hedge is estimated from rolling daily beta and cannot guarantee intraday neutrality.",
    "A historical pass can authorize only paper-forward monitoring after 27 July 2026."
  ]
}
